#! /usr/bin/vvp
:ivl_version "12.0 (stable)";
:ivl_delay_selection "TYPICAL";
:vpi_time_precision - 12;
:vpi_module "/usr/lib/x86_64-linux-gnu/ivl/system.vpi";
:vpi_module "/usr/lib/x86_64-linux-gnu/ivl/vhdl_sys.vpi";
:vpi_module "/usr/lib/x86_64-linux-gnu/ivl/vhdl_textio.vpi";
:vpi_module "/usr/lib/x86_64-linux-gnu/ivl/v2005_math.vpi";
:vpi_module "/usr/lib/x86_64-linux-gnu/ivl/va_math.vpi";
:vpi_module "/usr/lib/x86_64-linux-gnu/ivl/v2009.vpi";
S_0x60f47a1dee90 .scope package, "$unit" "$unit" 2 1;
 .timescale 0 0;
S_0x60f47a1df020 .scope module, "Div_TOP_TB" "Div_TOP_TB" 3 3;
 .timescale -9 -12;
P_0x60f47a233660 .param/real "DUTY_CYCLE" 0 3 39, Cr<m4000000000000000gfc1>; value=0.500000
P_0x60f47a2336a0 .param/l "PERIOD" 0 3 38, +C4<00000000000000000000000000010100>;
v0x60f47a254dd0_0 .net "A", 32 0, v0x60f47a250a60_0;  1 drivers
v0x60f47a254eb0_0 .var "Min", 31 0;
v0x60f47a254f70_0 .net "Q", 31 0, v0x60f47a2526b0_0;  1 drivers
v0x60f47a255010_0 .var "Qin", 31 0;
v0x60f47a255120_0 .var "clk", 0 0;
v0x60f47a255210_0 .net "done", 0 0, v0x60f47a2170b0_0;  1 drivers
v0x60f47a255300_0 .var "init", 0 0;
v0x60f47a2553a0_0 .var "rst", 0 0;
E_0x60f47a1df800 .event anyedge, v0x60f47a2170b0_0;
E_0x60f47a1df9c0 .event posedge, v0x60f47a216fe0_0;
S_0x60f47a1de180 .scope module, "uut" "Div_TOP" 3 20, 4 1 0, S_0x60f47a1df020;
 .timescale -9 -12;
    .port_info 0 /INPUT 1 "clk";
    .port_info 1 /INPUT 1 "rst";
    .port_info 2 /INPUT 1 "init";
    .port_info 3 /INPUT 32 "Qin";
    .port_info 4 /INPUT 32 "Min";
    .port_info 5 /OUTPUT 32 "Q";
    .port_info 6 /OUTPUT 33 "A";
    .port_info 7 /OUTPUT 1 "done";
v0x60f47a253710_0 .net "A", 32 0, v0x60f47a250a60_0;  alias, 1 drivers
v0x60f47a253880_0 .net "A_ALU", 32 0, v0x60f47a228080_0;  1 drivers
v0x60f47a253940_0 .net "A_shift", 32 0, L_0x60f47a25e5f0;  1 drivers
v0x60f47a253a30_0 .net "A_temp", 32 0, L_0x60f47a25e7b0;  1 drivers
v0x60f47a253b40_0 .net "CONTROL", 0 0, L_0x60f47a25eb80;  1 drivers
v0x60f47a253c30_0 .net "DONE", 0 0, L_0x60f47a25ec40;  1 drivers
v0x60f47a253d20_0 .net "M", 32 0, v0x60f47a251f90_0;  1 drivers
v0x60f47a253e30_0 .net "MODE", 1 0, v0x60f47a218ef0_0;  1 drivers
v0x60f47a253f40_0 .net "Min", 31 0, v0x60f47a254eb0_0;  1 drivers
v0x60f47a254090_0 .net "Q", 31 0, v0x60f47a2526b0_0;  alias, 1 drivers
v0x60f47a254130_0 .net "Q_shift", 31 0, L_0x60f47a25e710;  1 drivers
v0x60f47a254240_0 .net "Q_temp", 31 0, L_0x60f47a25eac0;  1 drivers
v0x60f47a254350_0 .net "Qin", 31 0, v0x60f47a255010_0;  1 drivers
v0x60f47a254410_0 .net "SEL_A", 0 0, v0x60f47a218fc0_0;  1 drivers
v0x60f47a254500_0 .net "clk", 0 0, v0x60f47a255120_0;  1 drivers
v0x60f47a2545a0_0 .net "done", 0 0, v0x60f47a2170b0_0;  alias, 1 drivers
v0x60f47a254640_0 .net "i", 5 0, v0x60f47a251830_0;  1 drivers
v0x60f47a2546e0_0 .net "i_temp", 5 0, L_0x60f47a25ed70;  1 drivers
v0x60f47a2547d0_0 .net "init", 0 0, v0x60f47a255300_0;  1 drivers
v0x60f47a254870_0 .net "load_A", 0 0, v0x60f47a24f410_0;  1 drivers
v0x60f47a254910_0 .net "load_M", 0 0, v0x60f47a24f4d0_0;  1 drivers
v0x60f47a254a00_0 .net "load_Q", 0 0, v0x60f47a24f590_0;  1 drivers
v0x60f47a254af0_0 .net "load_i", 0 0, v0x60f47a24f650_0;  1 drivers
v0x60f47a254be0_0 .net "rst", 0 0, v0x60f47a2553a0_0;  1 drivers
S_0x60f47a1e7020 .scope module, "ALU0" "ALU" 4 132, 5 1 0, S_0x60f47a1de180;
 .timescale -9 -12;
    .port_info 0 /INPUT 33 "A";
    .port_info 1 /INPUT 33 "M";
    .port_info 2 /INPUT 2 "MODE";
    .port_info 3 /OUTPUT 33 "A_ALU";
v0x60f47a227f80_0 .net "A", 32 0, v0x60f47a250a60_0;  alias, 1 drivers
v0x60f47a228080_0 .var "A_ALU", 32 0;
v0x60f47a2289b0_0 .net "M", 32 0, v0x60f47a251f90_0;  alias, 1 drivers
v0x60f47a228a80_0 .net "MODE", 1 0, v0x60f47a218ef0_0;  alias, 1 drivers
E_0x60f47a1df840 .event anyedge, v0x60f47a228a80_0, v0x60f47a227f80_0, v0x60f47a2289b0_0;
S_0x60f47a24e310 .scope module, "CHKA" "Check_A" 4 166, 6 1 0, S_0x60f47a1de180;
 .timescale -9 -12;
    .port_info 0 /INPUT 33 "A";
    .port_info 1 /OUTPUT 1 "CONTROL";
v0x60f47a226b00_0 .net "A", 32 0, v0x60f47a250a60_0;  alias, 1 drivers
v0x60f47a226ba0_0 .net "CONTROL", 0 0, L_0x60f47a25eb80;  alias, 1 drivers
L_0x60f47a25eb80 .part v0x60f47a250a60_0, 32, 1;
S_0x60f47a24e5b0 .scope module, "CHKI" "Check_i" 4 175, 7 1 0, S_0x60f47a1de180;
 .timescale -9 -12;
    .port_info 0 /INPUT 6 "i";
    .port_info 1 /OUTPUT 1 "DONE";
v0x60f47a223db0_0 .net "DONE", 0 0, L_0x60f47a25ec40;  alias, 1 drivers
L_0x701fbfc60060 .functor BUFT 1, C4<000000>, C4<0>, C4<0>, C4<0>;
v0x60f47a217b30_0 .net/2u *"_ivl_0", 5 0, L_0x701fbfc60060;  1 drivers
v0x60f47a217c30_0 .net "i", 5 0, v0x60f47a251830_0;  alias, 1 drivers
L_0x60f47a25ec40 .cmp/eq 6, v0x60f47a251830_0, L_0x701fbfc60060;
S_0x60f47a24e870 .scope module, "CTRL" "Control_div" 4 193, 8 1 0, S_0x60f47a1de180;
 .timescale -9 -12;
    .port_info 0 /INPUT 1 "clk";
    .port_info 1 /INPUT 1 "rst";
    .port_info 2 /INPUT 1 "init";
    .port_info 3 /INPUT 1 "CONTROL";
    .port_info 4 /INPUT 1 "DONE";
    .port_info 5 /OUTPUT 1 "SEL_A";
    .port_info 6 /OUTPUT 1 "load_A";
    .port_info 7 /OUTPUT 1 "load_Q";
    .port_info 8 /OUTPUT 1 "load_M";
    .port_info 9 /OUTPUT 1 "load_i";
    .port_info 10 /OUTPUT 2 "MODE";
    .port_info 11 /OUTPUT 1 "done";
P_0x60f47a24ea50 .param/l "S_CHK_A" 0 8 44, C4<0100>;
P_0x60f47a24ea90 .param/l "S_CHK_i" 0 8 47, C4<1000>;
P_0x60f47a24ead0 .param/l "S_CONC_SHT" 0 8 42, C4<0010>;
P_0x60f47a24eb10 .param/l "S_CONTROL0" 0 8 45, C4<0101>;
P_0x60f47a24eb50 .param/l "S_CONTROL1" 0 8 46, C4<0110>;
P_0x60f47a24eb90 .param/l "S_DONE" 0 8 48, C4<1001>;
P_0x60f47a24ebd0 .param/l "S_INIT" 0 8 40, C4<0000>;
P_0x60f47a24ec10 .param/l "S_LOAD" 0 8 41, C4<0001>;
P_0x60f47a24ec50 .param/l "S_REST" 0 8 43, C4<0011>;
v0x60f47a2184c0_0 .net "CONTROL", 0 0, L_0x60f47a25eb80;  alias, 1 drivers
v0x60f47a2185c0_0 .net "DONE", 0 0, L_0x60f47a25ec40;  alias, 1 drivers
v0x60f47a218ef0_0 .var "MODE", 1 0;
v0x60f47a218fc0_0 .var "SEL_A", 0 0;
v0x60f47a216fe0_0 .net "clk", 0 0, v0x60f47a255120_0;  alias, 1 drivers
v0x60f47a2170b0_0 .var "done", 0 0;
v0x60f47a24f270_0 .var "done_count", 3 0;
v0x60f47a24f350_0 .net "init", 0 0, v0x60f47a255300_0;  alias, 1 drivers
v0x60f47a24f410_0 .var "load_A", 0 0;
v0x60f47a24f4d0_0 .var "load_M", 0 0;
v0x60f47a24f590_0 .var "load_Q", 0 0;
v0x60f47a24f650_0 .var "load_i", 0 0;
v0x60f47a24f710_0 .var "next_state", 3 0;
v0x60f47a24f7f0_0 .net "rst", 0 0, v0x60f47a2553a0_0;  alias, 1 drivers
v0x60f47a24f8b0_0 .var "state", 3 0;
E_0x60f47a1e1100 .event anyedge, v0x60f47a24f8b0_0;
E_0x60f47a1e0bd0/0 .event anyedge, v0x60f47a24f8b0_0, v0x60f47a24f350_0, v0x60f47a226ba0_0, v0x60f47a223db0_0;
E_0x60f47a1e0bd0/1 .event anyedge, v0x60f47a24f270_0;
E_0x60f47a1e0bd0 .event/or E_0x60f47a1e0bd0/0, E_0x60f47a1e0bd0/1;
E_0x60f47a1e0e60 .event posedge, v0x60f47a24f7f0_0, v0x60f47a216fe0_0;
S_0x60f47a24fb10 .scope module, "MUXA" "MUX_A" 4 144, 9 1 0, S_0x60f47a1de180;
 .timescale -9 -12;
    .port_info 0 /INPUT 33 "A_shift";
    .port_info 1 /INPUT 33 "A_ALU";
    .port_info 2 /INPUT 1 "SEL_A";
    .port_info 3 /OUTPUT 33 "A_temp";
v0x60f47a24fcf0_0 .net "A_ALU", 32 0, v0x60f47a228080_0;  alias, 1 drivers
v0x60f47a24fdd0_0 .net "A_shift", 32 0, L_0x60f47a25e5f0;  alias, 1 drivers
v0x60f47a24fe90_0 .net "A_temp", 32 0, L_0x60f47a25e7b0;  alias, 1 drivers
v0x60f47a24ff50_0 .net "SEL_A", 0 0, v0x60f47a218fc0_0;  alias, 1 drivers
L_0x60f47a25e7b0 .functor MUXZ 33, L_0x60f47a25e5f0, v0x60f47a228080_0, v0x60f47a218fc0_0, C4<>;
S_0x60f47a250050 .scope module, "MUXQ" "MUX_Q" 4 156, 10 1 0, S_0x60f47a1de180;
 .timescale -9 -12;
    .port_info 0 /INPUT 32 "Q_shift";
    .port_info 1 /INPUT 1 "CONTROL";
    .port_info 2 /OUTPUT 32 "Q_temp";
L_0x60f47a218dd0 .functor NOT 1, L_0x60f47a25eb80, C4<0>, C4<0>, C4<0>;
v0x60f47a2502a0_0 .net "CONTROL", 0 0, L_0x60f47a25eb80;  alias, 1 drivers
v0x60f47a2503b0_0 .net "Q_shift", 31 0, L_0x60f47a25e710;  alias, 1 drivers
v0x60f47a250490_0 .net "Q_temp", 31 0, L_0x60f47a25eac0;  alias, 1 drivers
v0x60f47a250550_0 .net *"_ivl_1", 30 0, L_0x60f47a25e8e0;  1 drivers
v0x60f47a250630_0 .net *"_ivl_2", 0 0, L_0x60f47a218dd0;  1 drivers
L_0x60f47a25e8e0 .part L_0x60f47a25e710, 1, 31;
L_0x60f47a25eac0 .concat [ 1 31 0 0], L_0x60f47a218dd0, L_0x60f47a25e8e0;
S_0x60f47a2507e0 .scope module, "RA" "Reg_A" 4 58, 11 1 0, S_0x60f47a1de180;
 .timescale -9 -12;
    .port_info 0 /INPUT 1 "init";
    .port_info 1 /INPUT 1 "rst";
    .port_info 2 /INPUT 1 "clk";
    .port_info 3 /INPUT 1 "load_A";
    .port_info 4 /INPUT 33 "A_temp";
    .port_info 5 /OUTPUT 33 "A";
v0x60f47a250a60_0 .var "A", 32 0;
v0x60f47a250b70_0 .net "A_temp", 32 0, L_0x60f47a25e7b0;  alias, 1 drivers
v0x60f47a250c30_0 .net "clk", 0 0, v0x60f47a255120_0;  alias, 1 drivers
v0x60f47a250cd0_0 .net "init", 0 0, v0x60f47a255300_0;  alias, 1 drivers
v0x60f47a250da0_0 .net "load_A", 0 0, v0x60f47a24f410_0;  alias, 1 drivers
v0x60f47a250e90_0 .net "rst", 0 0, v0x60f47a2553a0_0;  alias, 1 drivers
S_0x60f47a250f60 .scope module, "RESTI" "Rest_i" 4 184, 12 1 0, S_0x60f47a1de180;
 .timescale -9 -12;
    .port_info 0 /OUTPUT 6 "i_temp";
    .port_info 1 /INPUT 6 "i";
L_0x701fbfc600a8 .functor BUFT 1, C4<000001>, C4<0>, C4<0>, C4<0>;
v0x60f47a251160_0 .net/2u *"_ivl_0", 5 0, L_0x701fbfc600a8;  1 drivers
v0x60f47a251260_0 .net "i", 5 0, v0x60f47a251830_0;  alias, 1 drivers
v0x60f47a251350_0 .net "i_temp", 5 0, L_0x60f47a25ed70;  alias, 1 drivers
L_0x60f47a25ed70 .arith/sub 6, v0x60f47a251830_0, L_0x701fbfc600a8;
S_0x60f47a251480 .scope module, "RI" "Div_Reg_i" 4 106, 13 1 0, S_0x60f47a1de180;
 .timescale -9 -12;
    .port_info 0 /INPUT 1 "rst";
    .port_info 1 /INPUT 1 "clk";
    .port_info 2 /INPUT 1 "load_i";
    .port_info 3 /INPUT 6 "i_temp";
    .port_info 4 /OUTPUT 6 "i";
    .port_info 5 /INPUT 1 "init";
v0x60f47a251790_0 .net "clk", 0 0, v0x60f47a255120_0;  alias, 1 drivers
v0x60f47a251830_0 .var "i", 5 0;
v0x60f47a251940_0 .net "i_temp", 5 0, L_0x60f47a25ed70;  alias, 1 drivers
v0x60f47a2519e0_0 .net "init", 0 0, v0x60f47a255300_0;  alias, 1 drivers
v0x60f47a251ad0_0 .net "load_i", 0 0, v0x60f47a24f650_0;  alias, 1 drivers
v0x60f47a251bc0_0 .net "rst", 0 0, v0x60f47a2553a0_0;  alias, 1 drivers
S_0x60f47a251d30 .scope module, "RM" "Reg_M" 4 92, 14 1 0, S_0x60f47a1de180;
 .timescale -9 -12;
    .port_info 0 /INPUT 1 "rst";
    .port_info 1 /INPUT 1 "clk";
    .port_info 2 /INPUT 1 "load_M";
    .port_info 3 /INPUT 32 "Min";
    .port_info 4 /OUTPUT 33 "M";
v0x60f47a251f90_0 .var "M", 32 0;
v0x60f47a252070_0 .net "Min", 31 0, v0x60f47a254eb0_0;  alias, 1 drivers
v0x60f47a252130_0 .net "clk", 0 0, v0x60f47a255120_0;  alias, 1 drivers
v0x60f47a252200_0 .net "load_M", 0 0, v0x60f47a24f4d0_0;  alias, 1 drivers
v0x60f47a2522d0_0 .net "rst", 0 0, v0x60f47a2553a0_0;  alias, 1 drivers
S_0x60f47a252420 .scope module, "RQ" "Reg_Q" 4 74, 15 1 0, S_0x60f47a1de180;
 .timescale -9 -12;
    .port_info 0 /INPUT 1 "rst";
    .port_info 1 /INPUT 1 "clk";
    .port_info 2 /INPUT 1 "init";
    .port_info 3 /INPUT 1 "load_Q";
    .port_info 4 /INPUT 32 "Qin";
    .port_info 5 /INPUT 32 "Q_temp";
    .port_info 6 /OUTPUT 32 "Q";
v0x60f47a2526b0_0 .var "Q", 31 0;
v0x60f47a2527b0_0 .net "Q_temp", 31 0, L_0x60f47a25eac0;  alias, 1 drivers
v0x60f47a252870_0 .net "Qin", 31 0, v0x60f47a255010_0;  alias, 1 drivers
v0x60f47a252940_0 .net "clk", 0 0, v0x60f47a255120_0;  alias, 1 drivers
v0x60f47a252a70_0 .net "init", 0 0, v0x60f47a255300_0;  alias, 1 drivers
v0x60f47a252b10_0 .net "load_Q", 0 0, v0x60f47a24f590_0;  alias, 1 drivers
v0x60f47a252bb0_0 .net "rst", 0 0, v0x60f47a2553a0_0;  alias, 1 drivers
S_0x60f47a252da0 .scope module, "SHIFT" "Shift_AQ" 4 121, 16 1 0, S_0x60f47a1de180;
 .timescale -9 -12;
    .port_info 0 /INPUT 33 "A";
    .port_info 1 /INPUT 32 "Q";
    .port_info 2 /OUTPUT 33 "A_shift";
    .port_info 3 /OUTPUT 32 "Q_shift";
v0x60f47a252f60_0 .net "A", 32 0, v0x60f47a250a60_0;  alias, 1 drivers
v0x60f47a253040_0 .net "AQ_shift", 64 0, L_0x60f47a25e500;  1 drivers
v0x60f47a253120_0 .net "A_shift", 32 0, L_0x60f47a25e5f0;  alias, 1 drivers
v0x60f47a253220_0 .net "Q", 31 0, v0x60f47a2526b0_0;  alias, 1 drivers
v0x60f47a2532f0_0 .net "Q_shift", 31 0, L_0x60f47a25e710;  alias, 1 drivers
v0x60f47a2533e0_0 .net *"_ivl_0", 64 0, L_0x60f47a25e3a0;  1 drivers
v0x60f47a2534a0_0 .net *"_ivl_4", 63 0, L_0x60f47a25e460;  1 drivers
L_0x701fbfc60018 .functor BUFT 1, C4<0>, C4<0>, C4<0>, C4<0>;
v0x60f47a253580_0 .net *"_ivl_6", 0 0, L_0x701fbfc60018;  1 drivers
L_0x60f47a25e3a0 .concat [ 32 33 0 0], v0x60f47a2526b0_0, v0x60f47a250a60_0;
L_0x60f47a25e460 .part L_0x60f47a25e3a0, 0, 64;
L_0x60f47a25e500 .concat [ 1 64 0 0], L_0x701fbfc60018, L_0x60f47a25e460;
L_0x60f47a25e5f0 .part L_0x60f47a25e500, 32, 33;
L_0x60f47a25e710 .part L_0x60f47a25e500, 0, 32;
S_0x60f47a1ddfa0 .scope module, "peripheral_div" "peripheral_div" 17 1;
 .timescale -9 -12;
    .port_info 0 /INPUT 1 "clk";
    .port_info 1 /INPUT 1 "reset";
    .port_info 2 /INPUT 32 "d_in";
    .port_info 3 /INPUT 1 "cs";
    .port_info 4 /INPUT 5 "addr";
    .port_info 5 /INPUT 1 "rd";
    .port_info 6 /INPUT 1 "wr";
    .port_info 7 /OUTPUT 32 "d_out";
v0x60f47a25d330_0 .net "A", 32 0, v0x60f47a258e40_0;  1 drivers
v0x60f47a25d410_0 .var "DONE_reg", 0 0;
v0x60f47a25d4d0_0 .var "Min", 31 0;
v0x60f47a25d570_0 .net "Q", 31 0, v0x60f47a25aac0_0;  1 drivers
v0x60f47a25d630_0 .var "Q_reg", 31 0;
v0x60f47a25d760_0 .var "Qin", 31 0;
o0x701fbfcab5f8 .functor BUFZ 5, C4<zzzzz>; HiZ drive
v0x60f47a25d870_0 .net "addr", 4 0, o0x701fbfcab5f8;  0 drivers
o0x701fbfcaa608 .functor BUFZ 1, C4<z>; HiZ drive
v0x60f47a25d950_0 .net "clk", 0 0, o0x701fbfcaa608;  0 drivers
o0x701fbfcab628 .functor BUFZ 1, C4<z>; HiZ drive
v0x60f47a25d9f0_0 .net "cs", 0 0, o0x701fbfcab628;  0 drivers
o0x701fbfcab658 .functor BUFZ 32, C4<zzzzzzzzzzzzzzzzzzzzzzzzzzzzzzzz>; HiZ drive
v0x60f47a25db40_0 .net "d_in", 31 0, o0x701fbfcab658;  0 drivers
v0x60f47a25dc20_0 .var "d_out", 31 0;
v0x60f47a25dd00_0 .net "done", 0 0, v0x60f47a2574e0_0;  1 drivers
v0x60f47a25dda0_0 .var "init", 0 0;
o0x701fbfcab6b8 .functor BUFZ 1, C4<z>; HiZ drive
v0x60f47a25de40_0 .net "rd", 0 0, o0x701fbfcab6b8;  0 drivers
o0x701fbfcaa7b8 .functor BUFZ 1, C4<z>; HiZ drive
v0x60f47a25df00_0 .net "reset", 0 0, o0x701fbfcaa7b8;  0 drivers
v0x60f47a25dfa0_0 .var "s", 5 0;
o0x701fbfcab718 .functor BUFZ 1, C4<z>; HiZ drive
v0x60f47a25e080_0 .net "wr", 0 0, o0x701fbfcab718;  0 drivers
E_0x60f47a1e0c10 .event posedge, v0x60f47a2573f0_0;
E_0x60f47a235f80 .event anyedge, v0x60f47a25d9f0_0, v0x60f47a25d870_0;
S_0x60f47a2554a0 .scope module, "div32" "Div_TOP" 17 120, 4 1 0, S_0x60f47a1ddfa0;
 .timescale -9 -12;
    .port_info 0 /INPUT 1 "clk";
    .port_info 1 /INPUT 1 "rst";
    .port_info 2 /INPUT 1 "init";
    .port_info 3 /INPUT 32 "Qin";
    .port_info 4 /INPUT 32 "Min";
    .port_info 5 /OUTPUT 32 "Q";
    .port_info 6 /OUTPUT 33 "A";
    .port_info 7 /OUTPUT 1 "done";
v0x60f47a25bb60_0 .net "A", 32 0, v0x60f47a258e40_0;  alias, 1 drivers
v0x60f47a25bcd0_0 .net "A_ALU", 32 0, v0x60f47a255b00_0;  1 drivers
v0x60f47a25bd90_0 .net "A_shift", 32 0, L_0x60f47a25f120;  1 drivers
v0x60f47a25be80_0 .net "A_temp", 32 0, L_0x60f47a25f2e0;  1 drivers
v0x60f47a25bf90_0 .net "CONTROL", 0 0, L_0x60f47a25f690;  1 drivers
v0x60f47a25c080_0 .net "DONE", 0 0, L_0x60f47a25f750;  1 drivers
v0x60f47a25c170_0 .net "M", 32 0, v0x60f47a25a3a0_0;  1 drivers
v0x60f47a25c280_0 .net "MODE", 1 0, v0x60f47a2572b0_0;  1 drivers
v0x60f47a25c390_0 .net "Min", 31 0, v0x60f47a25d4d0_0;  1 drivers
v0x60f47a25c4e0_0 .net "Q", 31 0, v0x60f47a25aac0_0;  alias, 1 drivers
v0x60f47a25c580_0 .net "Q_shift", 31 0, L_0x60f47a25f240;  1 drivers
v0x60f47a25c690_0 .net "Q_temp", 31 0, L_0x60f47a25f5d0;  1 drivers
v0x60f47a25c7a0_0 .net "Qin", 31 0, v0x60f47a25d760_0;  1 drivers
v0x60f47a25c860_0 .net "SEL_A", 0 0, v0x60f47a257350_0;  1 drivers
v0x60f47a25c950_0 .net "clk", 0 0, o0x701fbfcaa608;  alias, 0 drivers
v0x60f47a25c9f0_0 .net "done", 0 0, v0x60f47a2574e0_0;  alias, 1 drivers
v0x60f47a25ca90_0 .net "i", 5 0, v0x60f47a259c00_0;  1 drivers
v0x60f47a25cc40_0 .net "i_temp", 5 0, L_0x60f47a25f880;  1 drivers
v0x60f47a25cd30_0 .net "init", 0 0, v0x60f47a25dda0_0;  1 drivers
v0x60f47a25cdd0_0 .net "load_A", 0 0, v0x60f47a257720_0;  1 drivers
v0x60f47a25ce70_0 .net "load_M", 0 0, v0x60f47a257870_0;  1 drivers
v0x60f47a25cf60_0 .net "load_Q", 0 0, v0x60f47a257930_0;  1 drivers
v0x60f47a25d050_0 .net "load_i", 0 0, v0x60f47a2579f0_0;  1 drivers
v0x60f47a25d140_0 .net "rst", 0 0, o0x701fbfcaa7b8;  alias, 0 drivers
S_0x60f47a2557c0 .scope module, "ALU0" "ALU" 4 132, 5 1 0, S_0x60f47a2554a0;
 .timescale -9 -12;
    .port_info 0 /INPUT 33 "A";
    .port_info 1 /INPUT 33 "M";
    .port_info 2 /INPUT 2 "MODE";
    .port_info 3 /OUTPUT 33 "A_ALU";
v0x60f47a255a00_0 .net "A", 32 0, v0x60f47a258e40_0;  alias, 1 drivers
v0x60f47a255b00_0 .var "A_ALU", 32 0;
v0x60f47a255be0_0 .net "M", 32 0, v0x60f47a25a3a0_0;  alias, 1 drivers
v0x60f47a255ca0_0 .net "MODE", 1 0, v0x60f47a2572b0_0;  alias, 1 drivers
E_0x60f47a235b70 .event anyedge, v0x60f47a255ca0_0, v0x60f47a255a00_0, v0x60f47a255be0_0;
S_0x60f47a255e00 .scope module, "CHKA" "Check_A" 4 166, 6 1 0, S_0x60f47a2554a0;
 .timescale -9 -12;
    .port_info 0 /INPUT 33 "A";
    .port_info 1 /OUTPUT 1 "CONTROL";
v0x60f47a256040_0 .net "A", 32 0, v0x60f47a258e40_0;  alias, 1 drivers
v0x60f47a256120_0 .net "CONTROL", 0 0, L_0x60f47a25f690;  alias, 1 drivers
L_0x60f47a25f690 .part v0x60f47a258e40_0, 32, 1;
S_0x60f47a256220 .scope module, "CHKI" "Check_i" 4 175, 7 1 0, S_0x60f47a2554a0;
 .timescale -9 -12;
    .port_info 0 /INPUT 6 "i";
    .port_info 1 /OUTPUT 1 "DONE";
v0x60f47a256440_0 .net "DONE", 0 0, L_0x60f47a25f750;  alias, 1 drivers
L_0x701fbfc60138 .functor BUFT 1, C4<000000>, C4<0>, C4<0>, C4<0>;
v0x60f47a256500_0 .net/2u *"_ivl_0", 5 0, L_0x701fbfc60138;  1 drivers
v0x60f47a2565e0_0 .net "i", 5 0, v0x60f47a259c00_0;  alias, 1 drivers
L_0x60f47a25f750 .cmp/eq 6, v0x60f47a259c00_0, L_0x701fbfc60138;
S_0x60f47a256700 .scope module, "CTRL" "Control_div" 4 193, 8 1 0, S_0x60f47a2554a0;
 .timescale -9 -12;
    .port_info 0 /INPUT 1 "clk";
    .port_info 1 /INPUT 1 "rst";
    .port_info 2 /INPUT 1 "init";
    .port_info 3 /INPUT 1 "CONTROL";
    .port_info 4 /INPUT 1 "DONE";
    .port_info 5 /OUTPUT 1 "SEL_A";
    .port_info 6 /OUTPUT 1 "load_A";
    .port_info 7 /OUTPUT 1 "load_Q";
    .port_info 8 /OUTPUT 1 "load_M";
    .port_info 9 /OUTPUT 1 "load_i";
    .port_info 10 /OUTPUT 2 "MODE";
    .port_info 11 /OUTPUT 1 "done";
P_0x60f47a2568e0 .param/l "S_CHK_A" 0 8 44, C4<0100>;
P_0x60f47a256920 .param/l "S_CHK_i" 0 8 47, C4<1000>;
P_0x60f47a256960 .param/l "S_CONC_SHT" 0 8 42, C4<0010>;
P_0x60f47a2569a0 .param/l "S_CONTROL0" 0 8 45, C4<0101>;
P_0x60f47a2569e0 .param/l "S_CONTROL1" 0 8 46, C4<0110>;
P_0x60f47a256a20 .param/l "S_DONE" 0 8 48, C4<1001>;
P_0x60f47a256a60 .param/l "S_INIT" 0 8 40, C4<0000>;
P_0x60f47a256aa0 .param/l "S_LOAD" 0 8 41, C4<0001>;
P_0x60f47a256ae0 .param/l "S_REST" 0 8 43, C4<0011>;
v0x60f47a257150_0 .net "CONTROL", 0 0, L_0x60f47a25f690;  alias, 1 drivers
v0x60f47a257210_0 .net "DONE", 0 0, L_0x60f47a25f750;  alias, 1 drivers
v0x60f47a2572b0_0 .var "MODE", 1 0;
v0x60f47a257350_0 .var "SEL_A", 0 0;
v0x60f47a2573f0_0 .net "clk", 0 0, o0x701fbfcaa608;  alias, 0 drivers
v0x60f47a2574e0_0 .var "done", 0 0;
v0x60f47a257580_0 .var "done_count", 3 0;
v0x60f47a257660_0 .net "init", 0 0, v0x60f47a25dda0_0;  alias, 1 drivers
v0x60f47a257720_0 .var "load_A", 0 0;
v0x60f47a257870_0 .var "load_M", 0 0;
v0x60f47a257930_0 .var "load_Q", 0 0;
v0x60f47a2579f0_0 .var "load_i", 0 0;
v0x60f47a257ab0_0 .var "next_state", 3 0;
v0x60f47a257b90_0 .net "rst", 0 0, o0x701fbfcaa7b8;  alias, 0 drivers
v0x60f47a257c50_0 .var "state", 3 0;
E_0x60f47a257050 .event anyedge, v0x60f47a257c50_0;
E_0x60f47a2570b0/0 .event anyedge, v0x60f47a257c50_0, v0x60f47a257660_0, v0x60f47a256120_0, v0x60f47a256440_0;
E_0x60f47a2570b0/1 .event anyedge, v0x60f47a257580_0;
E_0x60f47a2570b0 .event/or E_0x60f47a2570b0/0, E_0x60f47a2570b0/1;
E_0x60f47a2570f0 .event posedge, v0x60f47a257b90_0, v0x60f47a2573f0_0;
S_0x60f47a257eb0 .scope module, "MUXA" "MUX_A" 4 144, 9 1 0, S_0x60f47a2554a0;
 .timescale -9 -12;
    .port_info 0 /INPUT 33 "A_shift";
    .port_info 1 /INPUT 33 "A_ALU";
    .port_info 2 /INPUT 1 "SEL_A";
    .port_info 3 /OUTPUT 33 "A_temp";
v0x60f47a258090_0 .net "A_ALU", 32 0, v0x60f47a255b00_0;  alias, 1 drivers
v0x60f47a258170_0 .net "A_shift", 32 0, L_0x60f47a25f120;  alias, 1 drivers
v0x60f47a258230_0 .net "A_temp", 32 0, L_0x60f47a25f2e0;  alias, 1 drivers
v0x60f47a2582f0_0 .net "SEL_A", 0 0, v0x60f47a257350_0;  alias, 1 drivers
L_0x60f47a25f2e0 .functor MUXZ 33, L_0x60f47a25f120, v0x60f47a255b00_0, v0x60f47a257350_0, C4<>;
S_0x60f47a2583f0 .scope module, "MUXQ" "MUX_Q" 4 156, 10 1 0, S_0x60f47a2554a0;
 .timescale -9 -12;
    .port_info 0 /INPUT 32 "Q_shift";
    .port_info 1 /INPUT 1 "CONTROL";
    .port_info 2 /OUTPUT 32 "Q_temp";
L_0x60f47a216ec0 .functor NOT 1, L_0x60f47a25f690, C4<0>, C4<0>, C4<0>;
v0x60f47a258640_0 .net "CONTROL", 0 0, L_0x60f47a25f690;  alias, 1 drivers
v0x60f47a258750_0 .net "Q_shift", 31 0, L_0x60f47a25f240;  alias, 1 drivers
v0x60f47a258830_0 .net "Q_temp", 31 0, L_0x60f47a25f5d0;  alias, 1 drivers
v0x60f47a2588f0_0 .net *"_ivl_1", 30 0, L_0x60f47a25f410;  1 drivers
v0x60f47a2589d0_0 .net *"_ivl_2", 0 0, L_0x60f47a216ec0;  1 drivers
L_0x60f47a25f410 .part L_0x60f47a25f240, 1, 31;
L_0x60f47a25f5d0 .concat [ 1 31 0 0], L_0x60f47a216ec0, L_0x60f47a25f410;
S_0x60f47a258b80 .scope module, "RA" "Reg_A" 4 58, 11 1 0, S_0x60f47a2554a0;
 .timescale -9 -12;
    .port_info 0 /INPUT 1 "init";
    .port_info 1 /INPUT 1 "rst";
    .port_info 2 /INPUT 1 "clk";
    .port_info 3 /INPUT 1 "load_A";
    .port_info 4 /INPUT 33 "A_temp";
    .port_info 5 /OUTPUT 33 "A";
v0x60f47a258e40_0 .var "A", 32 0;
v0x60f47a258f50_0 .net "A_temp", 32 0, L_0x60f47a25f2e0;  alias, 1 drivers
v0x60f47a259010_0 .net "clk", 0 0, o0x701fbfcaa608;  alias, 0 drivers
v0x60f47a2590b0_0 .net "init", 0 0, v0x60f47a25dda0_0;  alias, 1 drivers
v0x60f47a259150_0 .net "load_A", 0 0, v0x60f47a257720_0;  alias, 1 drivers
v0x60f47a259240_0 .net "rst", 0 0, o0x701fbfcaa7b8;  alias, 0 drivers
S_0x60f47a259320 .scope module, "RESTI" "Rest_i" 4 184, 12 1 0, S_0x60f47a2554a0;
 .timescale -9 -12;
    .port_info 0 /OUTPUT 6 "i_temp";
    .port_info 1 /INPUT 6 "i";
L_0x701fbfc60180 .functor BUFT 1, C4<000001>, C4<0>, C4<0>, C4<0>;
v0x60f47a259520_0 .net/2u *"_ivl_0", 5 0, L_0x701fbfc60180;  1 drivers
v0x60f47a259620_0 .net "i", 5 0, v0x60f47a259c00_0;  alias, 1 drivers
v0x60f47a2596e0_0 .net "i_temp", 5 0, L_0x60f47a25f880;  alias, 1 drivers
L_0x60f47a25f880 .arith/sub 6, v0x60f47a259c00_0, L_0x701fbfc60180;
S_0x60f47a259810 .scope module, "RI" "Div_Reg_i" 4 106, 13 1 0, S_0x60f47a2554a0;
 .timescale -9 -12;
    .port_info 0 /INPUT 1 "rst";
    .port_info 1 /INPUT 1 "clk";
    .port_info 2 /INPUT 1 "load_i";
    .port_info 3 /INPUT 6 "i_temp";
    .port_info 4 /OUTPUT 6 "i";
    .port_info 5 /INPUT 1 "init";
v0x60f47a259b60_0 .net "clk", 0 0, o0x701fbfcaa608;  alias, 0 drivers
v0x60f47a259c00_0 .var "i", 5 0;
v0x60f47a259d10_0 .net "i_temp", 5 0, L_0x60f47a25f880;  alias, 1 drivers
v0x60f47a259db0_0 .net "init", 0 0, v0x60f47a25dda0_0;  alias, 1 drivers
v0x60f47a259ea0_0 .net "load_i", 0 0, v0x60f47a2579f0_0;  alias, 1 drivers
v0x60f47a259f90_0 .net "rst", 0 0, o0x701fbfcaa7b8;  alias, 0 drivers
S_0x60f47a25a140 .scope module, "RM" "Reg_M" 4 92, 14 1 0, S_0x60f47a2554a0;
 .timescale -9 -12;
    .port_info 0 /INPUT 1 "rst";
    .port_info 1 /INPUT 1 "clk";
    .port_info 2 /INPUT 1 "load_M";
    .port_info 3 /INPUT 32 "Min";
    .port_info 4 /OUTPUT 33 "M";
v0x60f47a25a3a0_0 .var "M", 32 0;
v0x60f47a25a480_0 .net "Min", 31 0, v0x60f47a25d4d0_0;  alias, 1 drivers
v0x60f47a25a540_0 .net "clk", 0 0, o0x701fbfcaa608;  alias, 0 drivers
v0x60f47a25a610_0 .net "load_M", 0 0, v0x60f47a257870_0;  alias, 1 drivers
v0x60f47a25a6e0_0 .net "rst", 0 0, o0x701fbfcaa7b8;  alias, 0 drivers
S_0x60f47a25a830 .scope module, "RQ" "Reg_Q" 4 74, 15 1 0, S_0x60f47a2554a0;
 .timescale -9 -12;
    .port_info 0 /INPUT 1 "rst";
    .port_info 1 /INPUT 1 "clk";
    .port_info 2 /INPUT 1 "init";
    .port_info 3 /INPUT 1 "load_Q";
    .port_info 4 /INPUT 32 "Qin";
    .port_info 5 /INPUT 32 "Q_temp";
    .port_info 6 /OUTPUT 32 "Q";
v0x60f47a25aac0_0 .var "Q", 31 0;
v0x60f47a25abc0_0 .net "Q_temp", 31 0, L_0x60f47a25f5d0;  alias, 1 drivers
v0x60f47a25ac80_0 .net "Qin", 31 0, v0x60f47a25d760_0;  alias, 1 drivers
v0x60f47a25ad50_0 .net "clk", 0 0, o0x701fbfcaa608;  alias, 0 drivers
v0x60f47a25ae80_0 .net "init", 0 0, v0x60f47a25dda0_0;  alias, 1 drivers
v0x60f47a25af20_0 .net "load_Q", 0 0, v0x60f47a257930_0;  alias, 1 drivers
v0x60f47a25afc0_0 .net "rst", 0 0, o0x701fbfcaa7b8;  alias, 0 drivers
S_0x60f47a25b1f0 .scope module, "SHIFT" "Shift_AQ" 4 121, 16 1 0, S_0x60f47a2554a0;
 .timescale -9 -12;
    .port_info 0 /INPUT 33 "A";
    .port_info 1 /INPUT 32 "Q";
    .port_info 2 /OUTPUT 33 "A_shift";
    .port_info 3 /OUTPUT 32 "Q_shift";
v0x60f47a25b3b0_0 .net "A", 32 0, v0x60f47a258e40_0;  alias, 1 drivers
v0x60f47a25b490_0 .net "AQ_shift", 64 0, L_0x60f47a25efe0;  1 drivers
v0x60f47a25b570_0 .net "A_shift", 32 0, L_0x60f47a25f120;  alias, 1 drivers
v0x60f47a25b670_0 .net "Q", 31 0, v0x60f47a25aac0_0;  alias, 1 drivers
v0x60f47a25b740_0 .net "Q_shift", 31 0, L_0x60f47a25f240;  alias, 1 drivers
v0x60f47a25b830_0 .net *"_ivl_0", 64 0, L_0x60f47a25ee10;  1 drivers
v0x60f47a25b8f0_0 .net *"_ivl_4", 63 0, L_0x60f47a25ef40;  1 drivers
L_0x701fbfc600f0 .functor BUFT 1, C4<0>, C4<0>, C4<0>, C4<0>;
v0x60f47a25b9d0_0 .net *"_ivl_6", 0 0, L_0x701fbfc600f0;  1 drivers
L_0x60f47a25ee10 .concat [ 32 33 0 0], v0x60f47a25aac0_0, v0x60f47a258e40_0;
L_0x60f47a25ef40 .part L_0x60f47a25ee10, 0, 64;
L_0x60f47a25efe0 .concat [ 1 64 0 0], L_0x701fbfc600f0, L_0x60f47a25ef40;
L_0x60f47a25f120 .part L_0x60f47a25efe0, 32, 33;
L_0x60f47a25f240 .part L_0x60f47a25efe0, 0, 32;
    .scope S_0x60f47a2507e0;
T_0 ;
    %wait E_0x60f47a1e0e60;
    %load/vec4 v0x60f47a250e90_0;
    %flag_set/vec4 8;
    %jmp/0xz  T_0.0, 8;
    %pushi/vec4 0, 0, 33;
    %assign/vec4 v0x60f47a250a60_0, 0;
    %jmp T_0.1;
T_0.0 ;
    %load/vec4 v0x60f47a250cd0_0;
    %flag_set/vec4 8;
    %jmp/0xz  T_0.2, 8;
    %pushi/vec4 0, 0, 33;
    %assign/vec4 v0x60f47a250a60_0, 0;
    %jmp T_0.3;
T_0.2 ;
    %load/vec4 v0x60f47a250da0_0;
    %flag_set/vec4 8;
    %jmp/0xz  T_0.4, 8;
    %load/vec4 v0x60f47a250b70_0;
    %assign/vec4 v0x60f47a250a60_0, 0;
T_0.4 ;
T_0.3 ;
T_0.1 ;
    %jmp T_0;
    .thread T_0;
    .scope S_0x60f47a252420;
T_1 ;
    %wait E_0x60f47a1e0e60;
    %load/vec4 v0x60f47a252bb0_0;
    %flag_set/vec4 8;
    %jmp/0xz  T_1.0, 8;
    %pushi/vec4 0, 0, 32;
    %assign/vec4 v0x60f47a2526b0_0, 0;
    %jmp T_1.1;
T_1.0 ;
    %load/vec4 v0x60f47a252a70_0;
    %flag_set/vec4 8;
    %jmp/0xz  T_1.2, 8;
    %load/vec4 v0x60f47a252870_0;
    %assign/vec4 v0x60f47a2526b0_0, 0;
    %jmp T_1.3;
T_1.2 ;
    %load/vec4 v0x60f47a252b10_0;
    %flag_set/vec4 8;
    %jmp/0xz  T_1.4, 8;
    %load/vec4 v0x60f47a2527b0_0;
    %assign/vec4 v0x60f47a2526b0_0, 0;
T_1.4 ;
T_1.3 ;
T_1.1 ;
    %jmp T_1;
    .thread T_1;
    .scope S_0x60f47a251d30;
T_2 ;
    %wait E_0x60f47a1e0e60;
    %load/vec4 v0x60f47a2522d0_0;
    %flag_set/vec4 8;
    %jmp/0xz  T_2.0, 8;
    %pushi/vec4 0, 0, 33;
    %assign/vec4 v0x60f47a251f90_0, 0;
    %jmp T_2.1;
T_2.0 ;
    %load/vec4 v0x60f47a252200_0;
    %flag_set/vec4 8;
    %jmp/0xz  T_2.2, 8;
    %pushi/vec4 0, 0, 1;
    %load/vec4 v0x60f47a252070_0;
    %concat/vec4; draw_concat_vec4
    %assign/vec4 v0x60f47a251f90_0, 0;
T_2.2 ;
T_2.1 ;
    %jmp T_2;
    .thread T_2;
    .scope S_0x60f47a251480;
T_3 ;
    %wait E_0x60f47a1e0e60;
    %load/vec4 v0x60f47a251bc0_0;
    %flag_set/vec4 8;
    %jmp/0xz  T_3.0, 8;
    %pushi/vec4 0, 0, 6;
    %assign/vec4 v0x60f47a251830_0, 0;
    %jmp T_3.1;
T_3.0 ;
    %load/vec4 v0x60f47a2519e0_0;
    %flag_set/vec4 8;
    %jmp/0xz  T_3.2, 8;
    %pushi/vec4 32, 0, 6;
    %assign/vec4 v0x60f47a251830_0, 0;
    %jmp T_3.3;
T_3.2 ;
    %load/vec4 v0x60f47a251ad0_0;
    %flag_set/vec4 8;
    %jmp/0xz  T_3.4, 8;
    %load/vec4 v0x60f47a251940_0;
    %assign/vec4 v0x60f47a251830_0, 0;
T_3.4 ;
T_3.3 ;
T_3.1 ;
    %jmp T_3;
    .thread T_3;
    .scope S_0x60f47a1e7020;
T_4 ;
    %wait E_0x60f47a1df840;
    %load/vec4 v0x60f47a228a80_0;
    %dup/vec4;
    %pushi/vec4 0, 0, 2;
    %cmp/u;
    %jmp/1 T_4.0, 6;
    %dup/vec4;
    %pushi/vec4 1, 0, 2;
    %cmp/u;
    %jmp/1 T_4.1, 6;
    %dup/vec4;
    %pushi/vec4 2, 0, 2;
    %cmp/u;
    %jmp/1 T_4.2, 6;
    %pushi/vec4 0, 0, 33;
    %store/vec4 v0x60f47a228080_0, 0, 33;
    %jmp T_4.4;
T_4.0 ;
    %load/vec4 v0x60f47a227f80_0;
    %load/vec4 v0x60f47a2289b0_0;
    %sub;
    %store/vec4 v0x60f47a228080_0, 0, 33;
    %jmp T_4.4;
T_4.1 ;
    %load/vec4 v0x60f47a227f80_0;
    %load/vec4 v0x60f47a2289b0_0;
    %add;
    %store/vec4 v0x60f47a228080_0, 0, 33;
    %jmp T_4.4;
T_4.2 ;
    %load/vec4 v0x60f47a227f80_0;
    %store/vec4 v0x60f47a228080_0, 0, 33;
    %jmp T_4.4;
T_4.4 ;
    %pop/vec4 1;
    %jmp T_4;
    .thread T_4, $push;
    .scope S_0x60f47a24e870;
T_5 ;
    %wait E_0x60f47a1e0e60;
    %load/vec4 v0x60f47a24f7f0_0;
    %flag_set/vec4 8;
    %jmp/0xz  T_5.0, 8;
    %pushi/vec4 0, 0, 4;
    %assign/vec4 v0x60f47a24f8b0_0, 0;
    %pushi/vec4 0, 0, 4;
    %assign/vec4 v0x60f47a24f270_0, 0;
    %jmp T_5.1;
T_5.0 ;
    %load/vec4 v0x60f47a24f710_0;
    %assign/vec4 v0x60f47a24f8b0_0, 0;
    %load/vec4 v0x60f47a24f8b0_0;
    %cmpi/e 9, 0, 4;
    %jmp/0xz  T_5.2, 4;
    %load/vec4 v0x60f47a24f270_0;
    %addi 1, 0, 4;
    %assign/vec4 v0x60f47a24f270_0, 0;
    %jmp T_5.3;
T_5.2 ;
    %pushi/vec4 0, 0, 4;
    %assign/vec4 v0x60f47a24f270_0, 0;
T_5.3 ;
T_5.1 ;
    %jmp T_5;
    .thread T_5;
    .scope S_0x60f47a24e870;
T_6 ;
    %wait E_0x60f47a1e0bd0;
    %load/vec4 v0x60f47a24f8b0_0;
    %dup/vec4;
    %pushi/vec4 0, 0, 4;
    %cmp/u;
    %jmp/1 T_6.0, 6;
    %dup/vec4;
    %pushi/vec4 1, 0, 4;
    %cmp/u;
    %jmp/1 T_6.1, 6;
    %dup/vec4;
    %pushi/vec4 2, 0, 4;
    %cmp/u;
    %jmp/1 T_6.2, 6;
    %dup/vec4;
    %pushi/vec4 3, 0, 4;
    %cmp/u;
    %jmp/1 T_6.3, 6;
    %dup/vec4;
    %pushi/vec4 4, 0, 4;
    %cmp/u;
    %jmp/1 T_6.4, 6;
    %dup/vec4;
    %pushi/vec4 5, 0, 4;
    %cmp/u;
    %jmp/1 T_6.5, 6;
    %dup/vec4;
    %pushi/vec4 6, 0, 4;
    %cmp/u;
    %jmp/1 T_6.6, 6;
    %dup/vec4;
    %pushi/vec4 8, 0, 4;
    %cmp/u;
    %jmp/1 T_6.7, 6;
    %dup/vec4;
    %pushi/vec4 9, 0, 4;
    %cmp/u;
    %jmp/1 T_6.8, 6;
    %pushi/vec4 0, 0, 4;
    %store/vec4 v0x60f47a24f710_0, 0, 4;
    %jmp T_6.10;
T_6.0 ;
    %load/vec4 v0x60f47a24f350_0;
    %flag_set/vec4 8;
    %jmp/0xz  T_6.11, 8;
    %pushi/vec4 1, 0, 4;
    %store/vec4 v0x60f47a24f710_0, 0, 4;
    %jmp T_6.12;
T_6.11 ;
    %pushi/vec4 0, 0, 4;
    %store/vec4 v0x60f47a24f710_0, 0, 4;
T_6.12 ;
    %jmp T_6.10;
T_6.1 ;
    %pushi/vec4 2, 0, 4;
    %store/vec4 v0x60f47a24f710_0, 0, 4;
    %jmp T_6.10;
T_6.2 ;
    %pushi/vec4 3, 0, 4;
    %store/vec4 v0x60f47a24f710_0, 0, 4;
    %jmp T_6.10;
T_6.3 ;
    %pushi/vec4 4, 0, 4;
    %store/vec4 v0x60f47a24f710_0, 0, 4;
    %jmp T_6.10;
T_6.4 ;
    %load/vec4 v0x60f47a2184c0_0;
    %flag_set/vec4 8;
    %jmp/0xz  T_6.13, 8;
    %pushi/vec4 6, 0, 4;
    %store/vec4 v0x60f47a24f710_0, 0, 4;
    %jmp T_6.14;
T_6.13 ;
    %pushi/vec4 5, 0, 4;
    %store/vec4 v0x60f47a24f710_0, 0, 4;
T_6.14 ;
    %jmp T_6.10;
T_6.5 ;
    %pushi/vec4 8, 0, 4;
    %store/vec4 v0x60f47a24f710_0, 0, 4;
    %jmp T_6.10;
T_6.6 ;
    %pushi/vec4 8, 0, 4;
    %store/vec4 v0x60f47a24f710_0, 0, 4;
    %jmp T_6.10;
T_6.7 ;
    %load/vec4 v0x60f47a2185c0_0;
    %flag_set/vec4 8;
    %jmp/0xz  T_6.15, 8;
    %pushi/vec4 9, 0, 4;
    %store/vec4 v0x60f47a24f710_0, 0, 4;
    %jmp T_6.16;
T_6.15 ;
    %pushi/vec4 2, 0, 4;
    %store/vec4 v0x60f47a24f710_0, 0, 4;
T_6.16 ;
    %jmp T_6.10;
T_6.8 ;
    %load/vec4 v0x60f47a24f270_0;
    %cmpi/e 15, 0, 4;
    %jmp/0xz  T_6.17, 4;
    %pushi/vec4 0, 0, 4;
    %store/vec4 v0x60f47a24f710_0, 0, 4;
    %jmp T_6.18;
T_6.17 ;
    %pushi/vec4 9, 0, 4;
    %store/vec4 v0x60f47a24f710_0, 0, 4;
T_6.18 ;
    %jmp T_6.10;
T_6.10 ;
    %pop/vec4 1;
    %jmp T_6;
    .thread T_6, $push;
    .scope S_0x60f47a24e870;
T_7 ;
    %wait E_0x60f47a1e1100;
    %pushi/vec4 0, 0, 1;
    %store/vec4 v0x60f47a24f410_0, 0, 1;
    %pushi/vec4 0, 0, 1;
    %store/vec4 v0x60f47a24f590_0, 0, 1;
    %pushi/vec4 0, 0, 1;
    %store/vec4 v0x60f47a24f4d0_0, 0, 1;
    %pushi/vec4 0, 0, 1;
    %store/vec4 v0x60f47a24f650_0, 0, 1;
    %pushi/vec4 0, 0, 1;
    %store/vec4 v0x60f47a218fc0_0, 0, 1;
    %pushi/vec4 2, 0, 2;
    %store/vec4 v0x60f47a218ef0_0, 0, 2;
    %pushi/vec4 0, 0, 1;
    %store/vec4 v0x60f47a2170b0_0, 0, 1;
    %load/vec4 v0x60f47a24f8b0_0;
    %dup/vec4;
    %pushi/vec4 0, 0, 4;
    %cmp/u;
    %jmp/1 T_7.0, 6;
    %dup/vec4;
    %pushi/vec4 1, 0, 4;
    %cmp/u;
    %jmp/1 T_7.1, 6;
    %dup/vec4;
    %pushi/vec4 2, 0, 4;
    %cmp/u;
    %jmp/1 T_7.2, 6;
    %dup/vec4;
    %pushi/vec4 3, 0, 4;
    %cmp/u;
    %jmp/1 T_7.3, 6;
    %dup/vec4;
    %pushi/vec4 4, 0, 4;
    %cmp/u;
    %jmp/1 T_7.4, 6;
    %dup/vec4;
    %pushi/vec4 5, 0, 4;
    %cmp/u;
    %jmp/1 T_7.5, 6;
    %dup/vec4;
    %pushi/vec4 6, 0, 4;
    %cmp/u;
    %jmp/1 T_7.6, 6;
    %dup/vec4;
    %pushi/vec4 8, 0, 4;
    %cmp/u;
    %jmp/1 T_7.7, 6;
    %dup/vec4;
    %pushi/vec4 9, 0, 4;
    %cmp/u;
    %jmp/1 T_7.8, 6;
    %jmp T_7.10;
T_7.0 ;
    %jmp T_7.10;
T_7.1 ;
    %pushi/vec4 1, 0, 1;
    %store/vec4 v0x60f47a24f4d0_0, 0, 1;
    %jmp T_7.10;
T_7.2 ;
    %pushi/vec4 1, 0, 1;
    %store/vec4 v0x60f47a24f410_0, 0, 1;
    %jmp T_7.10;
T_7.3 ;
    %pushi/vec4 0, 0, 2;
    %store/vec4 v0x60f47a218ef0_0, 0, 2;
    %pushi/vec4 1, 0, 1;
    %store/vec4 v0x60f47a218fc0_0, 0, 1;
    %pushi/vec4 1, 0, 1;
    %store/vec4 v0x60f47a24f410_0, 0, 1;
    %jmp T_7.10;
T_7.4 ;
    %jmp T_7.10;
T_7.5 ;
    %pushi/vec4 1, 0, 1;
    %store/vec4 v0x60f47a24f590_0, 0, 1;
    %pushi/vec4 1, 0, 1;
    %store/vec4 v0x60f47a24f650_0, 0, 1;
    %pushi/vec4 2, 0, 2;
    %store/vec4 v0x60f47a218ef0_0, 0, 2;
    %jmp T_7.10;
T_7.6 ;
    %pushi/vec4 1, 0, 1;
    %store/vec4 v0x60f47a218fc0_0, 0, 1;
    %pushi/vec4 1, 0, 2;
    %store/vec4 v0x60f47a218ef0_0, 0, 2;
    %pushi/vec4 1, 0, 1;
    %store/vec4 v0x60f47a24f410_0, 0, 1;
    %pushi/vec4 1, 0, 1;
    %store/vec4 v0x60f47a24f590_0, 0, 1;
    %pushi/vec4 1, 0, 1;
    %store/vec4 v0x60f47a24f650_0, 0, 1;
    %jmp T_7.10;
T_7.7 ;
    %jmp T_7.10;
T_7.8 ;
    %pushi/vec4 1, 0, 1;
    %store/vec4 v0x60f47a2170b0_0, 0, 1;
    %jmp T_7.10;
T_7.10 ;
    %pop/vec4 1;
    %jmp T_7;
    .thread T_7, $push;
    .scope S_0x60f47a1df020;
T_8 ;
    %pushi/vec4 0, 0, 1;
    %store/vec4 v0x60f47a255120_0, 0, 1;
T_8.0 ;
    %delay 10000, 0;
    %load/vec4 v0x60f47a255120_0;
    %inv;
    %store/vec4 v0x60f47a255120_0, 0, 1;
    %delay 10000, 0;
    %load/vec4 v0x60f47a255120_0;
    %inv;
    %store/vec4 v0x60f47a255120_0, 0, 1;
    %jmp T_8.0;
    %end;
    .thread T_8;
    .scope S_0x60f47a1df020;
T_9 ;
    %pushi/vec4 1, 0, 1;
    %store/vec4 v0x60f47a2553a0_0, 0, 1;
    %pushi/vec4 0, 0, 1;
    %store/vec4 v0x60f47a255300_0, 0, 1;
    %pushi/vec4 25, 0, 32;
    %store/vec4 v0x60f47a255010_0, 0, 32;
    %pushi/vec4 3, 0, 32;
    %store/vec4 v0x60f47a254eb0_0, 0, 32;
    %delay 40000, 0;
    %pushi/vec4 0, 0, 1;
    %store/vec4 v0x60f47a2553a0_0, 0, 1;
    %wait E_0x60f47a1df9c0;
    %pushi/vec4 1, 0, 1;
    %store/vec4 v0x60f47a255300_0, 0, 1;
    %wait E_0x60f47a1df9c0;
    %pushi/vec4 0, 0, 1;
    %store/vec4 v0x60f47a255300_0, 0, 1;
T_9.0 ;
    %load/vec4 v0x60f47a255210_0;
    %cmpi/ne 1, 0, 1;
    %jmp/0xz T_9.1, 6;
    %wait E_0x60f47a1df800;
    %jmp T_9.0;
T_9.1 ;
    %vpi_call/w 3 96 "$display", "=================================" {0 0 0};
    %vpi_call/w 3 97 "$display", "Dividendo = %d", v0x60f47a255010_0 {0 0 0};
    %vpi_call/w 3 98 "$display", "Divisor   = %d", v0x60f47a254eb0_0 {0 0 0};
    %vpi_call/w 3 99 "$display", "Cociente  = %d", v0x60f47a254f70_0 {0 0 0};
    %vpi_call/w 3 100 "$display", "Residuo   = %d", v0x60f47a254dd0_0 {0 0 0};
    %vpi_call/w 3 101 "$display", "=================================" {0 0 0};
    %delay 50000, 0;
    %vpi_call/w 3 106 "$finish" {0 0 0};
    %end;
    .thread T_9;
    .scope S_0x60f47a1df020;
T_10 ;
    %vpi_call/w 3 115 "$dumpfile", "Div_TOP_TB.vcd" {0 0 0};
    %vpi_call/w 3 116 "$dumpvars", 32'sb00000000000000000000000000000000, S_0x60f47a1df020 {0 0 0};
    %end;
    .thread T_10;
    .scope S_0x60f47a258b80;
T_11 ;
    %wait E_0x60f47a2570f0;
    %load/vec4 v0x60f47a259240_0;
    %flag_set/vec4 8;
    %jmp/0xz  T_11.0, 8;
    %pushi/vec4 0, 0, 33;
    %assign/vec4 v0x60f47a258e40_0, 0;
    %jmp T_11.1;
T_11.0 ;
    %load/vec4 v0x60f47a2590b0_0;
    %flag_set/vec4 8;
    %jmp/0xz  T_11.2, 8;
    %pushi/vec4 0, 0, 33;
    %assign/vec4 v0x60f47a258e40_0, 0;
    %jmp T_11.3;
T_11.2 ;
    %load/vec4 v0x60f47a259150_0;
    %flag_set/vec4 8;
    %jmp/0xz  T_11.4, 8;
    %load/vec4 v0x60f47a258f50_0;
    %assign/vec4 v0x60f47a258e40_0, 0;
T_11.4 ;
T_11.3 ;
T_11.1 ;
    %jmp T_11;
    .thread T_11;
    .scope S_0x60f47a25a830;
T_12 ;
    %wait E_0x60f47a2570f0;
    %load/vec4 v0x60f47a25afc0_0;
    %flag_set/vec4 8;
    %jmp/0xz  T_12.0, 8;
    %pushi/vec4 0, 0, 32;
    %assign/vec4 v0x60f47a25aac0_0, 0;
    %jmp T_12.1;
T_12.0 ;
    %load/vec4 v0x60f47a25ae80_0;
    %flag_set/vec4 8;
    %jmp/0xz  T_12.2, 8;
    %load/vec4 v0x60f47a25ac80_0;
    %assign/vec4 v0x60f47a25aac0_0, 0;
    %jmp T_12.3;
T_12.2 ;
    %load/vec4 v0x60f47a25af20_0;
    %flag_set/vec4 8;
    %jmp/0xz  T_12.4, 8;
    %load/vec4 v0x60f47a25abc0_0;
    %assign/vec4 v0x60f47a25aac0_0, 0;
T_12.4 ;
T_12.3 ;
T_12.1 ;
    %jmp T_12;
    .thread T_12;
    .scope S_0x60f47a25a140;
T_13 ;
    %wait E_0x60f47a2570f0;
    %load/vec4 v0x60f47a25a6e0_0;
    %flag_set/vec4 8;
    %jmp/0xz  T_13.0, 8;
    %pushi/vec4 0, 0, 33;
    %assign/vec4 v0x60f47a25a3a0_0, 0;
    %jmp T_13.1;
T_13.0 ;
    %load/vec4 v0x60f47a25a610_0;
    %flag_set/vec4 8;
    %jmp/0xz  T_13.2, 8;
    %pushi/vec4 0, 0, 1;
    %load/vec4 v0x60f47a25a480_0;
    %concat/vec4; draw_concat_vec4
    %assign/vec4 v0x60f47a25a3a0_0, 0;
T_13.2 ;
T_13.1 ;
    %jmp T_13;
    .thread T_13;
    .scope S_0x60f47a259810;
T_14 ;
    %wait E_0x60f47a2570f0;
    %load/vec4 v0x60f47a259f90_0;
    %flag_set/vec4 8;
    %jmp/0xz  T_14.0, 8;
    %pushi/vec4 0, 0, 6;
    %assign/vec4 v0x60f47a259c00_0, 0;
    %jmp T_14.1;
T_14.0 ;
    %load/vec4 v0x60f47a259db0_0;
    %flag_set/vec4 8;
    %jmp/0xz  T_14.2, 8;
    %pushi/vec4 32, 0, 6;
    %assign/vec4 v0x60f47a259c00_0, 0;
    %jmp T_14.3;
T_14.2 ;
    %load/vec4 v0x60f47a259ea0_0;
    %flag_set/vec4 8;
    %jmp/0xz  T_14.4, 8;
    %load/vec4 v0x60f47a259d10_0;
    %assign/vec4 v0x60f47a259c00_0, 0;
T_14.4 ;
T_14.3 ;
T_14.1 ;
    %jmp T_14;
    .thread T_14;
    .scope S_0x60f47a2557c0;
T_15 ;
    %wait E_0x60f47a235b70;
    %load/vec4 v0x60f47a255ca0_0;
    %dup/vec4;
    %pushi/vec4 0, 0, 2;
    %cmp/u;
    %jmp/1 T_15.0, 6;
    %dup/vec4;
    %pushi/vec4 1, 0, 2;
    %cmp/u;
    %jmp/1 T_15.1, 6;
    %dup/vec4;
    %pushi/vec4 2, 0, 2;
    %cmp/u;
    %jmp/1 T_15.2, 6;
    %pushi/vec4 0, 0, 33;
    %store/vec4 v0x60f47a255b00_0, 0, 33;
    %jmp T_15.4;
T_15.0 ;
    %load/vec4 v0x60f47a255a00_0;
    %load/vec4 v0x60f47a255be0_0;
    %sub;
    %store/vec4 v0x60f47a255b00_0, 0, 33;
    %jmp T_15.4;
T_15.1 ;
    %load/vec4 v0x60f47a255a00_0;
    %load/vec4 v0x60f47a255be0_0;
    %add;
    %store/vec4 v0x60f47a255b00_0, 0, 33;
    %jmp T_15.4;
T_15.2 ;
    %load/vec4 v0x60f47a255a00_0;
    %store/vec4 v0x60f47a255b00_0, 0, 33;
    %jmp T_15.4;
T_15.4 ;
    %pop/vec4 1;
    %jmp T_15;
    .thread T_15, $push;
    .scope S_0x60f47a256700;
T_16 ;
    %wait E_0x60f47a2570f0;
    %load/vec4 v0x60f47a257b90_0;
    %flag_set/vec4 8;
    %jmp/0xz  T_16.0, 8;
    %pushi/vec4 0, 0, 4;
    %assign/vec4 v0x60f47a257c50_0, 0;
    %pushi/vec4 0, 0, 4;
    %assign/vec4 v0x60f47a257580_0, 0;
    %jmp T_16.1;
T_16.0 ;
    %load/vec4 v0x60f47a257ab0_0;
    %assign/vec4 v0x60f47a257c50_0, 0;
    %load/vec4 v0x60f47a257c50_0;
    %cmpi/e 9, 0, 4;
    %jmp/0xz  T_16.2, 4;
    %load/vec4 v0x60f47a257580_0;
    %addi 1, 0, 4;
    %assign/vec4 v0x60f47a257580_0, 0;
    %jmp T_16.3;
T_16.2 ;
    %pushi/vec4 0, 0, 4;
    %assign/vec4 v0x60f47a257580_0, 0;
T_16.3 ;
T_16.1 ;
    %jmp T_16;
    .thread T_16;
    .scope S_0x60f47a256700;
T_17 ;
    %wait E_0x60f47a2570b0;
    %load/vec4 v0x60f47a257c50_0;
    %dup/vec4;
    %pushi/vec4 0, 0, 4;
    %cmp/u;
    %jmp/1 T_17.0, 6;
    %dup/vec4;
    %pushi/vec4 1, 0, 4;
    %cmp/u;
    %jmp/1 T_17.1, 6;
    %dup/vec4;
    %pushi/vec4 2, 0, 4;
    %cmp/u;
    %jmp/1 T_17.2, 6;
    %dup/vec4;
    %pushi/vec4 3, 0, 4;
    %cmp/u;
    %jmp/1 T_17.3, 6;
    %dup/vec4;
    %pushi/vec4 4, 0, 4;
    %cmp/u;
    %jmp/1 T_17.4, 6;
    %dup/vec4;
    %pushi/vec4 5, 0, 4;
    %cmp/u;
    %jmp/1 T_17.5, 6;
    %dup/vec4;
    %pushi/vec4 6, 0, 4;
    %cmp/u;
    %jmp/1 T_17.6, 6;
    %dup/vec4;
    %pushi/vec4 8, 0, 4;
    %cmp/u;
    %jmp/1 T_17.7, 6;
    %dup/vec4;
    %pushi/vec4 9, 0, 4;
    %cmp/u;
    %jmp/1 T_17.8, 6;
    %pushi/vec4 0, 0, 4;
    %store/vec4 v0x60f47a257ab0_0, 0, 4;
    %jmp T_17.10;
T_17.0 ;
    %load/vec4 v0x60f47a257660_0;
    %flag_set/vec4 8;
    %jmp/0xz  T_17.11, 8;
    %pushi/vec4 1, 0, 4;
    %store/vec4 v0x60f47a257ab0_0, 0, 4;
    %jmp T_17.12;
T_17.11 ;
    %pushi/vec4 0, 0, 4;
    %store/vec4 v0x60f47a257ab0_0, 0, 4;
T_17.12 ;
    %jmp T_17.10;
T_17.1 ;
    %pushi/vec4 2, 0, 4;
    %store/vec4 v0x60f47a257ab0_0, 0, 4;
    %jmp T_17.10;
T_17.2 ;
    %pushi/vec4 3, 0, 4;
    %store/vec4 v0x60f47a257ab0_0, 0, 4;
    %jmp T_17.10;
T_17.3 ;
    %pushi/vec4 4, 0, 4;
    %store/vec4 v0x60f47a257ab0_0, 0, 4;
    %jmp T_17.10;
T_17.4 ;
    %load/vec4 v0x60f47a257150_0;
    %flag_set/vec4 8;
    %jmp/0xz  T_17.13, 8;
    %pushi/vec4 6, 0, 4;
    %store/vec4 v0x60f47a257ab0_0, 0, 4;
    %jmp T_17.14;
T_17.13 ;
    %pushi/vec4 5, 0, 4;
    %store/vec4 v0x60f47a257ab0_0, 0, 4;
T_17.14 ;
    %jmp T_17.10;
T_17.5 ;
    %pushi/vec4 8, 0, 4;
    %store/vec4 v0x60f47a257ab0_0, 0, 4;
    %jmp T_17.10;
T_17.6 ;
    %pushi/vec4 8, 0, 4;
    %store/vec4 v0x60f47a257ab0_0, 0, 4;
    %jmp T_17.10;
T_17.7 ;
    %load/vec4 v0x60f47a257210_0;
    %flag_set/vec4 8;
    %jmp/0xz  T_17.15, 8;
    %pushi/vec4 9, 0, 4;
    %store/vec4 v0x60f47a257ab0_0, 0, 4;
    %jmp T_17.16;
T_17.15 ;
    %pushi/vec4 2, 0, 4;
    %store/vec4 v0x60f47a257ab0_0, 0, 4;
T_17.16 ;
    %jmp T_17.10;
T_17.8 ;
    %load/vec4 v0x60f47a257580_0;
    %cmpi/e 15, 0, 4;
    %jmp/0xz  T_17.17, 4;
    %pushi/vec4 0, 0, 4;
    %store/vec4 v0x60f47a257ab0_0, 0, 4;
    %jmp T_17.18;
T_17.17 ;
    %pushi/vec4 9, 0, 4;
    %store/vec4 v0x60f47a257ab0_0, 0, 4;
T_17.18 ;
    %jmp T_17.10;
T_17.10 ;
    %pop/vec4 1;
    %jmp T_17;
    .thread T_17, $push;
    .scope S_0x60f47a256700;
T_18 ;
    %wait E_0x60f47a257050;
    %pushi/vec4 0, 0, 1;
    %store/vec4 v0x60f47a257720_0, 0, 1;
    %pushi/vec4 0, 0, 1;
    %store/vec4 v0x60f47a257930_0, 0, 1;
    %pushi/vec4 0, 0, 1;
    %store/vec4 v0x60f47a257870_0, 0, 1;
    %pushi/vec4 0, 0, 1;
    %store/vec4 v0x60f47a2579f0_0, 0, 1;
    %pushi/vec4 0, 0, 1;
    %store/vec4 v0x60f47a257350_0, 0, 1;
    %pushi/vec4 2, 0, 2;
    %store/vec4 v0x60f47a2572b0_0, 0, 2;
    %pushi/vec4 0, 0, 1;
    %store/vec4 v0x60f47a2574e0_0, 0, 1;
    %load/vec4 v0x60f47a257c50_0;
    %dup/vec4;
    %pushi/vec4 0, 0, 4;
    %cmp/u;
    %jmp/1 T_18.0, 6;
    %dup/vec4;
    %pushi/vec4 1, 0, 4;
    %cmp/u;
    %jmp/1 T_18.1, 6;
    %dup/vec4;
    %pushi/vec4 2, 0, 4;
    %cmp/u;
    %jmp/1 T_18.2, 6;
    %dup/vec4;
    %pushi/vec4 3, 0, 4;
    %cmp/u;
    %jmp/1 T_18.3, 6;
    %dup/vec4;
    %pushi/vec4 4, 0, 4;
    %cmp/u;
    %jmp/1 T_18.4, 6;
    %dup/vec4;
    %pushi/vec4 5, 0, 4;
    %cmp/u;
    %jmp/1 T_18.5, 6;
    %dup/vec4;
    %pushi/vec4 6, 0, 4;
    %cmp/u;
    %jmp/1 T_18.6, 6;
    %dup/vec4;
    %pushi/vec4 8, 0, 4;
    %cmp/u;
    %jmp/1 T_18.7, 6;
    %dup/vec4;
    %pushi/vec4 9, 0, 4;
    %cmp/u;
    %jmp/1 T_18.8, 6;
    %jmp T_18.10;
T_18.0 ;
    %jmp T_18.10;
T_18.1 ;
    %pushi/vec4 1, 0, 1;
    %store/vec4 v0x60f47a257870_0, 0, 1;
    %jmp T_18.10;
T_18.2 ;
    %pushi/vec4 1, 0, 1;
    %store/vec4 v0x60f47a257720_0, 0, 1;
    %jmp T_18.10;
T_18.3 ;
    %pushi/vec4 0, 0, 2;
    %store/vec4 v0x60f47a2572b0_0, 0, 2;
    %pushi/vec4 1, 0, 1;
    %store/vec4 v0x60f47a257350_0, 0, 1;
    %pushi/vec4 1, 0, 1;
    %store/vec4 v0x60f47a257720_0, 0, 1;
    %jmp T_18.10;
T_18.4 ;
    %jmp T_18.10;
T_18.5 ;
    %pushi/vec4 1, 0, 1;
    %store/vec4 v0x60f47a257930_0, 0, 1;
    %pushi/vec4 1, 0, 1;
    %store/vec4 v0x60f47a2579f0_0, 0, 1;
    %pushi/vec4 2, 0, 2;
    %store/vec4 v0x60f47a2572b0_0, 0, 2;
    %jmp T_18.10;
T_18.6 ;
    %pushi/vec4 1, 0, 1;
    %store/vec4 v0x60f47a257350_0, 0, 1;
    %pushi/vec4 1, 0, 2;
    %store/vec4 v0x60f47a2572b0_0, 0, 2;
    %pushi/vec4 1, 0, 1;
    %store/vec4 v0x60f47a257720_0, 0, 1;
    %pushi/vec4 1, 0, 1;
    %store/vec4 v0x60f47a257930_0, 0, 1;
    %pushi/vec4 1, 0, 1;
    %store/vec4 v0x60f47a2579f0_0, 0, 1;
    %jmp T_18.10;
T_18.7 ;
    %jmp T_18.10;
T_18.8 ;
    %pushi/vec4 1, 0, 1;
    %store/vec4 v0x60f47a2574e0_0, 0, 1;
    %jmp T_18.10;
T_18.10 ;
    %pop/vec4 1;
    %jmp T_18;
    .thread T_18, $push;
    .scope S_0x60f47a1ddfa0;
T_19 ;
    %wait E_0x60f47a235f80;
    %load/vec4 v0x60f47a25d9f0_0;
    %flag_set/vec4 8;
    %jmp/0xz  T_19.0, 8;
    %load/vec4 v0x60f47a25d870_0;
    %dup/vec4;
    %pushi/vec4 8, 0, 5;
    %cmp/u;
    %jmp/1 T_19.2, 6;
    %dup/vec4;
    %pushi/vec4 4, 0, 5;
    %cmp/u;
    %jmp/1 T_19.3, 6;
    %dup/vec4;
    %pushi/vec4 12, 0, 5;
    %cmp/u;
    %jmp/1 T_19.4, 6;
    %dup/vec4;
    %pushi/vec4 16, 0, 5;
    %cmp/u;
    %jmp/1 T_19.5, 6;
    %dup/vec4;
    %pushi/vec4 20, 0, 5;
    %cmp/u;
    %jmp/1 T_19.6, 6;
    %pushi/vec4 0, 0, 6;
    %store/vec4 v0x60f47a25dfa0_0, 0, 6;
    %jmp T_19.8;
T_19.2 ;
    %pushi/vec4 1, 0, 6;
    %store/vec4 v0x60f47a25dfa0_0, 0, 6;
    %jmp T_19.8;
T_19.3 ;
    %pushi/vec4 2, 0, 6;
    %store/vec4 v0x60f47a25dfa0_0, 0, 6;
    %jmp T_19.8;
T_19.4 ;
    %pushi/vec4 4, 0, 6;
    %store/vec4 v0x60f47a25dfa0_0, 0, 6;
    %jmp T_19.8;
T_19.5 ;
    %pushi/vec4 8, 0, 6;
    %store/vec4 v0x60f47a25dfa0_0, 0, 6;
    %jmp T_19.8;
T_19.6 ;
    %pushi/vec4 32, 0, 6;
    %store/vec4 v0x60f47a25dfa0_0, 0, 6;
    %jmp T_19.8;
T_19.8 ;
    %pop/vec4 1;
    %jmp T_19.1;
T_19.0 ;
    %pushi/vec4 0, 0, 6;
    %store/vec4 v0x60f47a25dfa0_0, 0, 6;
T_19.1 ;
    %jmp T_19;
    .thread T_19, $push;
    .scope S_0x60f47a1ddfa0;
T_20 ;
    %wait E_0x60f47a1e0c10;
    %load/vec4 v0x60f47a25df00_0;
    %flag_set/vec4 8;
    %jmp/0xz  T_20.0, 8;
    %pushi/vec4 0, 0, 32;
    %assign/vec4 v0x60f47a25d760_0, 0;
    %pushi/vec4 0, 0, 32;
    %assign/vec4 v0x60f47a25d4d0_0, 0;
    %pushi/vec4 0, 0, 1;
    %assign/vec4 v0x60f47a25dda0_0, 0;
    %pushi/vec4 0, 0, 32;
    %assign/vec4 v0x60f47a25d630_0, 0;
    %pushi/vec4 0, 0, 1;
    %assign/vec4 v0x60f47a25d410_0, 0;
    %jmp T_20.1;
T_20.0 ;
    %load/vec4 v0x60f47a25d9f0_0;
    %flag_set/vec4 9;
    %flag_get/vec4 9;
    %jmp/0 T_20.4, 9;
    %load/vec4 v0x60f47a25e080_0;
    %and;
T_20.4;
    %flag_set/vec4 8;
    %jmp/0xz  T_20.2, 8;
    %load/vec4 v0x60f47a25dfa0_0;
    %parti/s 1, 0, 2;
    %flag_set/vec4 8;
    %jmp/0xz  T_20.5, 8;
    %load/vec4 v0x60f47a25db40_0;
    %assign/vec4 v0x60f47a25d760_0, 0;
T_20.5 ;
    %load/vec4 v0x60f47a25dfa0_0;
    %parti/s 1, 1, 2;
    %flag_set/vec4 8;
    %jmp/0xz  T_20.7, 8;
    %load/vec4 v0x60f47a25db40_0;
    %assign/vec4 v0x60f47a25d4d0_0, 0;
T_20.7 ;
    %load/vec4 v0x60f47a25dfa0_0;
    %parti/s 1, 2, 3;
    %flag_set/vec4 8;
    %jmp/0xz  T_20.9, 8;
    %load/vec4 v0x60f47a25db40_0;
    %parti/s 1, 0, 2;
    %assign/vec4 v0x60f47a25dda0_0, 0;
    %load/vec4 v0x60f47a25db40_0;
    %parti/s 1, 0, 2;
    %flag_set/vec4 8;
    %jmp/0xz  T_20.11, 8;
    %pushi/vec4 0, 0, 1;
    %assign/vec4 v0x60f47a25d410_0, 0;
    %pushi/vec4 0, 0, 32;
    %assign/vec4 v0x60f47a25d630_0, 0;
T_20.11 ;
T_20.9 ;
T_20.2 ;
    %load/vec4 v0x60f47a25dd00_0;
    %flag_set/vec4 8;
    %jmp/0xz  T_20.13, 8;
    %load/vec4 v0x60f47a25d570_0;
    %assign/vec4 v0x60f47a25d630_0, 0;
    %pushi/vec4 1, 0, 1;
    %assign/vec4 v0x60f47a25d410_0, 0;
T_20.13 ;
T_20.1 ;
    %jmp T_20;
    .thread T_20;
    .scope S_0x60f47a1ddfa0;
T_21 ;
    %wait E_0x60f47a1e0c10;
    %load/vec4 v0x60f47a25df00_0;
    %flag_set/vec4 8;
    %jmp/0xz  T_21.0, 8;
    %pushi/vec4 0, 0, 32;
    %assign/vec4 v0x60f47a25dc20_0, 0;
    %jmp T_21.1;
T_21.0 ;
    %load/vec4 v0x60f47a25d9f0_0;
    %flag_set/vec4 9;
    %flag_get/vec4 9;
    %jmp/0 T_21.4, 9;
    %load/vec4 v0x60f47a25de40_0;
    %and;
T_21.4;
    %flag_set/vec4 8;
    %jmp/0xz  T_21.2, 8;
    %load/vec4 v0x60f47a25d870_0;
    %dup/vec4;
    %pushi/vec4 16, 0, 5;
    %cmp/u;
    %jmp/1 T_21.5, 6;
    %dup/vec4;
    %pushi/vec4 20, 0, 5;
    %cmp/u;
    %jmp/1 T_21.6, 6;
    %pushi/vec4 0, 0, 32;
    %assign/vec4 v0x60f47a25dc20_0, 0;
    %jmp T_21.8;
T_21.5 ;
    %load/vec4 v0x60f47a25d630_0;
    %assign/vec4 v0x60f47a25dc20_0, 0;
    %jmp T_21.8;
T_21.6 ;
    %pushi/vec4 0, 0, 31;
    %load/vec4 v0x60f47a25d410_0;
    %concat/vec4; draw_concat_vec4
    %assign/vec4 v0x60f47a25dc20_0, 0;
    %jmp T_21.8;
T_21.8 ;
    %pop/vec4 1;
T_21.2 ;
T_21.1 ;
    %jmp T_21;
    .thread T_21;
# The file index is used to find the file name in the following table.
:file_names 18;
    "N/A";
    "<interactive>";
    "-";
    "Div_TOP_TB.v";
    "Div_TOP.v";
    "ALU.v";
    "Check_A.v";
    "Check_i.v";
    "Control_div.v";
    "MUX_A.v";
    "MUX_Q.v";
    "Reg_A.v";
    "Rest_i.v";
    "Div_Reg_i.v";
    "Reg_M.v";
    "Reg_Q.v";
    "Shift_AQ.v";
    "peripheral_div.v";
