#! /usr/bin/vvp
:ivl_version "12.0 (stable)";
:ivl_delay_selection "TYPICAL";
:vpi_time_precision - 12;
:vpi_module "/usr/lib/x86_64-linux-gnu/ivl/system.vpi";
:vpi_module "/usr/lib/x86_64-linux-gnu/ivl/vhdl_sys.vpi";
:vpi_module "/usr/lib/x86_64-linux-gnu/ivl/vhdl_textio.vpi";
:vpi_module "/usr/lib/x86_64-linux-gnu/ivl/v2005_math.vpi";
:vpi_module "/usr/lib/x86_64-linux-gnu/ivl/va_math.vpi";
:vpi_module "/usr/lib/x86_64-linux-gnu/ivl/v2009.vpi";
S_0x636b685ba6f0 .scope package, "$unit" "$unit" 2 1;
 .timescale 0 0;
S_0x636b685cb5e0 .scope module, "Paridad_Top_TB" "Paridad_Top_TB" 3 3;
 .timescale -9 -12;
P_0x636b685b5e20 .param/real "DUTY_CYCLE" 0 3 28, Cr<m4000000000000000gfc1>; value=0.500000
P_0x636b685b5e60 .param/l "PERIOD" 0 3 27, +C4<00000000000000000000000000010100>;
v0x636b685fc090_0 .var "Ain", 8 0;
v0x636b685fc170_0 .net "Par", 0 0, L_0x636b685fc7c0;  1 drivers
v0x636b685fc280_0 .var "clk", 0 0;
v0x636b685fc320_0 .net "done", 0 0, v0x636b685f9030_0;  1 drivers
v0x636b685fc410_0 .var "init", 0 0;
v0x636b685fc590_0 .var "rst", 0 0;
E_0x636b685cfc20 .event anyedge, v0x636b685f9030_0;
S_0x636b685cb800 .scope module, "uut" "Paridad_Top" 3 14, 4 1 0, S_0x636b685cb5e0;
 .timescale -9 -12;
    .port_info 0 /INPUT 1 "clk";
    .port_info 1 /INPUT 1 "rst";
    .port_info 2 /INPUT 1 "init";
    .port_info 3 /INPUT 9 "Ain";
    .port_info 4 /OUTPUT 1 "Par";
    .port_info 5 /OUTPUT 1 "done";
v0x636b685fb300_0 .net "A", 8 0, v0x636b685f9e40_0;  1 drivers
v0x636b685fb430_0 .net "Ain", 8 0, v0x636b685fc090_0;  1 drivers
v0x636b685fb4f0_0 .net "B", 3 0, v0x636b685fa660_0;  1 drivers
v0x636b685fb5e0_0 .net "DONE", 0 0, L_0x636b685fc6d0;  1 drivers
v0x636b685fb6d0_0 .net "Par", 0 0, L_0x636b685fc7c0;  alias, 1 drivers
v0x636b685fb7c0_0 .net "clk", 0 0, v0x636b685fc280_0;  1 drivers
v0x636b685fb8f0_0 .net "done", 0 0, v0x636b685f9030_0;  alias, 1 drivers
v0x636b685fb990_0 .net "i", 3 0, v0x636b685fafb0_0;  1 drivers
v0x636b685fbac0_0 .net "i_temp", 3 0, L_0x636b685fc630;  1 drivers
v0x636b685fbbf0_0 .net "init", 0 0, v0x636b685fc410_0;  1 drivers
v0x636b685fbc90_0 .net "load_A", 0 0, v0x636b685f9190_0;  1 drivers
v0x636b685fbd30_0 .net "load_B", 0 0, v0x636b685f92a0_0;  1 drivers
v0x636b685fbdd0_0 .net "load_i", 0 0, v0x636b685f9360_0;  1 drivers
v0x636b685fbec0_0 .net "rst", 0 0, v0x636b685fc590_0;  1 drivers
S_0x636b685ce490 .scope module, "CHK" "Check_i" 4 85, 5 1 0, S_0x636b685cb800;
 .timescale -9 -12;
    .port_info 0 /INPUT 4 "i";
    .port_info 1 /OUTPUT 1 "DONE";
v0x636b685ba290_0 .net "DONE", 0 0, L_0x636b685fc6d0;  alias, 1 drivers
L_0x71f7f3fb7060 .functor BUFT 1, C4<0111>, C4<0>, C4<0>, C4<0>;
v0x636b685bc1a0_0 .net/2u *"_ivl_0", 3 0, L_0x71f7f3fb7060;  1 drivers
v0x636b685bc4a0_0 .net "i", 3 0, v0x636b685fafb0_0;  alias, 1 drivers
L_0x636b685fc6d0 .cmp/eq 4, v0x636b685fafb0_0, L_0x71f7f3fb7060;
S_0x636b685f8880 .scope module, "CI" "Cont_i" 4 77, 6 1 0, S_0x636b685cb800;
 .timescale -9 -12;
    .port_info 0 /OUTPUT 4 "i_temp";
    .port_info 1 /INPUT 4 "i";
L_0x71f7f3fb7018 .functor BUFT 1, C4<0001>, C4<0>, C4<0>, C4<0>;
v0x636b685b42e0_0 .net/2u *"_ivl_0", 3 0, L_0x71f7f3fb7018;  1 drivers
v0x636b685b4380_0 .net "i", 3 0, v0x636b685fafb0_0;  alias, 1 drivers
v0x636b685b3620_0 .net "i_temp", 3 0, L_0x636b685fc630;  alias, 1 drivers
L_0x636b685fc630 .arith/sum 4, v0x636b685fafb0_0, L_0x71f7f3fb7018;
S_0x636b685f8b40 .scope module, "CTRL" "Control_Paridad" 4 101, 7 1 0, S_0x636b685cb800;
 .timescale -9 -12;
    .port_info 0 /INPUT 1 "clk";
    .port_info 1 /INPUT 1 "rst";
    .port_info 2 /INPUT 1 "init";
    .port_info 3 /INPUT 1 "DONE";
    .port_info 4 /OUTPUT 1 "load_A";
    .port_info 5 /OUTPUT 1 "load_B";
    .port_info 6 /OUTPUT 1 "load_i";
    .port_info 7 /OUTPUT 1 "done";
P_0x636b685b92c0 .param/l "S_DONE" 0 7 28, C4<11>;
P_0x636b685b9300 .param/l "S_INIT" 0 7 25, C4<00>;
P_0x636b685b9340 .param/l "S_LOAD" 0 7 26, C4<01>;
P_0x636b685b9380 .param/l "S_PROCESS" 0 7 27, C4<10>;
v0x636b685b36f0_0 .net "DONE", 0 0, L_0x636b685fc6d0;  alias, 1 drivers
v0x636b685f8f90_0 .net "clk", 0 0, v0x636b685fc280_0;  alias, 1 drivers
v0x636b685f9030_0 .var "done", 0 0;
v0x636b685f90d0_0 .net "init", 0 0, v0x636b685fc410_0;  alias, 1 drivers
v0x636b685f9190_0 .var "load_A", 0 0;
v0x636b685f92a0_0 .var "load_B", 0 0;
v0x636b685f9360_0 .var "load_i", 0 0;
v0x636b685f9420_0 .var "next_state", 1 0;
v0x636b685f9500_0 .net "rst", 0 0, v0x636b685fc590_0;  alias, 1 drivers
v0x636b685f95c0_0 .var "state", 1 0;
E_0x636b685cbf40 .event anyedge, v0x636b685f95c0_0;
E_0x636b685cc2c0 .event anyedge, v0x636b685f95c0_0, v0x636b685f90d0_0, v0x636b685ba290_0;
E_0x636b685cbf80 .event posedge, v0x636b685f9500_0, v0x636b685f8f90_0;
S_0x636b685f97a0 .scope module, "PAR" "Paridad" 4 93, 8 1 0, S_0x636b685cb800;
 .timescale -9 -12;
    .port_info 0 /INPUT 4 "B";
    .port_info 1 /OUTPUT 1 "Par";
v0x636b685f9950_0 .net "B", 3 0, v0x636b685fa660_0;  alias, 1 drivers
v0x636b685f9a50_0 .net "Par", 0 0, L_0x636b685fc7c0;  alias, 1 drivers
L_0x636b685fc7c0 .part v0x636b685fa660_0, 0, 1;
S_0x636b685f9b70 .scope module, "RA" "Reg_A" 4 35, 9 1 0, S_0x636b685cb800;
 .timescale -9 -12;
    .port_info 0 /INPUT 1 "init";
    .port_info 1 /INPUT 1 "rst";
    .port_info 2 /INPUT 1 "clk";
    .port_info 3 /INPUT 1 "load_A";
    .port_info 4 /INPUT 9 "A_in";
    .port_info 5 /OUTPUT 9 "A";
v0x636b685f9e40_0 .var "A", 8 0;
v0x636b685f9f20_0 .net "A_in", 8 0, v0x636b685fc090_0;  alias, 1 drivers
v0x636b685fa000_0 .net "clk", 0 0, v0x636b685fc280_0;  alias, 1 drivers
v0x636b685fa0a0_0 .net "init", 0 0, v0x636b685fc410_0;  alias, 1 drivers
v0x636b685fa140_0 .net "load_A", 0 0, v0x636b685f9190_0;  alias, 1 drivers
v0x636b685fa230_0 .net "rst", 0 0, v0x636b685fc590_0;  alias, 1 drivers
S_0x636b685fa2f0 .scope module, "RB" "Reg_B" 4 49, 10 1 0, S_0x636b685cb800;
 .timescale -9 -12;
    .port_info 0 /INPUT 1 "clk";
    .port_info 1 /INPUT 1 "rst";
    .port_info 2 /INPUT 1 "init";
    .port_info 3 /INPUT 1 "load_B";
    .port_info 4 /INPUT 9 "A";
    .port_info 5 /INPUT 4 "i";
    .port_info 6 /OUTPUT 4 "B";
v0x636b685fa580_0 .net "A", 8 0, v0x636b685f9e40_0;  alias, 1 drivers
v0x636b685fa660_0 .var "B", 3 0;
v0x636b685fa700_0 .net "clk", 0 0, v0x636b685fc280_0;  alias, 1 drivers
v0x636b685fa7f0_0 .net "i", 3 0, v0x636b685fafb0_0;  alias, 1 drivers
v0x636b685fa8e0_0 .net "init", 0 0, v0x636b685fc410_0;  alias, 1 drivers
v0x636b685faa20_0 .net "load_B", 0 0, v0x636b685f92a0_0;  alias, 1 drivers
v0x636b685faac0_0 .net "rst", 0 0, v0x636b685fc590_0;  alias, 1 drivers
S_0x636b685fac50 .scope module, "RI" "Reg_i" 4 64, 11 1 0, S_0x636b685cb800;
 .timescale -9 -12;
    .port_info 0 /INPUT 1 "rst";
    .port_info 1 /INPUT 1 "clk";
    .port_info 2 /INPUT 1 "load_i";
    .port_info 3 /INPUT 4 "i_temp";
    .port_info 4 /OUTPUT 4 "i";
v0x636b685faef0_0 .net "clk", 0 0, v0x636b685fc280_0;  alias, 1 drivers
v0x636b685fafb0_0 .var "i", 3 0;
v0x636b685fb070_0 .net "i_temp", 3 0, L_0x636b685fc630;  alias, 1 drivers
v0x636b685fb110_0 .net "load_i", 0 0, v0x636b685f9360_0;  alias, 1 drivers
v0x636b685fb1b0_0 .net "rst", 0 0, v0x636b685fc590_0;  alias, 1 drivers
E_0x636b685cd1a0 .event posedge, v0x636b685f8f90_0;
    .scope S_0x636b685f9b70;
T_0 ;
    %wait E_0x636b685cbf80;
    %load/vec4 v0x636b685fa230_0;
    %flag_set/vec4 8;
    %jmp/0xz  T_0.0, 8;
    %pushi/vec4 0, 0, 9;
    %assign/vec4 v0x636b685f9e40_0, 0;
    %jmp T_0.1;
T_0.0 ;
    %load/vec4 v0x636b685fa0a0_0;
    %flag_set/vec4 8;
    %jmp/0xz  T_0.2, 8;
    %pushi/vec4 0, 0, 9;
    %assign/vec4 v0x636b685f9e40_0, 0;
    %jmp T_0.3;
T_0.2 ;
    %load/vec4 v0x636b685fa140_0;
    %flag_set/vec4 8;
    %jmp/0xz  T_0.4, 8;
    %load/vec4 v0x636b685f9f20_0;
    %assign/vec4 v0x636b685f9e40_0, 0;
T_0.4 ;
T_0.3 ;
T_0.1 ;
    %jmp T_0;
    .thread T_0;
    .scope S_0x636b685fa2f0;
T_1 ;
    %wait E_0x636b685cbf80;
    %load/vec4 v0x636b685faac0_0;
    %flag_set/vec4 8;
    %jmp/0xz  T_1.0, 8;
    %pushi/vec4 0, 0, 4;
    %assign/vec4 v0x636b685fa660_0, 0;
    %jmp T_1.1;
T_1.0 ;
    %load/vec4 v0x636b685fa8e0_0;
    %flag_set/vec4 8;
    %jmp/0xz  T_1.2, 8;
    %pushi/vec4 0, 0, 4;
    %assign/vec4 v0x636b685fa660_0, 0;
    %jmp T_1.3;
T_1.2 ;
    %load/vec4 v0x636b685faa20_0;
    %flag_set/vec4 8;
    %jmp/0xz  T_1.4, 8;
    %load/vec4 v0x636b685fa660_0;
    %load/vec4 v0x636b685fa580_0;
    %load/vec4 v0x636b685fa7f0_0;
    %part/u 1;
    %pad/u 4;
    %add;
    %assign/vec4 v0x636b685fa660_0, 0;
T_1.4 ;
T_1.3 ;
T_1.1 ;
    %jmp T_1;
    .thread T_1;
    .scope S_0x636b685fac50;
T_2 ;
    %wait E_0x636b685cd1a0;
    %load/vec4 v0x636b685fb1b0_0;
    %flag_set/vec4 8;
    %jmp/0xz  T_2.0, 8;
    %pushi/vec4 0, 0, 4;
    %assign/vec4 v0x636b685fafb0_0, 0;
    %jmp T_2.1;
T_2.0 ;
    %load/vec4 v0x636b685fb110_0;
    %flag_set/vec4 8;
    %jmp/0xz  T_2.2, 8;
    %load/vec4 v0x636b685fb070_0;
    %assign/vec4 v0x636b685fafb0_0, 0;
T_2.2 ;
T_2.1 ;
    %jmp T_2;
    .thread T_2;
    .scope S_0x636b685f8b40;
T_3 ;
    %wait E_0x636b685cbf80;
    %load/vec4 v0x636b685f9500_0;
    %flag_set/vec4 8;
    %jmp/0xz  T_3.0, 8;
    %pushi/vec4 0, 0, 2;
    %assign/vec4 v0x636b685f95c0_0, 0;
    %jmp T_3.1;
T_3.0 ;
    %load/vec4 v0x636b685f9420_0;
    %assign/vec4 v0x636b685f95c0_0, 0;
T_3.1 ;
    %jmp T_3;
    .thread T_3;
    .scope S_0x636b685f8b40;
T_4 ;
    %wait E_0x636b685cc2c0;
    %load/vec4 v0x636b685f95c0_0;
    %dup/vec4;
    %pushi/vec4 0, 0, 2;
    %cmp/u;
    %jmp/1 T_4.0, 6;
    %dup/vec4;
    %pushi/vec4 1, 0, 2;
    %cmp/u;
    %jmp/1 T_4.1, 6;
    %dup/vec4;
    %pushi/vec4 2, 0, 2;
    %cmp/u;
    %jmp/1 T_4.2, 6;
    %dup/vec4;
    %pushi/vec4 3, 0, 2;
    %cmp/u;
    %jmp/1 T_4.3, 6;
    %pushi/vec4 0, 0, 2;
    %store/vec4 v0x636b685f9420_0, 0, 2;
    %jmp T_4.5;
T_4.0 ;
    %load/vec4 v0x636b685f90d0_0;
    %flag_set/vec4 8;
    %jmp/0xz  T_4.6, 8;
    %pushi/vec4 1, 0, 2;
    %store/vec4 v0x636b685f9420_0, 0, 2;
    %jmp T_4.7;
T_4.6 ;
    %pushi/vec4 0, 0, 2;
    %store/vec4 v0x636b685f9420_0, 0, 2;
T_4.7 ;
    %jmp T_4.5;
T_4.1 ;
    %pushi/vec4 2, 0, 2;
    %store/vec4 v0x636b685f9420_0, 0, 2;
    %jmp T_4.5;
T_4.2 ;
    %load/vec4 v0x636b685b36f0_0;
    %flag_set/vec4 8;
    %jmp/0xz  T_4.8, 8;
    %pushi/vec4 3, 0, 2;
    %store/vec4 v0x636b685f9420_0, 0, 2;
    %jmp T_4.9;
T_4.8 ;
    %pushi/vec4 2, 0, 2;
    %store/vec4 v0x636b685f9420_0, 0, 2;
T_4.9 ;
    %jmp T_4.5;
T_4.3 ;
    %load/vec4 v0x636b685f90d0_0;
    %nor/r;
    %flag_set/vec4 8;
    %jmp/0xz  T_4.10, 8;
    %pushi/vec4 0, 0, 2;
    %store/vec4 v0x636b685f9420_0, 0, 2;
    %jmp T_4.11;
T_4.10 ;
    %pushi/vec4 3, 0, 2;
    %store/vec4 v0x636b685f9420_0, 0, 2;
T_4.11 ;
    %jmp T_4.5;
T_4.5 ;
    %pop/vec4 1;
    %jmp T_4;
    .thread T_4, $push;
    .scope S_0x636b685f8b40;
T_5 ;
    %wait E_0x636b685cbf40;
    %pushi/vec4 0, 0, 1;
    %store/vec4 v0x636b685f9190_0, 0, 1;
    %pushi/vec4 0, 0, 1;
    %store/vec4 v0x636b685f92a0_0, 0, 1;
    %pushi/vec4 0, 0, 1;
    %store/vec4 v0x636b685f9360_0, 0, 1;
    %pushi/vec4 0, 0, 1;
    %store/vec4 v0x636b685f9030_0, 0, 1;
    %load/vec4 v0x636b685f95c0_0;
    %dup/vec4;
    %pushi/vec4 0, 0, 2;
    %cmp/u;
    %jmp/1 T_5.0, 6;
    %dup/vec4;
    %pushi/vec4 1, 0, 2;
    %cmp/u;
    %jmp/1 T_5.1, 6;
    %dup/vec4;
    %pushi/vec4 2, 0, 2;
    %cmp/u;
    %jmp/1 T_5.2, 6;
    %dup/vec4;
    %pushi/vec4 3, 0, 2;
    %cmp/u;
    %jmp/1 T_5.3, 6;
    %jmp T_5.5;
T_5.0 ;
    %jmp T_5.5;
T_5.1 ;
    %pushi/vec4 1, 0, 1;
    %store/vec4 v0x636b685f9190_0, 0, 1;
    %jmp T_5.5;
T_5.2 ;
    %pushi/vec4 1, 0, 1;
    %store/vec4 v0x636b685f92a0_0, 0, 1;
    %pushi/vec4 1, 0, 1;
    %store/vec4 v0x636b685f9360_0, 0, 1;
    %jmp T_5.5;
T_5.3 ;
    %pushi/vec4 1, 0, 1;
    %store/vec4 v0x636b685f9030_0, 0, 1;
    %jmp T_5.5;
T_5.5 ;
    %pop/vec4 1;
    %jmp T_5;
    .thread T_5, $push;
    .scope S_0x636b685cb5e0;
T_6 ;
    %pushi/vec4 0, 0, 1;
    %store/vec4 v0x636b685fc280_0, 0, 1;
T_6.0 ;
    %delay 10000, 0;
    %load/vec4 v0x636b685fc280_0;
    %inv;
    %store/vec4 v0x636b685fc280_0, 0, 1;
    %delay 10000, 0;
    %load/vec4 v0x636b685fc280_0;
    %inv;
    %store/vec4 v0x636b685fc280_0, 0, 1;
    %jmp T_6.0;
    %end;
    .thread T_6;
    .scope S_0x636b685cb5e0;
T_7 ;
    %pushi/vec4 1, 0, 1;
    %store/vec4 v0x636b685fc590_0, 0, 1;
    %pushi/vec4 0, 0, 1;
    %store/vec4 v0x636b685fc410_0, 0, 1;
    %pushi/vec4 340, 0, 9;
    %store/vec4 v0x636b685fc090_0, 0, 9;
    %delay 40000, 0;
    %pushi/vec4 0, 0, 1;
    %store/vec4 v0x636b685fc590_0, 0, 1;
    %wait E_0x636b685cd1a0;
    %pushi/vec4 1, 0, 1;
    %store/vec4 v0x636b685fc410_0, 0, 1;
    %wait E_0x636b685cd1a0;
    %pushi/vec4 0, 0, 1;
    %store/vec4 v0x636b685fc410_0, 0, 1;
T_7.0 ;
    %load/vec4 v0x636b685fc320_0;
    %cmpi/ne 1, 0, 1;
    %jmp/0xz T_7.1, 6;
    %wait E_0x636b685cfc20;
    %jmp T_7.0;
T_7.1 ;
    %vpi_call/w 3 68 "$display", "=================================" {0 0 0};
    %vpi_call/w 3 69 "$display", "CASO 1" {0 0 0};
    %vpi_call/w 3 70 "$display", "A        = %b", v0x636b685fc090_0 {0 0 0};
    %vpi_call/w 3 71 "$display", "Paridad  = %b", v0x636b685fc170_0 {0 0 0};
    %vpi_call/w 3 72 "$display", "Esperado = 0" {0 0 0};
    %vpi_call/w 3 73 "$display", "=================================" {0 0 0};
    %pushi/vec4 1, 0, 1;
    %store/vec4 v0x636b685fc590_0, 0, 1;
    %pushi/vec4 0, 0, 1;
    %store/vec4 v0x636b685fc410_0, 0, 1;
    %delay 40000, 0;
    %pushi/vec4 0, 0, 1;
    %store/vec4 v0x636b685fc590_0, 0, 1;
    %pushi/vec4 340, 0, 9;
    %store/vec4 v0x636b685fc090_0, 0, 9;
    %wait E_0x636b685cd1a0;
    %pushi/vec4 1, 0, 1;
    %store/vec4 v0x636b685fc410_0, 0, 1;
    %wait E_0x636b685cd1a0;
    %pushi/vec4 0, 0, 1;
    %store/vec4 v0x636b685fc410_0, 0, 1;
T_7.2 ;
    %load/vec4 v0x636b685fc320_0;
    %cmpi/ne 1, 0, 1;
    %jmp/0xz T_7.3, 6;
    %wait E_0x636b685cfc20;
    %jmp T_7.2;
T_7.3 ;
    %vpi_call/w 3 95 "$display", "=================================" {0 0 0};
    %vpi_call/w 3 96 "$display", "CASO 2" {0 0 0};
    %vpi_call/w 3 97 "$display", "A        = %b", v0x636b685fc090_0 {0 0 0};
    %vpi_call/w 3 98 "$display", "Paridad  = %b", v0x636b685fc170_0 {0 0 0};
    %vpi_call/w 3 99 "$display", "Esperado = 1" {0 0 0};
    %vpi_call/w 3 100 "$display", "=================================" {0 0 0};
    %delay 50000, 0;
    %vpi_call/w 3 103 "$finish" {0 0 0};
    %end;
    .thread T_7;
    .scope S_0x636b685cb5e0;
T_8 ;
    %vpi_call/w 3 109 "$dumpfile", "Paridad_Top_TB.vcd" {0 0 0};
    %vpi_call/w 3 110 "$dumpvars", 32'sb00000000000000000000000000000000, S_0x636b685cb5e0 {0 0 0};
    %end;
    .thread T_8;
# The file index is used to find the file name in the following table.
:file_names 12;
    "N/A";
    "<interactive>";
    "-";
    "Paridad_Top_TB.v";
    "Paridad_Top.v";
    "Check_i.v";
    "Cont_i.v";
    "Control_Paridad.v";
    "Par.v";
    "Reg_A.v";
    "Reg_B.v";
    "Reg_i.v";
