#! /usr/bin/vvp
:ivl_version "12.0 (stable)";
:ivl_delay_selection "TYPICAL";
:vpi_time_precision - 12;
:vpi_module "/usr/lib/x86_64-linux-gnu/ivl/system.vpi";
:vpi_module "/usr/lib/x86_64-linux-gnu/ivl/vhdl_sys.vpi";
:vpi_module "/usr/lib/x86_64-linux-gnu/ivl/vhdl_textio.vpi";
:vpi_module "/usr/lib/x86_64-linux-gnu/ivl/v2005_math.vpi";
:vpi_module "/usr/lib/x86_64-linux-gnu/ivl/va_math.vpi";
:vpi_module "/usr/lib/x86_64-linux-gnu/ivl/v2009.vpi";
S_0x58bfeffa1430 .scope package, "$unit" "$unit" 2 1;
 .timescale 0 0;
S_0x58bfeffa15c0 .scope module, "peripheral_bcd2bin_TB" "peripheral_bcd2bin_TB" 3 3;
 .timescale -9 -12;
P_0x58bfeff958d0 .param/l "PERIOD" 0 3 41, +C4<00000000000000000000000000010100>;
v0x58bfeffe4720_0 .var "addr", 4 0;
v0x58bfeffe4800_0 .var "clk", 0 0;
v0x58bfeffe48a0_0 .var "cs", 0 0;
v0x58bfeffe4940_0 .var "d_in", 31 0;
v0x58bfeffe49e0_0 .net "d_out", 31 0, v0x58bfeffe4100_0;  1 drivers
v0x58bfeffe4a80_0 .var "rd", 0 0;
v0x58bfeffe4b20_0 .var "reset", 0 0;
v0x58bfeffe4bc0_0 .var "wr", 0 0;
E_0x58bfeff9a950 .event posedge, v0x58bfeffdedf0_0;
E_0x58bfeff9d860 .event anyedge, v0x58bfeffdee90_0;
S_0x58bfeffaa110 .scope module, "uut" "peripheral_bcd2bin" 3 21, 4 1 0, S_0x58bfeffa15c0;
 .timescale -9 -12;
    .port_info 0 /INPUT 1 "clk";
    .port_info 1 /INPUT 1 "reset";
    .port_info 2 /INPUT 32 "d_in";
    .port_info 3 /INPUT 1 "cs";
    .port_info 4 /INPUT 5 "addr";
    .port_info 5 /INPUT 1 "rd";
    .port_info 6 /INPUT 1 "wr";
    .port_info 7 /OUTPUT 32 "d_out";
v0x58bfeffe3bc0_0 .net "B", 31 0, v0x58bfeffe11a0_0;  1 drivers
v0x58bfeffe3ca0_0 .net "addr", 4 0, v0x58bfeffe4720_0;  1 drivers
v0x58bfeffe3d80_0 .var "bcdin", 31 0;
v0x58bfeffe3e70_0 .net "clk", 0 0, v0x58bfeffe4800_0;  1 drivers
v0x58bfeffe3f10_0 .net "cs", 0 0, v0x58bfeffe48a0_0;  1 drivers
v0x58bfeffe4020_0 .net "d_in", 31 0, v0x58bfeffe4940_0;  1 drivers
v0x58bfeffe4100_0 .var "d_out", 31 0;
v0x58bfeffe41e0_0 .net "done", 0 0, v0x58bfeffdee90_0;  1 drivers
v0x58bfeffe42d0_0 .var "init", 0 0;
v0x58bfeffe4400_0 .net "rd", 0 0, v0x58bfeffe4a80_0;  1 drivers
v0x58bfeffe44c0_0 .net "reset", 0 0, v0x58bfeffe4b20_0;  1 drivers
v0x58bfeffe4560_0 .net "wr", 0 0, v0x58bfeffe4bc0_0;  1 drivers
E_0x58bfeff9b6f0/0 .event anyedge, v0x58bfeffe3f10_0, v0x58bfeffe4400_0, v0x58bfeffe3ca0_0, v0x58bfeffe07d0_0;
E_0x58bfeff9b6f0/1 .event anyedge, v0x58bfeffdee90_0;
E_0x58bfeff9b6f0 .event/or E_0x58bfeff9b6f0/0, E_0x58bfeff9b6f0/1;
S_0x58bfeffaa2a0 .scope module, "bcd2bin0" "BCDBIN_TOP" 4 96, 5 1 0, S_0x58bfeffaa110;
 .timescale -9 -12;
    .port_info 0 /INPUT 1 "clk";
    .port_info 1 /INPUT 1 "rst";
    .port_info 2 /INPUT 1 "init";
    .port_info 3 /INPUT 32 "bcdin";
    .port_info 4 /OUTPUT 32 "B";
    .port_info 5 /OUTPUT 1 "done";
v0x58bfeffe2980_0 .net "B", 31 0, v0x58bfeffe11a0_0;  alias, 1 drivers
v0x58bfeffe2ab0_0 .net "B_temp", 31 0, L_0x58bfefff53f0;  1 drivers
v0x58bfeffe2bc0_0 .net "DONE", 0 0, L_0x58bfefff5780;  1 drivers
v0x58bfeffe2cb0_0 .net "bcd", 31 0, v0x58bfeffe1360_0;  1 drivers
v0x58bfeffe2da0_0 .net "bcdin", 31 0, v0x58bfeffe3d80_0;  1 drivers
v0x58bfeffe2eb0_0 .net "clk", 0 0, v0x58bfeffe4800_0;  alias, 1 drivers
v0x58bfeffe2fe0_0 .net "dig", 3 0, L_0x58bfeffe4c60;  1 drivers
v0x58bfeffe3080_0 .net "dig_c", 31 0, L_0x58bfefff4da0;  1 drivers
v0x58bfeffe3190_0 .net "done", 0 0, v0x58bfeffdee90_0;  alias, 1 drivers
v0x58bfeffe32c0_0 .net "h", 5 0, v0x58bfeffe1c60_0;  1 drivers
v0x58bfeffe3360_0 .net "h_temp", 5 0, L_0x58bfefff55b0;  1 drivers
v0x58bfeffe3420_0 .net "i", 4 0, v0x58bfeffe24e0_0;  1 drivers
v0x58bfeffe34e0_0 .net "i_temp", 4 0, L_0x58bfefff5650;  1 drivers
v0x58bfeffe35f0_0 .net "init", 0 0, v0x58bfeffe42d0_0;  1 drivers
v0x58bfeffe3720_0 .net "load_B", 0 0, v0x58bfeffdeff0_0;  1 drivers
v0x58bfeffe37c0_0 .net "load_h", 0 0, v0x58bfeffdf100_0;  1 drivers
v0x58bfeffe38b0_0 .net "load_i", 0 0, v0x58bfeffdf1c0_0;  1 drivers
v0x58bfeffe39a0_0 .net "rst", 0 0, v0x58bfeffe4b20_0;  alias, 1 drivers
v0x58bfeffe3a40_0 .net "s", 31 0, L_0x58bfefff52b0;  1 drivers
S_0x58bfeffad790 .scope module, "CMP" "comp" 5 148, 6 1 0, S_0x58bfeffaa2a0;
 .timescale -9 -12;
    .port_info 0 /INPUT 5 "i";
    .port_info 1 /OUTPUT 1 "DONE";
v0x58bfeff88fd0_0 .net "DONE", 0 0, L_0x58bfefff5780;  alias, 1 drivers
L_0x7266d7724180 .functor BUFT 1, C4<00000>, C4<0>, C4<0>, C4<0>;
v0x58bfeff890a0_0 .net/2u *"_ivl_0", 4 0, L_0x7266d7724180;  1 drivers
v0x58bfeff88590_0 .net "i", 4 0, v0x58bfeffe24e0_0;  alias, 1 drivers
L_0x58bfefff5780 .cmp/eq 5, v0x58bfeffe24e0_0, L_0x7266d7724180;
S_0x58bfeffde040 .scope module, "CONT" "cont" 5 138, 7 1 0, S_0x58bfeffaa2a0;
 .timescale -9 -12;
    .port_info 0 /INPUT 6 "h";
    .port_info 1 /INPUT 5 "i";
    .port_info 2 /OUTPUT 6 "h_temp";
    .port_info 3 /OUTPUT 5 "i_temp";
L_0x7266d77240f0 .functor BUFT 1, C4<000100>, C4<0>, C4<0>, C4<0>;
v0x58bfeff88690_0 .net/2u *"_ivl_0", 5 0, L_0x7266d77240f0;  1 drivers
L_0x7266d7724138 .functor BUFT 1, C4<00001>, C4<0>, C4<0>, C4<0>;
v0x58bfeff87a20_0 .net/2u *"_ivl_4", 4 0, L_0x7266d7724138;  1 drivers
v0x58bfeff87b20_0 .net "h", 5 0, v0x58bfeffe1c60_0;  alias, 1 drivers
v0x58bfeffde2c0_0 .net "h_temp", 5 0, L_0x58bfefff55b0;  alias, 1 drivers
v0x58bfeffde3a0_0 .net "i", 4 0, v0x58bfeffe24e0_0;  alias, 1 drivers
v0x58bfeffde4b0_0 .net "i_temp", 4 0, L_0x58bfefff5650;  alias, 1 drivers
L_0x58bfefff55b0 .arith/sub 6, v0x58bfeffe1c60_0, L_0x7266d77240f0;
L_0x58bfefff5650 .arith/sub 5, v0x58bfeffe24e0_0, L_0x7266d7724138;
S_0x58bfeffde5f0 .scope module, "CTRL" "Control_bcdbin" 5 160, 8 1 0, S_0x58bfeffaa2a0;
 .timescale -9 -12;
    .port_info 0 /INPUT 1 "clk";
    .port_info 1 /INPUT 1 "rst";
    .port_info 2 /INPUT 1 "init";
    .port_info 3 /INPUT 1 "DONE";
    .port_info 4 /OUTPUT 1 "load_B";
    .port_info 5 /OUTPUT 1 "load_h";
    .port_info 6 /OUTPUT 1 "load_i";
    .port_info 7 /OUTPUT 1 "done";
P_0x58bfeffde7d0 .param/l "S_CHARGE" 0 8 24, C4<100>;
P_0x58bfeffde810 .param/l "S_CHK_I" 0 8 22, C4<010>;
P_0x58bfeffde850 .param/l "S_DONE" 0 8 25, C4<101>;
P_0x58bfeffde890 .param/l "S_INIT" 0 8 20, C4<000>;
P_0x58bfeffde8d0 .param/l "S_LOAD" 0 8 21, C4<001>;
P_0x58bfeffde910 .param/l "S_PROCESS" 0 8 23, C4<011>;
v0x58bfeffded30_0 .net "DONE", 0 0, L_0x58bfefff5780;  alias, 1 drivers
v0x58bfeffdedf0_0 .net "clk", 0 0, v0x58bfeffe4800_0;  alias, 1 drivers
v0x58bfeffdee90_0 .var "done", 0 0;
v0x58bfeffdef30_0 .net "init", 0 0, v0x58bfeffe42d0_0;  alias, 1 drivers
v0x58bfeffdeff0_0 .var "load_B", 0 0;
v0x58bfeffdf100_0 .var "load_h", 0 0;
v0x58bfeffdf1c0_0 .var "load_i", 0 0;
v0x58bfeffdf280_0 .var "next_state", 2 0;
v0x58bfeffdf360_0 .net "rst", 0 0, v0x58bfeffe4b20_0;  alias, 1 drivers
v0x58bfeffdf420_0 .var "state", 2 0;
E_0x58bfeffc3e50 .event anyedge, v0x58bfeffdf420_0;
E_0x58bfeffdec70 .event anyedge, v0x58bfeffdf420_0, v0x58bfeffdef30_0, v0x58bfeff88fd0_0;
E_0x58bfeffdecd0 .event posedge, v0x58bfeffdf360_0, v0x58bfeffdedf0_0;
S_0x58bfeffdf600 .scope module, "DB" "decB2" 5 125, 9 1 0, S_0x58bfeffaa2a0;
 .timescale -9 -12;
    .port_info 0 /INPUT 32 "s";
    .port_info 1 /INPUT 32 "dig_c";
    .port_info 2 /OUTPUT 32 "B_temp";
v0x58bfeffdf800_0 .net "B_temp", 31 0, L_0x58bfefff53f0;  alias, 1 drivers
v0x58bfeffdf900_0 .net "dig_c", 31 0, L_0x58bfefff4da0;  alias, 1 drivers
v0x58bfeffdf9e0_0 .net "s", 31 0, L_0x58bfefff52b0;  alias, 1 drivers
L_0x58bfefff53f0 .arith/sum 32, L_0x58bfefff52b0, L_0x58bfefff4da0;
S_0x58bfeffdfb20 .scope module, "DD" "decdig" 5 92, 10 1 0, S_0x58bfeffaa2a0;
 .timescale -9 -12;
    .port_info 0 /INPUT 32 "bcd";
    .port_info 1 /INPUT 6 "h";
    .port_info 2 /OUTPUT 4 "dig";
v0x58bfeffdfda0_0 .net "bcd", 31 0, v0x58bfeffe1360_0;  alias, 1 drivers
v0x58bfeffdfea0_0 .net "dig", 3 0, L_0x58bfeffe4c60;  alias, 1 drivers
v0x58bfeffdff80_0 .net "h", 5 0, v0x58bfeffe1c60_0;  alias, 1 drivers
L_0x58bfeffe4c60 .part/v v0x58bfeffe1360_0, v0x58bfeffe1c60_0, 4;
S_0x58bfeffe0080 .scope module, "DDC" "decdig_c" 5 101, 11 1 0, S_0x58bfeffaa2a0;
 .timescale -9 -12;
    .port_info 0 /INPUT 4 "dig";
    .port_info 1 /OUTPUT 32 "dig_c";
L_0x7266d7724018 .functor BUFT 1, C4<0000000000000000000000000000>, C4<0>, C4<0>, C4<0>;
v0x58bfeffe02a0_0 .net/2u *"_ivl_0", 27 0, L_0x7266d7724018;  1 drivers
v0x58bfeffe03a0_0 .net "dig", 3 0, L_0x58bfeffe4c60;  alias, 1 drivers
v0x58bfeffe0490_0 .net "dig_c", 31 0, L_0x58bfefff4da0;  alias, 1 drivers
L_0x58bfefff4da0 .concat [ 4 28 0 0], L_0x58bfeffe4c60, L_0x7266d7724018;
S_0x58bfeffe05b0 .scope module, "DS" "decs" 5 113, 12 1 0, S_0x58bfeffaa2a0;
 .timescale -9 -12;
    .port_info 0 /INPUT 32 "B";
    .port_info 1 /OUTPUT 32 "s";
v0x58bfeffe07d0_0 .net "B", 31 0, v0x58bfeffe11a0_0;  alias, 1 drivers
v0x58bfeffe08d0_0 .net *"_ivl_0", 31 0, L_0x58bfefff5000;  1 drivers
L_0x7266d77240a8 .functor BUFT 1, C4<0>, C4<0>, C4<0>, C4<0>;
v0x58bfeffe09b0_0 .net *"_ivl_10", 0 0, L_0x7266d77240a8;  1 drivers
v0x58bfeffe0aa0_0 .net *"_ivl_2", 28 0, L_0x58bfefff4ed0;  1 drivers
L_0x7266d7724060 .functor BUFT 1, C4<000>, C4<0>, C4<0>, C4<0>;
v0x58bfeffe0b80_0 .net *"_ivl_4", 2 0, L_0x7266d7724060;  1 drivers
v0x58bfeffe0cb0_0 .net *"_ivl_6", 31 0, L_0x58bfefff5140;  1 drivers
v0x58bfeffe0d90_0 .net *"_ivl_8", 30 0, L_0x58bfefff50a0;  1 drivers
v0x58bfeffe0e70_0 .net "s", 31 0, L_0x58bfefff52b0;  alias, 1 drivers
L_0x58bfefff4ed0 .part v0x58bfeffe11a0_0, 0, 29;
L_0x58bfefff5000 .concat [ 3 29 0 0], L_0x7266d7724060, L_0x58bfefff4ed0;
L_0x58bfefff50a0 .part v0x58bfeffe11a0_0, 0, 31;
L_0x58bfefff5140 .concat [ 1 31 0 0], L_0x7266d77240a8, L_0x58bfefff50a0;
L_0x58bfefff52b0 .arith/sum 32, L_0x58bfefff5000, L_0x58bfefff5140;
S_0x58bfeffe0f70 .scope module, "RB" "Reg_B" 5 46, 13 1 0, S_0x58bfeffaa2a0;
 .timescale -9 -12;
    .port_info 0 /INPUT 1 "rst";
    .port_info 1 /INPUT 1 "clk";
    .port_info 2 /INPUT 1 "load_B";
    .port_info 3 /INPUT 32 "B_temp";
    .port_info 4 /OUTPUT 32 "B";
    .port_info 5 /OUTPUT 32 "bcd";
    .port_info 6 /INPUT 32 "bcdin";
    .port_info 7 /INPUT 1 "init";
v0x58bfeffe11a0_0 .var "B", 31 0;
v0x58bfeffe1290_0 .net "B_temp", 31 0, L_0x58bfefff53f0;  alias, 1 drivers
v0x58bfeffe1360_0 .var "bcd", 31 0;
v0x58bfeffe1460_0 .net "bcdin", 31 0, v0x58bfeffe3d80_0;  alias, 1 drivers
v0x58bfeffe1500_0 .net "clk", 0 0, v0x58bfeffe4800_0;  alias, 1 drivers
v0x58bfeffe15f0_0 .net "init", 0 0, v0x58bfeffe42d0_0;  alias, 1 drivers
v0x58bfeffe16c0_0 .net "load_B", 0 0, v0x58bfeffdeff0_0;  alias, 1 drivers
v0x58bfeffe1790_0 .net "rst", 0 0, v0x58bfeffe4b20_0;  alias, 1 drivers
S_0x58bfeffe1930 .scope module, "RH" "Reg_h" 5 62, 14 1 0, S_0x58bfeffaa2a0;
 .timescale -9 -12;
    .port_info 0 /INPUT 1 "rst";
    .port_info 1 /INPUT 1 "clk";
    .port_info 2 /INPUT 1 "load_h";
    .port_info 3 /INPUT 6 "h_temp";
    .port_info 4 /OUTPUT 6 "h";
    .port_info 5 /INPUT 1 "init";
v0x58bfeffe1ba0_0 .net "clk", 0 0, v0x58bfeffe4800_0;  alias, 1 drivers
v0x58bfeffe1c60_0 .var "h", 5 0;
v0x58bfeffe1d70_0 .net "h_temp", 5 0, L_0x58bfefff55b0;  alias, 1 drivers
v0x58bfeffe1e10_0 .net "init", 0 0, v0x58bfeffe42d0_0;  alias, 1 drivers
v0x58bfeffe1f00_0 .net "load_h", 0 0, v0x58bfeffdf100_0;  alias, 1 drivers
v0x58bfeffe1ff0_0 .net "rst", 0 0, v0x58bfeffe4b20_0;  alias, 1 drivers
S_0x58bfeffe21a0 .scope module, "RI" "Reg_i" 5 75, 15 1 0, S_0x58bfeffaa2a0;
 .timescale -9 -12;
    .port_info 0 /INPUT 1 "rst";
    .port_info 1 /INPUT 1 "clk";
    .port_info 2 /INPUT 1 "load_i";
    .port_info 3 /INPUT 5 "i_temp";
    .port_info 4 /OUTPUT 5 "i";
    .port_info 5 /INPUT 1 "init";
v0x58bfeffe2420_0 .net "clk", 0 0, v0x58bfeffe4800_0;  alias, 1 drivers
v0x58bfeffe24e0_0 .var "i", 4 0;
v0x58bfeffe25f0_0 .net "i_temp", 4 0, L_0x58bfefff5650;  alias, 1 drivers
v0x58bfeffe2690_0 .net "init", 0 0, v0x58bfeffe42d0_0;  alias, 1 drivers
v0x58bfeffe2730_0 .net "load_i", 0 0, v0x58bfeffdf1c0_0;  alias, 1 drivers
v0x58bfeffe2820_0 .net "rst", 0 0, v0x58bfeffe4b20_0;  alias, 1 drivers
    .scope S_0x58bfeffe0f70;
T_0 ;
    %wait E_0x58bfeffdecd0;
    %load/vec4 v0x58bfeffe1790_0;
    %flag_set/vec4 8;
    %jmp/0xz  T_0.0, 8;
    %pushi/vec4 0, 0, 32;
    %assign/vec4 v0x58bfeffe11a0_0, 0;
    %pushi/vec4 0, 0, 32;
    %assign/vec4 v0x58bfeffe1360_0, 0;
    %jmp T_0.1;
T_0.0 ;
    %load/vec4 v0x58bfeffe15f0_0;
    %flag_set/vec4 8;
    %jmp/0xz  T_0.2, 8;
    %pushi/vec4 0, 0, 32;
    %assign/vec4 v0x58bfeffe11a0_0, 0;
    %load/vec4 v0x58bfeffe1460_0;
    %assign/vec4 v0x58bfeffe1360_0, 0;
    %jmp T_0.3;
T_0.2 ;
    %load/vec4 v0x58bfeffe16c0_0;
    %flag_set/vec4 8;
    %jmp/0xz  T_0.4, 8;
    %load/vec4 v0x58bfeffe1290_0;
    %assign/vec4 v0x58bfeffe11a0_0, 0;
T_0.4 ;
T_0.3 ;
T_0.1 ;
    %jmp T_0;
    .thread T_0;
    .scope S_0x58bfeffe1930;
T_1 ;
    %wait E_0x58bfeffdecd0;
    %load/vec4 v0x58bfeffe1ff0_0;
    %flag_set/vec4 8;
    %jmp/0xz  T_1.0, 8;
    %pushi/vec4 0, 0, 6;
    %assign/vec4 v0x58bfeffe1c60_0, 0;
    %jmp T_1.1;
T_1.0 ;
    %load/vec4 v0x58bfeffe1e10_0;
    %flag_set/vec4 8;
    %jmp/0xz  T_1.2, 8;
    %pushi/vec4 28, 0, 6;
    %assign/vec4 v0x58bfeffe1c60_0, 0;
    %jmp T_1.3;
T_1.2 ;
    %load/vec4 v0x58bfeffe1f00_0;
    %flag_set/vec4 8;
    %jmp/0xz  T_1.4, 8;
    %load/vec4 v0x58bfeffe1d70_0;
    %assign/vec4 v0x58bfeffe1c60_0, 0;
T_1.4 ;
T_1.3 ;
T_1.1 ;
    %jmp T_1;
    .thread T_1;
    .scope S_0x58bfeffe21a0;
T_2 ;
    %wait E_0x58bfeffdecd0;
    %load/vec4 v0x58bfeffe2820_0;
    %flag_set/vec4 8;
    %jmp/0xz  T_2.0, 8;
    %pushi/vec4 0, 0, 5;
    %assign/vec4 v0x58bfeffe24e0_0, 0;
    %jmp T_2.1;
T_2.0 ;
    %load/vec4 v0x58bfeffe2690_0;
    %flag_set/vec4 8;
    %jmp/0xz  T_2.2, 8;
    %pushi/vec4 8, 0, 5;
    %assign/vec4 v0x58bfeffe24e0_0, 0;
    %jmp T_2.3;
T_2.2 ;
    %load/vec4 v0x58bfeffe2730_0;
    %flag_set/vec4 8;
    %jmp/0xz  T_2.4, 8;
    %load/vec4 v0x58bfeffe25f0_0;
    %assign/vec4 v0x58bfeffe24e0_0, 0;
T_2.4 ;
T_2.3 ;
T_2.1 ;
    %jmp T_2;
    .thread T_2;
    .scope S_0x58bfeffde5f0;
T_3 ;
    %wait E_0x58bfeffdecd0;
    %load/vec4 v0x58bfeffdf360_0;
    %flag_set/vec4 8;
    %jmp/0xz  T_3.0, 8;
    %pushi/vec4 0, 0, 3;
    %assign/vec4 v0x58bfeffdf420_0, 0;
    %jmp T_3.1;
T_3.0 ;
    %load/vec4 v0x58bfeffdf280_0;
    %assign/vec4 v0x58bfeffdf420_0, 0;
T_3.1 ;
    %jmp T_3;
    .thread T_3;
    .scope S_0x58bfeffde5f0;
T_4 ;
    %wait E_0x58bfeffdec70;
    %load/vec4 v0x58bfeffdf420_0;
    %store/vec4 v0x58bfeffdf280_0, 0, 3;
    %load/vec4 v0x58bfeffdf420_0;
    %dup/vec4;
    %pushi/vec4 0, 0, 3;
    %cmp/u;
    %jmp/1 T_4.0, 6;
    %dup/vec4;
    %pushi/vec4 1, 0, 3;
    %cmp/u;
    %jmp/1 T_4.1, 6;
    %dup/vec4;
    %pushi/vec4 2, 0, 3;
    %cmp/u;
    %jmp/1 T_4.2, 6;
    %dup/vec4;
    %pushi/vec4 3, 0, 3;
    %cmp/u;
    %jmp/1 T_4.3, 6;
    %dup/vec4;
    %pushi/vec4 4, 0, 3;
    %cmp/u;
    %jmp/1 T_4.4, 6;
    %dup/vec4;
    %pushi/vec4 5, 0, 3;
    %cmp/u;
    %jmp/1 T_4.5, 6;
    %pushi/vec4 0, 0, 3;
    %store/vec4 v0x58bfeffdf280_0, 0, 3;
    %jmp T_4.7;
T_4.0 ;
    %load/vec4 v0x58bfeffdef30_0;
    %flag_set/vec4 8;
    %jmp/0xz  T_4.8, 8;
    %pushi/vec4 1, 0, 3;
    %store/vec4 v0x58bfeffdf280_0, 0, 3;
    %jmp T_4.9;
T_4.8 ;
    %pushi/vec4 0, 0, 3;
    %store/vec4 v0x58bfeffdf280_0, 0, 3;
T_4.9 ;
    %jmp T_4.7;
T_4.1 ;
    %pushi/vec4 2, 0, 3;
    %store/vec4 v0x58bfeffdf280_0, 0, 3;
    %jmp T_4.7;
T_4.2 ;
    %load/vec4 v0x58bfeffded30_0;
    %flag_set/vec4 8;
    %jmp/0xz  T_4.10, 8;
    %pushi/vec4 5, 0, 3;
    %store/vec4 v0x58bfeffdf280_0, 0, 3;
    %jmp T_4.11;
T_4.10 ;
    %pushi/vec4 3, 0, 3;
    %store/vec4 v0x58bfeffdf280_0, 0, 3;
T_4.11 ;
    %jmp T_4.7;
T_4.3 ;
    %pushi/vec4 4, 0, 3;
    %store/vec4 v0x58bfeffdf280_0, 0, 3;
    %jmp T_4.7;
T_4.4 ;
    %pushi/vec4 2, 0, 3;
    %store/vec4 v0x58bfeffdf280_0, 0, 3;
    %jmp T_4.7;
T_4.5 ;
    %pushi/vec4 5, 0, 3;
    %store/vec4 v0x58bfeffdf280_0, 0, 3;
    %jmp T_4.7;
T_4.7 ;
    %pop/vec4 1;
    %jmp T_4;
    .thread T_4, $push;
    .scope S_0x58bfeffde5f0;
T_5 ;
    %wait E_0x58bfeffc3e50;
    %pushi/vec4 0, 0, 1;
    %store/vec4 v0x58bfeffdeff0_0, 0, 1;
    %pushi/vec4 0, 0, 1;
    %store/vec4 v0x58bfeffdf100_0, 0, 1;
    %pushi/vec4 0, 0, 1;
    %store/vec4 v0x58bfeffdf1c0_0, 0, 1;
    %pushi/vec4 0, 0, 1;
    %store/vec4 v0x58bfeffdee90_0, 0, 1;
    %load/vec4 v0x58bfeffdf420_0;
    %dup/vec4;
    %pushi/vec4 1, 0, 3;
    %cmp/u;
    %jmp/1 T_5.0, 6;
    %dup/vec4;
    %pushi/vec4 3, 0, 3;
    %cmp/u;
    %jmp/1 T_5.1, 6;
    %dup/vec4;
    %pushi/vec4 4, 0, 3;
    %cmp/u;
    %jmp/1 T_5.2, 6;
    %dup/vec4;
    %pushi/vec4 5, 0, 3;
    %cmp/u;
    %jmp/1 T_5.3, 6;
    %jmp T_5.5;
T_5.0 ;
    %jmp T_5.5;
T_5.1 ;
    %jmp T_5.5;
T_5.2 ;
    %pushi/vec4 1, 0, 1;
    %store/vec4 v0x58bfeffdeff0_0, 0, 1;
    %pushi/vec4 1, 0, 1;
    %store/vec4 v0x58bfeffdf100_0, 0, 1;
    %pushi/vec4 1, 0, 1;
    %store/vec4 v0x58bfeffdf1c0_0, 0, 1;
    %jmp T_5.5;
T_5.3 ;
    %pushi/vec4 1, 0, 1;
    %store/vec4 v0x58bfeffdee90_0, 0, 1;
    %jmp T_5.5;
T_5.5 ;
    %pop/vec4 1;
    %jmp T_5;
    .thread T_5, $push;
    .scope S_0x58bfeffaa110;
T_6 ;
    %wait E_0x58bfeffdecd0;
    %load/vec4 v0x58bfeffe44c0_0;
    %flag_set/vec4 8;
    %jmp/0xz  T_6.0, 8;
    %pushi/vec4 0, 0, 32;
    %assign/vec4 v0x58bfeffe3d80_0, 0;
    %pushi/vec4 0, 0, 1;
    %assign/vec4 v0x58bfeffe42d0_0, 0;
    %jmp T_6.1;
T_6.0 ;
    %pushi/vec4 0, 0, 1;
    %assign/vec4 v0x58bfeffe42d0_0, 0;
    %load/vec4 v0x58bfeffe3f10_0;
    %flag_set/vec4 9;
    %flag_get/vec4 9;
    %jmp/0 T_6.4, 9;
    %load/vec4 v0x58bfeffe4560_0;
    %and;
T_6.4;
    %flag_set/vec4 8;
    %jmp/0xz  T_6.2, 8;
    %load/vec4 v0x58bfeffe3ca0_0;
    %dup/vec4;
    %pushi/vec4 4, 0, 5;
    %cmp/u;
    %jmp/1 T_6.5, 6;
    %dup/vec4;
    %pushi/vec4 12, 0, 5;
    %cmp/u;
    %jmp/1 T_6.6, 6;
    %jmp T_6.8;
T_6.5 ;
    %load/vec4 v0x58bfeffe4020_0;
    %assign/vec4 v0x58bfeffe3d80_0, 0;
    %jmp T_6.8;
T_6.6 ;
    %pushi/vec4 1, 0, 1;
    %assign/vec4 v0x58bfeffe42d0_0, 0;
    %jmp T_6.8;
T_6.8 ;
    %pop/vec4 1;
T_6.2 ;
T_6.1 ;
    %jmp T_6;
    .thread T_6;
    .scope S_0x58bfeffaa110;
T_7 ;
    %wait E_0x58bfeff9b6f0;
    %pushi/vec4 0, 0, 32;
    %store/vec4 v0x58bfeffe4100_0, 0, 32;
    %load/vec4 v0x58bfeffe3f10_0;
    %flag_set/vec4 9;
    %flag_get/vec4 9;
    %jmp/0 T_7.2, 9;
    %load/vec4 v0x58bfeffe4400_0;
    %and;
T_7.2;
    %flag_set/vec4 8;
    %jmp/0xz  T_7.0, 8;
    %load/vec4 v0x58bfeffe3ca0_0;
    %dup/vec4;
    %pushi/vec4 16, 0, 5;
    %cmp/u;
    %jmp/1 T_7.3, 6;
    %dup/vec4;
    %pushi/vec4 20, 0, 5;
    %cmp/u;
    %jmp/1 T_7.4, 6;
    %pushi/vec4 0, 0, 32;
    %store/vec4 v0x58bfeffe4100_0, 0, 32;
    %jmp T_7.6;
T_7.3 ;
    %load/vec4 v0x58bfeffe3bc0_0;
    %store/vec4 v0x58bfeffe4100_0, 0, 32;
    %jmp T_7.6;
T_7.4 ;
    %pushi/vec4 0, 0, 31;
    %load/vec4 v0x58bfeffe41e0_0;
    %concat/vec4; draw_concat_vec4
    %store/vec4 v0x58bfeffe4100_0, 0, 32;
    %jmp T_7.6;
T_7.6 ;
    %pop/vec4 1;
T_7.0 ;
    %jmp T_7;
    .thread T_7, $push;
    .scope S_0x58bfeffa15c0;
T_8 ;
    %delay 10000, 0;
    %load/vec4 v0x58bfeffe4800_0;
    %inv;
    %store/vec4 v0x58bfeffe4800_0, 0, 1;
    %jmp T_8;
    .thread T_8;
    .scope S_0x58bfeffa15c0;
T_9 ;
    %pushi/vec4 0, 0, 1;
    %store/vec4 v0x58bfeffe4800_0, 0, 1;
    %pushi/vec4 1, 0, 1;
    %store/vec4 v0x58bfeffe4b20_0, 0, 1;
    %pushi/vec4 0, 0, 1;
    %store/vec4 v0x58bfeffe48a0_0, 0, 1;
    %pushi/vec4 0, 0, 1;
    %store/vec4 v0x58bfeffe4a80_0, 0, 1;
    %pushi/vec4 0, 0, 1;
    %store/vec4 v0x58bfeffe4bc0_0, 0, 1;
    %pushi/vec4 0, 0, 5;
    %store/vec4 v0x58bfeffe4720_0, 0, 5;
    %pushi/vec4 0, 0, 32;
    %store/vec4 v0x58bfeffe4940_0, 0, 32;
    %delay 40000, 0;
    %pushi/vec4 0, 0, 1;
    %store/vec4 v0x58bfeffe4b20_0, 0, 1;
    %wait E_0x58bfeff9a950;
    %pushi/vec4 1, 0, 1;
    %store/vec4 v0x58bfeffe48a0_0, 0, 1;
    %pushi/vec4 1, 0, 1;
    %store/vec4 v0x58bfeffe4bc0_0, 0, 1;
    %pushi/vec4 4, 0, 5;
    %store/vec4 v0x58bfeffe4720_0, 0, 5;
    %pushi/vec4 37, 0, 32;
    %store/vec4 v0x58bfeffe4940_0, 0, 32;
    %wait E_0x58bfeff9a950;
    %pushi/vec4 0, 0, 1;
    %store/vec4 v0x58bfeffe48a0_0, 0, 1;
    %pushi/vec4 0, 0, 1;
    %store/vec4 v0x58bfeffe4bc0_0, 0, 1;
    %wait E_0x58bfeff9a950;
    %pushi/vec4 1, 0, 1;
    %store/vec4 v0x58bfeffe48a0_0, 0, 1;
    %pushi/vec4 1, 0, 1;
    %store/vec4 v0x58bfeffe4bc0_0, 0, 1;
    %pushi/vec4 12, 0, 5;
    %store/vec4 v0x58bfeffe4720_0, 0, 5;
    %wait E_0x58bfeff9a950;
    %pushi/vec4 0, 0, 1;
    %store/vec4 v0x58bfeffe48a0_0, 0, 1;
    %pushi/vec4 0, 0, 1;
    %store/vec4 v0x58bfeffe4bc0_0, 0, 1;
T_9.0 ;
    %load/vec4 v0x58bfeffe3190_0;
    %cmpi/ne 1, 0, 1;
    %jmp/0xz T_9.1, 6;
    %wait E_0x58bfeff9d860;
    %jmp T_9.0;
T_9.1 ;
    %wait E_0x58bfeff9a950;
    %pushi/vec4 1, 0, 1;
    %store/vec4 v0x58bfeffe48a0_0, 0, 1;
    %pushi/vec4 1, 0, 1;
    %store/vec4 v0x58bfeffe4a80_0, 0, 1;
    %pushi/vec4 16, 0, 5;
    %store/vec4 v0x58bfeffe4720_0, 0, 5;
    %delay 1000, 0;
    %vpi_call/w 3 115 "$display", "--------------------------------" {0 0 0};
    %vpi_call/w 3 116 "$display", "BCD      = %h", 32'b00000000000000000000000000100101 {0 0 0};
    %vpi_call/w 3 117 "$display", "Binario  = %d", v0x58bfeffe49e0_0 {0 0 0};
    %pushi/vec4 20, 0, 5;
    %store/vec4 v0x58bfeffe4720_0, 0, 5;
    %delay 1000, 0;
    %vpi_call/w 3 127 "$display", "Done     = %d", &PV<v0x58bfeffe49e0_0, 0, 1> {0 0 0};
    %vpi_call/w 3 128 "$display", "--------------------------------" {0 0 0};
    %delay 50000, 0;
    %vpi_call/w 3 132 "$finish" {0 0 0};
    %end;
    .thread T_9;
    .scope S_0x58bfeffa15c0;
T_10 ;
    %vpi_call/w 3 142 "$dumpfile", "peripheral_bcd2bin_TB.vcd" {0 0 0};
    %vpi_call/w 3 143 "$dumpvars", 32'sb00000000000000000000000000000000, S_0x58bfeffa15c0 {0 0 0};
    %end;
    .thread T_10;
# The file index is used to find the file name in the following table.
:file_names 16;
    "N/A";
    "<interactive>";
    "-";
    "peripheral_bcd2bin_TB.v";
    "peripheral_bcd2bin.v";
    "BCDBIN_TOP.v";
    "comp.v";
    "cont.v";
    "Control_bcdbin.v";
    "decB2.v";
    "decdig.v";
    "decdig_c.v";
    "decs.v";
    "Reg_B.v";
    "Reg_h.v";
    "Reg_i.v";
