
firmware.elf:     formato del fichero elf32-littleriscv

Secciones:
Idx Name          Size      VMA       LMA       File off  Algn
  0 everything    000004ce  00000000  00000000  00000054  2**2
                  CONTENTS, ALLOC, LOAD, CODE

Desensamblado de la sección everything:

00000000 <calculator>:
   0:	00002137          	lui	sp,0x2
   4:	00002137          	lui	sp,0x2

00000008 <loop>:
   8:	04400513          	li	a0,68
   c:	428000ef          	jal	ra,434 <putstring>
  10:	074000ef          	jal	ra,84 <get_number>
  14:	1d0000ef          	jal	ra,1e4 <bcd2bin>
  18:	00050333          	add	t1,a0,zero
  1c:	04400513          	li	a0,68
  20:	414000ef          	jal	ra,434 <putstring>
  24:	060000ef          	jal	ra,84 <get_number>
  28:	1bc000ef          	jal	ra,1e4 <bcd2bin>
  2c:	00050e33          	add	t3,a0,zero
  30:	00030533          	add	a0,t1,zero
  34:	000e05b3          	add	a1,t3,zero
  38:	44c000ef          	jal	ra,484 <test>
  3c:	0e4000ef          	jal	ra,120 <bin2bcd>
  40:	fc9ff06f          	j	8 <loop>

00000044 <number>:
  44:	0d0a                	slli	s10,s10,0x2
  46:	754e                	flw	fa0,240(sp)
  48:	626d                	lui	tp,0x1b
  4a:	7265                	lui	tp,0xffff9
  4c:	203a                	fld	ft0,392(sp)
	...

0000004f <operator>:
  4f:	0d0a                	slli	s10,s10,0x2
  51:	7265704f          	fnmadd.d	ft0,fa0,ft6,fa4
  55:	7461                	lui	s0,0xffff8
  57:	0020726f          	jal	tp,7059 <test+0x6bd5>

0000005b <result>:
  5b:	0d0a                	slli	s10,s10,0x2
  5d:	6552                	flw	fa0,20(sp)
  5f:	746c7573          	csrrci	a0,0x746,24
  63:	3d20                	fld	fs0,120(a0)
  65:	0020                	addi	s0,sp,8
  67:	1941                	addi	s2,s2,-16
  69:	0000                	unimp
  6b:	7200                	flw	fs0,32(a2)
  6d:	7369                	lui	t1,0xffffa
  6f:	01007663          	bgeu	zero,a6,7b <result+0x20>
  73:	0000000f          	fence	unknown,unknown
  77:	7205                	lui	tp,0xfffe1
  79:	3376                	fld	ft6,376(sp)
  7b:	6932                	flw	fs2,12(sp)
  7d:	7032                	flw	ft0,44(sp)
  7f:	0030                	addi	a2,sp,8
  81:	0000                	unimp
	...

00000084 <get_number>:
  84:	ff010113          	addi	sp,sp,-16 # 1ff0 <test+0x1b6c>
  88:	00112623          	sw	ra,12(sp)
  8c:	00812423          	sw	s0,8(sp)
  90:	00512223          	sw	t0,4(sp)
  94:	00612023          	sw	t1,0(sp)
  98:	00000413          	li	s0,0

0000009c <get_number_loop>:
  9c:	340000ef          	jal	ra,3dc <getchar>
  a0:	00050fb3          	add	t6,a0,zero
  a4:	2d0000ef          	jal	ra,374 <putchar>
  a8:	000f8533          	add	a0,t6,zero
  ac:	00a00293          	li	t0,10
  b0:	02550c63          	beq	a0,t0,e8 <get_number_done>
  b4:	00d00293          	li	t0,13
  b8:	02550863          	beq	a0,t0,e8 <get_number_done>
  bc:	02000293          	li	t0,32
  c0:	02550463          	beq	a0,t0,e8 <get_number_done>
  c4:	03000293          	li	t0,48
  c8:	fc554ae3          	blt	a0,t0,9c <get_number_loop>
  cc:	03900293          	li	t0,57
  d0:	fca2c6e3          	blt	t0,a0,9c <get_number_loop>
  d4:	00f57513          	andi	a0,a0,15
  d8:	00040333          	add	t1,s0,zero
  dc:	00441413          	slli	s0,s0,0x4
  e0:	00a46433          	or	s0,s0,a0
  e4:	fb9ff06f          	j	9c <get_number_loop>

000000e8 <get_number_done>:
  e8:	00040533          	add	a0,s0,zero
  ec:	00012303          	lw	t1,0(sp)
  f0:	00412283          	lw	t0,4(sp)
  f4:	00812403          	lw	s0,8(sp)
  f8:	00c12083          	lw	ra,12(sp)
  fc:	01010113          	addi	sp,sp,16
 100:	00008067          	ret
 104:	1941                	addi	s2,s2,-16
 106:	0000                	unimp
 108:	7200                	flw	fs0,32(a2)
 10a:	7369                	lui	t1,0xffffa
 10c:	01007663          	bgeu	zero,a6,118 <get_number_done+0x30>
 110:	0000000f          	fence	unknown,unknown
 114:	7205                	lui	tp,0xfffe1
 116:	3376                	fld	ft6,376(sp)
 118:	6932                	flw	fs2,12(sp)
 11a:	7032                	flw	ft0,44(sp)
 11c:	0030                	addi	a2,sp,8
	...

00000120 <bin2bcd>:
 120:	ff010113          	addi	sp,sp,-16
 124:	00112623          	sw	ra,12(sp)
 128:	00512423          	sw	t0,8(sp)
 12c:	00612223          	sw	t1,4(sp)
 130:	01c12023          	sw	t3,0(sp)
 134:	004401b7          	lui	gp,0x440
 138:	00a1a223          	sw	a0,4(gp) # 440004 <BIN2BCD_BASE+0x4>
 13c:	00100513          	li	a0,1
 140:	00a1a623          	sw	a0,12(gp)
 144:	0001a623          	sw	zero,12(gp)
 148:	00100293          	li	t0,1
 14c:	0141a303          	lw	t1,20(gp)
 150:	00537333          	and	t1,t1,t0
 154:	fe030ae3          	beqz	t1,148 <bin2bcd+0x28>
 158:	0101a503          	lw	a0,16(gp)
 15c:	000505b3          	add	a1,a0,zero
 160:	00a00513          	li	a0,10
 164:	210000ef          	jal	ra,374 <putchar>
 168:	00d00513          	li	a0,13
 16c:	208000ef          	jal	ra,374 <putchar>
 170:	00058533          	add	a0,a1,zero
 174:	01000e13          	li	t3,16
 178:	000582b3          	add	t0,a1,zero
 17c:	0102d293          	srli	t0,t0,0x10
 180:	00f2f293          	andi	t0,t0,15
 184:	03028293          	addi	t0,t0,48
 188:	00028533          	add	a0,t0,zero
 18c:	1e8000ef          	jal	ra,374 <putchar>
 190:	00459593          	slli	a1,a1,0x4
 194:	001e5e13          	srli	t3,t3,0x1
 198:	000e0463          	beqz	t3,1a0 <.PC0>
 19c:	fddff06f          	j	178 <bin2bcd+0x58>

000001a0 <.PC0>:
 1a0:	00a00513          	li	a0,10
 1a4:	1d0000ef          	jal	ra,374 <putchar>
 1a8:	00d00513          	li	a0,13
 1ac:	1c8000ef          	jal	ra,374 <putchar>
 1b0:	00012e03          	lw	t3,0(sp)
 1b4:	00412303          	lw	t1,4(sp)
 1b8:	00812283          	lw	t0,8(sp)
 1bc:	00c12083          	lw	ra,12(sp)
 1c0:	01010113          	addi	sp,sp,16
 1c4:	00008067          	ret
 1c8:	1941                	addi	s2,s2,-16
 1ca:	0000                	unimp
 1cc:	7200                	flw	fs0,32(a2)
 1ce:	7369                	lui	t1,0xffffa
 1d0:	01007663          	bgeu	zero,a6,1dc <.PC0+0x3c>
 1d4:	0000000f          	fence	unknown,unknown
 1d8:	7205                	lui	tp,0xfffe1
 1da:	3376                	fld	ft6,376(sp)
 1dc:	6932                	flw	fs2,12(sp)
 1de:	7032                	flw	ft0,44(sp)
 1e0:	0030                	addi	a2,sp,8
	...

000001e4 <bcd2bin>:
 1e4:	ff410113          	addi	sp,sp,-12
 1e8:	00112423          	sw	ra,8(sp)
 1ec:	00512223          	sw	t0,4(sp)
 1f0:	00612023          	sw	t1,0(sp)
 1f4:	004601b7          	lui	gp,0x460
 1f8:	00a1a223          	sw	a0,4(gp) # 460004 <BCD2BIN_BASE+0x4>
 1fc:	00100513          	li	a0,1
 200:	00a1a623          	sw	a0,12(gp)
 204:	0001a623          	sw	zero,12(gp)
 208:	00100293          	li	t0,1
 20c:	0141a303          	lw	t1,20(gp)
 210:	00537333          	and	t1,t1,t0
 214:	fe030ae3          	beqz	t1,208 <bcd2bin+0x24>
 218:	0101a503          	lw	a0,16(gp)
 21c:	00012303          	lw	t1,0(sp)
 220:	00412283          	lw	t0,4(sp)
 224:	00812083          	lw	ra,8(sp)
 228:	00c10113          	addi	sp,sp,12
 22c:	00008067          	ret
 230:	1941                	addi	s2,s2,-16
 232:	0000                	unimp
 234:	7200                	flw	fs0,32(a2)
 236:	7369                	lui	t1,0xffffa
 238:	01007663          	bgeu	zero,a6,244 <bcd2bin+0x60>
 23c:	0000000f          	fence	unknown,unknown
 240:	7205                	lui	tp,0xfffe1
 242:	3376                	fld	ft6,376(sp)
 244:	6932                	flw	fs2,12(sp)
 246:	7032                	flw	ft0,44(sp)
 248:	0030                	addi	a2,sp,8
	...

0000024c <bin_to_bcd>:
 24c:	fe410113          	addi	sp,sp,-28
 250:	00512023          	sw	t0,0(sp)
 254:	00612223          	sw	t1,4(sp)
 258:	00712423          	sw	t2,8(sp)
 25c:	01c12623          	sw	t3,12(sp)
 260:	01e12823          	sw	t5,16(sp)
 264:	01f12a23          	sw	t6,20(sp)
 268:	00112c23          	sw	ra,24(sp)
 26c:	00000593          	li	a1,0
 270:	00100f93          	li	t6,1
 274:	00ff9f93          	slli	t6,t6,0xf
 278:	00159593          	slli	a1,a1,0x1
 27c:	00300313          	li	t1,3
 280:	00500393          	li	t2,5
 284:	00f00e13          	li	t3,15
 288:	00100293          	li	t0,1
 28c:	00f29293          	slli	t0,t0,0xf
 290:	00a2f2b3          	and	t0,t0,a0
 294:	00028463          	beqz	t0,29c <bin_to_bcd+0x50>
 298:	00158593          	addi	a1,a1,1
 29c:	00151513          	slli	a0,a0,0x1
 2a0:	001fdf93          	srli	t6,t6,0x1
 2a4:	040f8263          	beqz	t6,2e8 <bin_to_bcd+0x9c>
 2a8:	01c5f2b3          	and	t0,a1,t3
 2ac:	0072d463          	bge	t0,t2,2b4 <bin_to_bcd+0x68>
 2b0:	0240006f          	j	2d4 <bin_to_bcd+0x88>
 2b4:	006282b3          	add	t0,t0,t1
 2b8:	01c2f2b3          	and	t0,t0,t3
 2bc:	00000f13          	li	t5,0
 2c0:	ffff0f13          	addi	t5,t5,-1
 2c4:	01ee4f33          	xor	t5,t3,t5
 2c8:	01e2e2b3          	or	t0,t0,t5
 2cc:	01c5e5b3          	or	a1,a1,t3
 2d0:	0055f5b3          	and	a1,a1,t0
 2d4:	00431313          	slli	t1,t1,0x4
 2d8:	00439393          	slli	t2,t2,0x4
 2dc:	004e1e13          	slli	t3,t3,0x4
 2e0:	f80e0ce3          	beqz	t3,278 <bin_to_bcd+0x2c>
 2e4:	fc5ff06f          	j	2a8 <bin_to_bcd+0x5c>
 2e8:	00a00513          	li	a0,10
 2ec:	088000ef          	jal	ra,374 <putchar>
 2f0:	00d00513          	li	a0,13
 2f4:	080000ef          	jal	ra,374 <putchar>
 2f8:	00800e13          	li	t3,8
 2fc:	00058293          	mv	t0,a1
 300:	00c2d293          	srli	t0,t0,0xc
 304:	00f2f293          	andi	t0,t0,15
 308:	03028293          	addi	t0,t0,48
 30c:	00028513          	mv	a0,t0
 310:	064000ef          	jal	ra,374 <putchar>
 314:	00459593          	slli	a1,a1,0x4
 318:	001e5e13          	srli	t3,t3,0x1
 31c:	000e0463          	beqz	t3,324 <.PC0>
 320:	fddff06f          	j	2fc <bin_to_bcd+0xb0>

00000324 <.PC0>:
 324:	00a00513          	li	a0,10
 328:	04c000ef          	jal	ra,374 <putchar>
 32c:	00d00513          	li	a0,13
 330:	044000ef          	jal	ra,374 <putchar>
 334:	00012283          	lw	t0,0(sp)
 338:	00412303          	lw	t1,4(sp)
 33c:	00812383          	lw	t2,8(sp)
 340:	00c12e03          	lw	t3,12(sp)
 344:	01012f03          	lw	t5,16(sp)
 348:	01412f83          	lw	t6,20(sp)
 34c:	01812083          	lw	ra,24(sp)
 350:	01c10113          	addi	sp,sp,28
 354:	00008067          	ret
 358:	1941                	addi	s2,s2,-16
 35a:	0000                	unimp
 35c:	7200                	flw	fs0,32(a2)
 35e:	7369                	lui	t1,0xffffa
 360:	01007663          	bgeu	zero,a6,36c <.PC0+0x48>
 364:	0000000f          	fence	unknown,unknown
 368:	7205                	lui	tp,0xfffe1
 36a:	3376                	fld	ft6,376(sp)
 36c:	6932                	flw	fs2,12(sp)
 36e:	7032                	flw	ft0,44(sp)
 370:	0030                	addi	a2,sp,8
	...

00000374 <putchar>:
 374:	ff410113          	addi	sp,sp,-12
 378:	00512023          	sw	t0,0(sp)
 37c:	00612223          	sw	t1,4(sp)
 380:	00112423          	sw	ra,8(sp)
 384:	004001b7          	lui	gp,0x400
 388:	00a1a423          	sw	a0,8(gp) # 400008 <UART_BASE+0x8>
 38c:	00100293          	li	t0,1
 390:	0051a823          	sw	t0,16(gp)
 394:	00000293          	li	t0,0
 398:	0051a823          	sw	t0,16(gp)
 39c:	20000293          	li	t0,512
 3a0:	0101a303          	lw	t1,16(gp)
 3a4:	00537333          	and	t1,t1,t0
 3a8:	fe031ce3          	bnez	t1,3a0 <putchar+0x2c>
 3ac:	00812083          	lw	ra,8(sp)
 3b0:	00412303          	lw	t1,4(sp)
 3b4:	00012283          	lw	t0,0(sp)
 3b8:	00c10113          	addi	sp,sp,12
 3bc:	00008067          	ret
 3c0:	1941                	addi	s2,s2,-16
 3c2:	0000                	unimp
 3c4:	7200                	flw	fs0,32(a2)
 3c6:	7369                	lui	t1,0xffffa
 3c8:	01007663          	bgeu	zero,a6,3d4 <putchar+0x60>
 3cc:	0000000f          	fence	unknown,unknown
 3d0:	7205                	lui	tp,0xfffe1
 3d2:	3376                	fld	ft6,376(sp)
 3d4:	6932                	flw	fs2,12(sp)
 3d6:	7032                	flw	ft0,44(sp)
 3d8:	0030                	addi	a2,sp,8
	...

000003dc <getchar>:
 3dc:	ff810113          	addi	sp,sp,-8
 3e0:	00512023          	sw	t0,0(sp)
 3e4:	00112223          	sw	ra,4(sp)
 3e8:	004001b7          	lui	gp,0x400
 3ec:	0101a503          	lw	a0,16(gp) # 400010 <UART_BASE+0x10>
 3f0:	10057293          	andi	t0,a0,256
 3f4:	fe028ce3          	beqz	t0,3ec <getchar+0x10>
 3f8:	00200293          	li	t0,2
 3fc:	0051a823          	sw	t0,16(gp)
 400:	0081a503          	lw	a0,8(gp)
 404:	0ff57513          	zext.b	a0,a0
 408:	00412083          	lw	ra,4(sp)
 40c:	00012283          	lw	t0,0(sp)
 410:	00810113          	addi	sp,sp,8
 414:	00008067          	ret
 418:	1941                	addi	s2,s2,-16
 41a:	0000                	unimp
 41c:	7200                	flw	fs0,32(a2)
 41e:	7369                	lui	t1,0xffffa
 420:	01007663          	bgeu	zero,a6,42c <getchar+0x50>
 424:	0000000f          	fence	unknown,unknown
 428:	7205                	lui	tp,0xfffe1
 42a:	3376                	fld	ft6,376(sp)
 42c:	6932                	flw	fs2,12(sp)
 42e:	7032                	flw	ft0,44(sp)
 430:	0030                	addi	a2,sp,8
	...

00000434 <putstring>:
 434:	ff810113          	addi	sp,sp,-8
 438:	00112023          	sw	ra,0(sp)
 43c:	00712223          	sw	t2,4(sp)
 440:	000503b3          	add	t2,a0,zero
 444:	0003c503          	lbu	a0,0(t2)
 448:	00050863          	beqz	a0,458 <putstring+0x24>
 44c:	f29ff0ef          	jal	ra,374 <putchar>
 450:	00138393          	addi	t2,t2,1
 454:	ff1ff06f          	j	444 <putstring+0x10>
 458:	00412383          	lw	t2,4(sp)
 45c:	00012083          	lw	ra,0(sp)
 460:	00810113          	addi	sp,sp,8
 464:	00008067          	ret
 468:	1941                	addi	s2,s2,-16
 46a:	0000                	unimp
 46c:	7200                	flw	fs0,32(a2)
 46e:	7369                	lui	t1,0xffffa
 470:	01007663          	bgeu	zero,a6,47c <putstring+0x48>
 474:	0000000f          	fence	unknown,unknown
 478:	7205                	lui	tp,0xfffe1
 47a:	3376                	fld	ft6,376(sp)
 47c:	6932                	flw	fs2,12(sp)
 47e:	7032                	flw	ft0,44(sp)
 480:	0030                	addi	a2,sp,8
	...

00000484 <test>:
 484:	004301b7          	lui	gp,0x430
 488:	00a1a223          	sw	a0,4(gp) # 430004 <TEST_BASE+0x4>
 48c:	00b1a423          	sw	a1,8(gp)
 490:	00100513          	li	a0,1
 494:	00a1a623          	sw	a0,12(gp)
 498:	0001a623          	sw	zero,12(gp)
 49c:	00100293          	li	t0,1
 4a0:	0141a303          	lw	t1,20(gp)
 4a4:	00537333          	and	t1,t1,t0
 4a8:	fe030ae3          	beqz	t1,49c <test+0x18>
 4ac:	0101a503          	lw	a0,16(gp)
 4b0:	00008067          	ret
 4b4:	1941                	addi	s2,s2,-16
 4b6:	0000                	unimp
 4b8:	7200                	flw	fs0,32(a2)
 4ba:	7369                	lui	t1,0xffffa
 4bc:	01007663          	bgeu	zero,a6,4c8 <test+0x44>
 4c0:	0000000f          	fence	unknown,unknown
 4c4:	7205                	lui	tp,0xfffe1
 4c6:	3376                	fld	ft6,376(sp)
 4c8:	6932                	flw	fs2,12(sp)
 4ca:	7032                	flw	ft0,44(sp)
 4cc:	0030                	addi	a2,sp,8
