#! /usr/bin/env bash
exec /home/vboxuser/miniconda3/envs/digital/bin/vvp -f "$0" "$@" <<'# EOF'
:ivl_version "13.0 (devel)" "(0_8-6859-gf50cc35d2-dirty)";
:ivl_delay_selection "TYPICAL";
:vpi_time_precision - 12;
:vpi_module "/home/vboxuser/miniconda3/envs/digital/lib/ivl/system.vpi";
:vpi_module "/home/vboxuser/miniconda3/envs/digital/lib/ivl/vhdl_sys.vpi";
:vpi_module "/home/vboxuser/miniconda3/envs/digital/lib/ivl/vhdl_textio.vpi";
:vpi_module "/home/vboxuser/miniconda3/envs/digital/lib/ivl/v2005_math.vpi";
:vpi_module "/home/vboxuser/miniconda3/envs/digital/lib/ivl/va_math.vpi";
S_0x2c283760 .scope module, "BCD_TOP_TB" "BCD_TOP_TB" 2 3;
 .timescale -9 -12;
P_0x2c284420 .param/real "DUTY_CYCLE" 0 2 42, Cr<m4000000000000000gfc1>; value=0.500000
P_0x2c284460 .param/l "PERIOD" 0 2 41, +C4<00000000000000000000000000010100>;
v0x2c2ab7b0_0 .net "BCD", 39 0, v0x2c2a8de0_0;  1 drivers
v0x2c2ab890_0 .var "Bin", 31 0;
v0x2c2ab950_0 .var "clk", 0 0;
v0x2c2ab9f0_0 .net "done", 0 0, v0x2c2a79a0_0;  1 drivers
v0x2c2abae0_0 .var "init", 0 0;
v0x2c2abbd0_0 .var "rst", 0 0;
E_0x2c20b850 .event anyedge, v0x2c2a79a0_0;
E_0x2c22f170 .event posedge, v0x2c2a7900_0;
S_0x2c251c30 .scope module, "uut" "BCD_TOP" 2 21, 3 1 0, S_0x2c283760;
 .timescale -9 -12;
    .port_info 0 /INPUT 1 "clk";
    .port_info 1 /INPUT 1 "rst";
    .port_info 2 /INPUT 1 "init";
    .port_info 3 /INPUT 32 "Bin";
    .port_info 4 /OUTPUT 40 "BCD";
    .port_info 5 /OUTPUT 1 "done";
v0x2c2aa7e0_0 .net "B", 31 0, v0x2c2a8500_0;  1 drivers
v0x2c2aa8a0_0 .net "BCD", 39 0, v0x2c2a8de0_0;  alias, 1 drivers
v0x2c2aa9b0_0 .net "BCD_add", 39 0, L_0x2c2b0ac0;  1 drivers
v0x2c2aaaa0_0 .net "BCD_temp", 39 0, L_0x2c2b20f0;  1 drivers
v0x2c2aabb0_0 .net "B_temp", 31 0, L_0x2c2b1ec0;  1 drivers
v0x2c2aad10_0 .net "Bin", 31 0, v0x2c2ab890_0;  1 drivers
v0x2c2aadd0_0 .net "DONE", 0 0, L_0x2c2b2310;  1 drivers
v0x2c2aaec0_0 .net "clk", 0 0, v0x2c2ab950_0;  1 drivers
v0x2c2aaff0_0 .net "done", 0 0, v0x2c2a79a0_0;  alias, 1 drivers
v0x2c2ab120_0 .net "i", 5 0, v0x2c2a9cb0_0;  1 drivers
v0x2c2ab1c0_0 .net "i_temp", 5 0, L_0x2c2b21e0;  1 drivers
v0x2c2ab260_0 .net "init", 0 0, v0x2c2abae0_0;  1 drivers
v0x2c2ab390_0 .net "load_B", 0 0, v0x2c2a7c30_0;  1 drivers
v0x2c2ab430_0 .net "load_BCD", 0 0, v0x2c2a7cf0_0;  1 drivers
v0x2c2ab4d0_0 .net "load_i", 0 0, v0x2c2a7db0_0;  1 drivers
v0x2c2ab5c0_0 .net "rst", 0 0, v0x2c2abbd0_0;  1 drivers
S_0x2c251e90 .scope module, "ADD3" "Add3_BCD" 3 104, 4 1 0, S_0x2c251c30;
 .timescale 0 0;
    .port_info 0 /INPUT 40 "BCD";
    .port_info 1 /OUTPUT 40 "BCD_add";
v0x2c282d60_0 .net "BCD", 39 0, v0x2c2a8de0_0;  alias, 1 drivers
v0x2c23c0c0_0 .net "BCD_add", 39 0, L_0x2c2b0ac0;  alias, 1 drivers
L_0x70fe68f38060 .functor BUFT 1, C4<0011>, C4<0>, C4<0>, C4<0>;
v0x2c23c1c0_0 .net/2u *"_ivl_10", 3 0, L_0x70fe68f38060;  1 drivers
L_0x70fe68f38330 .functor BUFT 1, C4<0011>, C4<0>, C4<0>, C4<0>;
v0x2c23abe0_0 .net/2u *"_ivl_100", 3 0, L_0x70fe68f38330;  1 drivers
v0x2c23ace0_0 .net *"_ivl_102", 3 0, L_0x2c2ae520;  1 drivers
v0x2c23b6b0_0 .net *"_ivl_105", 3 0, L_0x2c2ae780;  1 drivers
v0x2c23b7b0_0 .net *"_ivl_106", 3 0, L_0x2c2ae820;  1 drivers
v0x2c2a20a0_0 .net *"_ivl_111", 3 0, L_0x2c2aeae0;  1 drivers
L_0x70fe68f38378 .functor BUFT 1, C4<0101>, C4<0>, C4<0>, C4<0>;
v0x2c2a2180_0 .net/2u *"_ivl_112", 3 0, L_0x70fe68f38378;  1 drivers
v0x2c2a2260_0 .net *"_ivl_114", 0 0, L_0x2c2aeb80;  1 drivers
v0x2c2a2320_0 .net *"_ivl_117", 3 0, L_0x2c2aee00;  1 drivers
L_0x70fe68f383c0 .functor BUFT 1, C4<0011>, C4<0>, C4<0>, C4<0>;
v0x2c2a2400_0 .net/2u *"_ivl_118", 3 0, L_0x70fe68f383c0;  1 drivers
v0x2c2a24e0_0 .net *"_ivl_12", 3 0, L_0x2c2abf30;  1 drivers
v0x2c2a25c0_0 .net *"_ivl_120", 3 0, L_0x2c2aeea0;  1 drivers
v0x2c2a26a0_0 .net *"_ivl_123", 3 0, L_0x2c2af160;  1 drivers
v0x2c2a2780_0 .net *"_ivl_124", 3 0, L_0x2c2af200;  1 drivers
v0x2c2a2860_0 .net *"_ivl_129", 3 0, L_0x2c2af4f0;  1 drivers
L_0x70fe68f38408 .functor BUFT 1, C4<0101>, C4<0>, C4<0>, C4<0>;
v0x2c2a2940_0 .net/2u *"_ivl_130", 3 0, L_0x70fe68f38408;  1 drivers
v0x2c2a2a20_0 .net *"_ivl_132", 0 0, L_0x2c2af590;  1 drivers
v0x2c2a2ae0_0 .net *"_ivl_135", 3 0, L_0x2c2af840;  1 drivers
L_0x70fe68f38450 .functor BUFT 1, C4<0011>, C4<0>, C4<0>, C4<0>;
v0x2c2a2bc0_0 .net/2u *"_ivl_136", 3 0, L_0x70fe68f38450;  1 drivers
v0x2c2a2ca0_0 .net *"_ivl_138", 3 0, L_0x2c2af8e0;  1 drivers
v0x2c2a2d80_0 .net *"_ivl_141", 3 0, L_0x2c2afbd0;  1 drivers
v0x2c2a2e60_0 .net *"_ivl_142", 3 0, L_0x2c2afc70;  1 drivers
v0x2c2a2f40_0 .net *"_ivl_147", 3 0, L_0x2c2aff90;  1 drivers
L_0x70fe68f38498 .functor BUFT 1, C4<0101>, C4<0>, C4<0>, C4<0>;
v0x2c2a3020_0 .net/2u *"_ivl_148", 3 0, L_0x70fe68f38498;  1 drivers
v0x2c2a3100_0 .net *"_ivl_15", 3 0, L_0x2c2ac070;  1 drivers
v0x2c2a31e0_0 .net *"_ivl_150", 0 0, L_0x2c2b0030;  1 drivers
v0x2c2a32a0_0 .net *"_ivl_153", 3 0, L_0x2c2b0310;  1 drivers
L_0x70fe68f384e0 .functor BUFT 1, C4<0011>, C4<0>, C4<0>, C4<0>;
v0x2c2a3380_0 .net/2u *"_ivl_154", 3 0, L_0x70fe68f384e0;  1 drivers
v0x2c2a3460_0 .net *"_ivl_156", 3 0, L_0x2c2b03b0;  1 drivers
v0x2c2a3540_0 .net *"_ivl_159", 3 0, L_0x2c2b06d0;  1 drivers
v0x2c2a3620_0 .net *"_ivl_16", 3 0, L_0x2c2ac110;  1 drivers
v0x2c2a3910_0 .net *"_ivl_160", 3 0, L_0x2c2b0770;  1 drivers
v0x2c2a39f0_0 .net *"_ivl_166", 3 0, L_0x2c2b0e30;  1 drivers
L_0x70fe68f38528 .functor BUFT 1, C4<0101>, C4<0>, C4<0>, C4<0>;
v0x2c2a3ad0_0 .net/2u *"_ivl_167", 3 0, L_0x70fe68f38528;  1 drivers
v0x2c2a3bb0_0 .net *"_ivl_169", 0 0, L_0x2c2b10a0;  1 drivers
v0x2c2a3c70_0 .net *"_ivl_172", 3 0, L_0x2c2b11e0;  1 drivers
L_0x70fe68f38570 .functor BUFT 1, C4<0011>, C4<0>, C4<0>, C4<0>;
v0x2c2a3d50_0 .net/2u *"_ivl_173", 3 0, L_0x70fe68f38570;  1 drivers
v0x2c2a3e30_0 .net *"_ivl_175", 3 0, L_0x2c2b1870;  1 drivers
v0x2c2a3f10_0 .net *"_ivl_178", 3 0, L_0x2c2b19b0;  1 drivers
v0x2c2a3ff0_0 .net *"_ivl_179", 3 0, L_0x2c2b1c40;  1 drivers
v0x2c2a40d0_0 .net *"_ivl_21", 3 0, L_0x2c2ac2e0;  1 drivers
L_0x70fe68f380a8 .functor BUFT 1, C4<0101>, C4<0>, C4<0>, C4<0>;
v0x2c2a41b0_0 .net/2u *"_ivl_22", 3 0, L_0x70fe68f380a8;  1 drivers
v0x2c2a4290_0 .net *"_ivl_24", 0 0, L_0x2c2ac380;  1 drivers
v0x2c2a4350_0 .net *"_ivl_27", 3 0, L_0x2c2ac510;  1 drivers
L_0x70fe68f380f0 .functor BUFT 1, C4<0011>, C4<0>, C4<0>, C4<0>;
v0x2c2a4430_0 .net/2u *"_ivl_28", 3 0, L_0x70fe68f380f0;  1 drivers
v0x2c2a4510_0 .net *"_ivl_3", 3 0, L_0x2c2abc70;  1 drivers
v0x2c2a45f0_0 .net *"_ivl_30", 3 0, L_0x2c2ac5b0;  1 drivers
v0x2c2a46d0_0 .net *"_ivl_33", 3 0, L_0x2c2ac750;  1 drivers
v0x2c2a47b0_0 .net *"_ivl_34", 3 0, L_0x2c2ac7f0;  1 drivers
v0x2c2a4890_0 .net *"_ivl_39", 3 0, L_0x2c2ac9a0;  1 drivers
L_0x70fe68f38018 .functor BUFT 1, C4<0101>, C4<0>, C4<0>, C4<0>;
v0x2c2a4970_0 .net/2u *"_ivl_4", 3 0, L_0x70fe68f38018;  1 drivers
L_0x70fe68f38138 .functor BUFT 1, C4<0101>, C4<0>, C4<0>, C4<0>;
v0x2c2a4a50_0 .net/2u *"_ivl_40", 3 0, L_0x70fe68f38138;  1 drivers
v0x2c2a4b30_0 .net *"_ivl_42", 0 0, L_0x2c2aca90;  1 drivers
v0x2c2a4bf0_0 .net *"_ivl_45", 3 0, L_0x2c2acc50;  1 drivers
L_0x70fe68f38180 .functor BUFT 1, C4<0011>, C4<0>, C4<0>, C4<0>;
v0x2c2a4cd0_0 .net/2u *"_ivl_46", 3 0, L_0x70fe68f38180;  1 drivers
v0x2c2a4db0_0 .net *"_ivl_48", 3 0, L_0x2c2accf0;  1 drivers
v0x2c2a4e90_0 .net *"_ivl_51", 3 0, L_0x2c2acec0;  1 drivers
v0x2c2a4f70_0 .net *"_ivl_52", 3 0, L_0x2c2acf60;  1 drivers
v0x2c2a5050_0 .net *"_ivl_57", 3 0, L_0x2c2ad190;  1 drivers
L_0x70fe68f381c8 .functor BUFT 1, C4<0101>, C4<0>, C4<0>, C4<0>;
v0x2c2a5130_0 .net/2u *"_ivl_58", 3 0, L_0x70fe68f381c8;  1 drivers
v0x2c2a5210_0 .net *"_ivl_6", 0 0, L_0x2c2abda0;  1 drivers
v0x2c2a52d0_0 .net *"_ivl_60", 0 0, L_0x2c2ad230;  1 drivers
v0x2c2a5390_0 .net *"_ivl_63", 3 0, L_0x2c2ad000;  1 drivers
L_0x70fe68f38210 .functor BUFT 1, C4<0011>, C4<0>, C4<0>, C4<0>;
v0x2c2a5880_0 .net/2u *"_ivl_64", 3 0, L_0x70fe68f38210;  1 drivers
v0x2c2a5960_0 .net *"_ivl_66", 3 0, L_0x2c2ad420;  1 drivers
v0x2c2a5a40_0 .net *"_ivl_69", 3 0, L_0x2c2ad620;  1 drivers
v0x2c2a5b20_0 .net *"_ivl_70", 3 0, L_0x2c2ad6c0;  1 drivers
v0x2c2a5c00_0 .net *"_ivl_75", 3 0, L_0x2c2ad920;  1 drivers
L_0x70fe68f38258 .functor BUFT 1, C4<0101>, C4<0>, C4<0>, C4<0>;
v0x2c2a5ce0_0 .net/2u *"_ivl_76", 3 0, L_0x70fe68f38258;  1 drivers
v0x2c2a5dc0_0 .net *"_ivl_78", 0 0, L_0x2c2ad9c0;  1 drivers
v0x2c2a5e80_0 .net *"_ivl_81", 3 0, L_0x2c2adb90;  1 drivers
L_0x70fe68f382a0 .functor BUFT 1, C4<0011>, C4<0>, C4<0>, C4<0>;
v0x2c2a5f60_0 .net/2u *"_ivl_82", 3 0, L_0x70fe68f382a0;  1 drivers
v0x2c2a6040_0 .net *"_ivl_84", 3 0, L_0x2c2adc30;  1 drivers
v0x2c2a6120_0 .net *"_ivl_87", 3 0, L_0x2c2ade60;  1 drivers
v0x2c2a6200_0 .net *"_ivl_88", 3 0, L_0x2c2adf00;  1 drivers
v0x2c2a62e0_0 .net *"_ivl_9", 3 0, L_0x2c2abe90;  1 drivers
v0x2c2a63c0_0 .net *"_ivl_93", 3 0, L_0x2c2ae190;  1 drivers
L_0x70fe68f382e8 .functor BUFT 1, C4<0101>, C4<0>, C4<0>, C4<0>;
v0x2c2a64a0_0 .net/2u *"_ivl_94", 3 0, L_0x70fe68f382e8;  1 drivers
v0x2c2a6580_0 .net *"_ivl_96", 0 0, L_0x2c2ae230;  1 drivers
v0x2c2a6640_0 .net *"_ivl_99", 3 0, L_0x2c2ae480;  1 drivers
L_0x2c2abc70 .part v0x2c2a8de0_0, 0, 4;
L_0x2c2abda0 .cmp/ge 4, L_0x2c2abc70, L_0x70fe68f38018;
L_0x2c2abe90 .part v0x2c2a8de0_0, 0, 4;
L_0x2c2abf30 .arith/sum 4, L_0x2c2abe90, L_0x70fe68f38060;
L_0x2c2ac070 .part v0x2c2a8de0_0, 0, 4;
L_0x2c2ac110 .functor MUXZ 4, L_0x2c2ac070, L_0x2c2abf30, L_0x2c2abda0, C4<>;
L_0x2c2ac2e0 .part v0x2c2a8de0_0, 4, 4;
L_0x2c2ac380 .cmp/ge 4, L_0x2c2ac2e0, L_0x70fe68f380a8;
L_0x2c2ac510 .part v0x2c2a8de0_0, 4, 4;
L_0x2c2ac5b0 .arith/sum 4, L_0x2c2ac510, L_0x70fe68f380f0;
L_0x2c2ac750 .part v0x2c2a8de0_0, 4, 4;
L_0x2c2ac7f0 .functor MUXZ 4, L_0x2c2ac750, L_0x2c2ac5b0, L_0x2c2ac380, C4<>;
L_0x2c2ac9a0 .part v0x2c2a8de0_0, 8, 4;
L_0x2c2aca90 .cmp/ge 4, L_0x2c2ac9a0, L_0x70fe68f38138;
L_0x2c2acc50 .part v0x2c2a8de0_0, 8, 4;
L_0x2c2accf0 .arith/sum 4, L_0x2c2acc50, L_0x70fe68f38180;
L_0x2c2acec0 .part v0x2c2a8de0_0, 8, 4;
L_0x2c2acf60 .functor MUXZ 4, L_0x2c2acec0, L_0x2c2accf0, L_0x2c2aca90, C4<>;
L_0x2c2ad190 .part v0x2c2a8de0_0, 12, 4;
L_0x2c2ad230 .cmp/ge 4, L_0x2c2ad190, L_0x70fe68f381c8;
L_0x2c2ad000 .part v0x2c2a8de0_0, 12, 4;
L_0x2c2ad420 .arith/sum 4, L_0x2c2ad000, L_0x70fe68f38210;
L_0x2c2ad620 .part v0x2c2a8de0_0, 12, 4;
L_0x2c2ad6c0 .functor MUXZ 4, L_0x2c2ad620, L_0x2c2ad420, L_0x2c2ad230, C4<>;
L_0x2c2ad920 .part v0x2c2a8de0_0, 16, 4;
L_0x2c2ad9c0 .cmp/ge 4, L_0x2c2ad920, L_0x70fe68f38258;
L_0x2c2adb90 .part v0x2c2a8de0_0, 16, 4;
L_0x2c2adc30 .arith/sum 4, L_0x2c2adb90, L_0x70fe68f382a0;
L_0x2c2ade60 .part v0x2c2a8de0_0, 16, 4;
L_0x2c2adf00 .functor MUXZ 4, L_0x2c2ade60, L_0x2c2adc30, L_0x2c2ad9c0, C4<>;
L_0x2c2ae190 .part v0x2c2a8de0_0, 20, 4;
L_0x2c2ae230 .cmp/ge 4, L_0x2c2ae190, L_0x70fe68f382e8;
L_0x2c2ae480 .part v0x2c2a8de0_0, 20, 4;
L_0x2c2ae520 .arith/sum 4, L_0x2c2ae480, L_0x70fe68f38330;
L_0x2c2ae780 .part v0x2c2a8de0_0, 20, 4;
L_0x2c2ae820 .functor MUXZ 4, L_0x2c2ae780, L_0x2c2ae520, L_0x2c2ae230, C4<>;
L_0x2c2aeae0 .part v0x2c2a8de0_0, 24, 4;
L_0x2c2aeb80 .cmp/ge 4, L_0x2c2aeae0, L_0x70fe68f38378;
L_0x2c2aee00 .part v0x2c2a8de0_0, 24, 4;
L_0x2c2aeea0 .arith/sum 4, L_0x2c2aee00, L_0x70fe68f383c0;
L_0x2c2af160 .part v0x2c2a8de0_0, 24, 4;
L_0x2c2af200 .functor MUXZ 4, L_0x2c2af160, L_0x2c2aeea0, L_0x2c2aeb80, C4<>;
L_0x2c2af4f0 .part v0x2c2a8de0_0, 28, 4;
L_0x2c2af590 .cmp/ge 4, L_0x2c2af4f0, L_0x70fe68f38408;
L_0x2c2af840 .part v0x2c2a8de0_0, 28, 4;
L_0x2c2af8e0 .arith/sum 4, L_0x2c2af840, L_0x70fe68f38450;
L_0x2c2afbd0 .part v0x2c2a8de0_0, 28, 4;
L_0x2c2afc70 .functor MUXZ 4, L_0x2c2afbd0, L_0x2c2af8e0, L_0x2c2af590, C4<>;
L_0x2c2aff90 .part v0x2c2a8de0_0, 32, 4;
L_0x2c2b0030 .cmp/ge 4, L_0x2c2aff90, L_0x70fe68f38498;
L_0x2c2b0310 .part v0x2c2a8de0_0, 32, 4;
L_0x2c2b03b0 .arith/sum 4, L_0x2c2b0310, L_0x70fe68f384e0;
L_0x2c2b06d0 .part v0x2c2a8de0_0, 32, 4;
L_0x2c2b0770 .functor MUXZ 4, L_0x2c2b06d0, L_0x2c2b03b0, L_0x2c2b0030, C4<>;
LS_0x2c2b0ac0_0_0 .concat8 [ 4 4 4 4], L_0x2c2ac110, L_0x2c2ac7f0, L_0x2c2acf60, L_0x2c2ad6c0;
LS_0x2c2b0ac0_0_4 .concat8 [ 4 4 4 4], L_0x2c2adf00, L_0x2c2ae820, L_0x2c2af200, L_0x2c2afc70;
LS_0x2c2b0ac0_0_8 .concat8 [ 4 4 0 0], L_0x2c2b0770, L_0x2c2b1c40;
L_0x2c2b0ac0 .concat8 [ 16 16 8 0], LS_0x2c2b0ac0_0_0, LS_0x2c2b0ac0_0_4, LS_0x2c2b0ac0_0_8;
L_0x2c2b0e30 .part v0x2c2a8de0_0, 36, 4;
L_0x2c2b10a0 .cmp/ge 4, L_0x2c2b0e30, L_0x70fe68f38528;
L_0x2c2b11e0 .part v0x2c2a8de0_0, 36, 4;
L_0x2c2b1870 .arith/sum 4, L_0x2c2b11e0, L_0x70fe68f38570;
L_0x2c2b19b0 .part v0x2c2a8de0_0, 36, 4;
L_0x2c2b1c40 .functor MUXZ 4, L_0x2c2b19b0, L_0x2c2b1870, L_0x2c2b10a0, C4<>;
S_0x2c2a6780 .scope module, "CHKI" "Check_i" 3 142, 5 1 0, S_0x2c251c30;
 .timescale -9 -12;
    .port_info 0 /INPUT 6 "i";
    .port_info 1 /OUTPUT 1 "DONE";
v0x2c2a6960_0 .net "DONE", 0 0, L_0x2c2b2310;  alias, 1 drivers
L_0x70fe68f38648 .functor BUFT 1, C4<000000>, C4<0>, C4<0>, C4<0>;
v0x2c2a6a40_0 .net/2u *"_ivl_0", 5 0, L_0x70fe68f38648;  1 drivers
v0x2c2a6b20_0 .net "i", 5 0, v0x2c2a9cb0_0;  alias, 1 drivers
L_0x2c2b2310 .cmp/eq 6, v0x2c2a9cb0_0, L_0x70fe68f38648;
S_0x2c2a6c40 .scope module, "CONC" "Conc_BCD" 3 122, 6 1 0, S_0x2c251c30;
 .timescale -9 -12;
    .port_info 0 /INPUT 40 "BCD_add";
    .port_info 1 /INPUT 32 "B";
    .port_info 2 /OUTPUT 40 "BCD_temp";
v0x2c2a6e20_0 .net "B", 31 0, v0x2c2a8500_0;  alias, 1 drivers
v0x2c2a6f00_0 .net "BCD_add", 39 0, L_0x2c2b0ac0;  alias, 1 drivers
v0x2c2a6fc0_0 .net "BCD_temp", 39 0, L_0x2c2b20f0;  alias, 1 drivers
v0x2c2a7060_0 .net *"_ivl_1", 38 0, L_0x2c2b1fb0;  1 drivers
v0x2c2a7140_0 .net *"_ivl_3", 0 0, L_0x2c2b2050;  1 drivers
L_0x2c2b1fb0 .part L_0x2c2b0ac0, 0, 39;
L_0x2c2b2050 .part v0x2c2a8500_0, 31, 1;
L_0x2c2b20f0 .concat [ 1 39 0 0], L_0x2c2b2050, L_0x2c2b1fb0;
S_0x2c2a72f0 .scope module, "CTRL" "Control_BCD" 3 155, 7 1 0, S_0x2c251c30;
 .timescale -9 -12;
    .port_info 0 /INPUT 1 "clk";
    .port_info 1 /INPUT 1 "rst";
    .port_info 2 /INPUT 1 "init";
    .port_info 3 /INPUT 1 "DONE";
    .port_info 4 /OUTPUT 1 "load_BCD";
    .port_info 5 /OUTPUT 1 "load_B";
    .port_info 6 /OUTPUT 1 "load_i";
    .port_info 7 /OUTPUT 1 "done";
P_0x2c23c950 .param/l "S_CHK_i" 0 7 33, C4<011>;
P_0x2c23c990 .param/l "S_DONE" 0 7 34, C4<100>;
P_0x2c23c9d0 .param/l "S_INIT" 0 7 30, C4<000>;
P_0x2c23ca10 .param/l "S_LOAD" 0 7 31, C4<001>;
P_0x2c23ca50 .param/l "S_PROCESS" 0 7 32, C4<010>;
v0x2c2a7840_0 .net "DONE", 0 0, L_0x2c2b2310;  alias, 1 drivers
v0x2c2a7900_0 .net "clk", 0 0, v0x2c2ab950_0;  alias, 1 drivers
v0x2c2a79a0_0 .var "done", 0 0;
v0x2c2a7a40_0 .var "done_count", 3 0;
v0x2c2a7b20_0 .net "init", 0 0, v0x2c2abae0_0;  alias, 1 drivers
v0x2c2a7c30_0 .var "load_B", 0 0;
v0x2c2a7cf0_0 .var "load_BCD", 0 0;
v0x2c2a7db0_0 .var "load_i", 0 0;
v0x2c2a7e70_0 .var "next_state", 2 0;
v0x2c2a7f50_0 .net "rst", 0 0, v0x2c2abbd0_0;  alias, 1 drivers
v0x2c2a8010_0 .var "state", 2 0;
E_0x2c287110 .event anyedge, v0x2c2a8010_0;
E_0x2c2a7770 .event anyedge, v0x2c2a8010_0, v0x2c2a7b20_0, v0x2c2a6960_0, v0x2c2a7a40_0;
E_0x2c2a77e0 .event posedge, v0x2c2a7f50_0, v0x2c2a7900_0;
S_0x2c2a81f0 .scope module, "RB" "Reg_B" 3 66, 8 1 0, S_0x2c251c30;
 .timescale -9 -12;
    .port_info 0 /INPUT 1 "rst";
    .port_info 1 /INPUT 1 "clk";
    .port_info 2 /INPUT 1 "init";
    .port_info 3 /INPUT 1 "load_B";
    .port_info 4 /INPUT 32 "Bin";
    .port_info 5 /INPUT 32 "B_temp";
    .port_info 6 /OUTPUT 32 "B";
v0x2c2a8500_0 .var "B", 31 0;
v0x2c2a85e0_0 .net "B_temp", 31 0, L_0x2c2b1ec0;  alias, 1 drivers
v0x2c2a86a0_0 .net "Bin", 31 0, v0x2c2ab890_0;  alias, 1 drivers
v0x2c2a8760_0 .net "clk", 0 0, v0x2c2ab950_0;  alias, 1 drivers
v0x2c2a8800_0 .net "init", 0 0, v0x2c2abae0_0;  alias, 1 drivers
v0x2c2a88f0_0 .net "load_B", 0 0, v0x2c2a7c30_0;  alias, 1 drivers
v0x2c2a89c0_0 .net "rst", 0 0, v0x2c2abbd0_0;  alias, 1 drivers
S_0x2c2a8b30 .scope module, "RBCD" "Reg_BCD" 3 50, 9 1 0, S_0x2c251c30;
 .timescale -9 -12;
    .port_info 0 /INPUT 1 "rst";
    .port_info 1 /INPUT 1 "clk";
    .port_info 2 /INPUT 1 "load_BCD";
    .port_info 3 /INPUT 1 "init";
    .port_info 4 /INPUT 40 "BCD_temp";
    .port_info 5 /OUTPUT 40 "BCD";
v0x2c2a8de0_0 .var "BCD", 39 0;
v0x2c2a8ef0_0 .net "BCD_temp", 39 0, L_0x2c2b20f0;  alias, 1 drivers
v0x2c2a8fc0_0 .net "clk", 0 0, v0x2c2ab950_0;  alias, 1 drivers
v0x2c2a90e0_0 .net "init", 0 0, v0x2c2abae0_0;  alias, 1 drivers
v0x2c2a91d0_0 .net "load_BCD", 0 0, v0x2c2a7cf0_0;  alias, 1 drivers
v0x2c2a92c0_0 .net "rst", 0 0, v0x2c2abbd0_0;  alias, 1 drivers
S_0x2c2a9450 .scope module, "RESTI" "Rest_i" 3 133, 10 1 0, S_0x2c251c30;
 .timescale -9 -12;
    .port_info 0 /OUTPUT 6 "i_temp";
    .port_info 1 /INPUT 6 "i";
L_0x70fe68f38600 .functor BUFT 1, C4<000001>, C4<0>, C4<0>, C4<0>;
v0x2c2a96a0_0 .net/2u *"_ivl_0", 5 0, L_0x70fe68f38600;  1 drivers
v0x2c2a97a0_0 .net "i", 5 0, v0x2c2a9cb0_0;  alias, 1 drivers
v0x2c2a9860_0 .net "i_temp", 5 0, L_0x2c2b21e0;  alias, 1 drivers
L_0x2c2b21e0 .arith/sub 6, v0x2c2a9cb0_0, L_0x70fe68f38600;
S_0x2c2a9960 .scope module, "RI" "Reg_i" 3 84, 11 1 0, S_0x2c251c30;
 .timescale -9 -12;
    .port_info 0 /INPUT 1 "rst";
    .port_info 1 /INPUT 1 "clk";
    .port_info 2 /INPUT 1 "load_i";
    .port_info 3 /INPUT 6 "i_temp";
    .port_info 4 /OUTPUT 6 "i";
    .port_info 5 /INPUT 1 "init";
v0x2c2a9c10_0 .net "clk", 0 0, v0x2c2ab950_0;  alias, 1 drivers
v0x2c2a9cb0_0 .var "i", 5 0;
v0x2c2a9dc0_0 .net "i_temp", 5 0, L_0x2c2b21e0;  alias, 1 drivers
v0x2c2a9e60_0 .net "init", 0 0, v0x2c2abae0_0;  alias, 1 drivers
v0x2c2a9f00_0 .net "load_i", 0 0, v0x2c2a7db0_0;  alias, 1 drivers
v0x2c2a9ff0_0 .net "rst", 0 0, v0x2c2abbd0_0;  alias, 1 drivers
S_0x2c2aa150 .scope module, "SHB" "SHT_B" 3 113, 12 1 0, S_0x2c251c30;
 .timescale -9 -12;
    .port_info 0 /INPUT 32 "B";
    .port_info 1 /OUTPUT 32 "B_sht";
v0x2c2aa3e0_0 .net "B", 31 0, v0x2c2a8500_0;  alias, 1 drivers
v0x2c2aa510_0 .net "B_sht", 31 0, L_0x2c2b1ec0;  alias, 1 drivers
v0x2c2aa5d0_0 .net *"_ivl_2", 30 0, L_0x2c2b1e20;  1 drivers
L_0x70fe68f385b8 .functor BUFT 1, C4<0>, C4<0>, C4<0>, C4<0>;
v0x2c2aa6a0_0 .net *"_ivl_4", 0 0, L_0x70fe68f385b8;  1 drivers
L_0x2c2b1e20 .part v0x2c2a8500_0, 0, 31;
L_0x2c2b1ec0 .concat [ 1 31 0 0], L_0x70fe68f385b8, L_0x2c2b1e20;
    .scope S_0x2c2a8b30;
T_0 ;
    %wait E_0x2c2a77e0;
    %load/vec4 v0x2c2a92c0_0;
    %flag_set/vec4 8;
    %jmp/0xz  T_0.0, 8;
    %pushi/vec4 0, 0, 40;
    %assign/vec4 v0x2c2a8de0_0, 0;
    %jmp T_0.1;
T_0.0 ;
    %load/vec4 v0x2c2a90e0_0;
    %flag_set/vec4 8;
    %jmp/0xz  T_0.2, 8;
    %pushi/vec4 0, 0, 40;
    %assign/vec4 v0x2c2a8de0_0, 0;
    %jmp T_0.3;
T_0.2 ;
    %load/vec4 v0x2c2a91d0_0;
    %flag_set/vec4 8;
    %jmp/0xz  T_0.4, 8;
    %load/vec4 v0x2c2a8ef0_0;
    %assign/vec4 v0x2c2a8de0_0, 0;
T_0.4 ;
T_0.3 ;
T_0.1 ;
    %jmp T_0;
    .thread T_0;
    .scope S_0x2c2a81f0;
T_1 ;
    %wait E_0x2c2a77e0;
    %load/vec4 v0x2c2a89c0_0;
    %flag_set/vec4 8;
    %jmp/0xz  T_1.0, 8;
    %pushi/vec4 0, 0, 32;
    %assign/vec4 v0x2c2a8500_0, 0;
    %jmp T_1.1;
T_1.0 ;
    %load/vec4 v0x2c2a8800_0;
    %flag_set/vec4 8;
    %jmp/0xz  T_1.2, 8;
    %load/vec4 v0x2c2a86a0_0;
    %assign/vec4 v0x2c2a8500_0, 0;
    %jmp T_1.3;
T_1.2 ;
    %load/vec4 v0x2c2a88f0_0;
    %flag_set/vec4 8;
    %jmp/0xz  T_1.4, 8;
    %load/vec4 v0x2c2a85e0_0;
    %assign/vec4 v0x2c2a8500_0, 0;
T_1.4 ;
T_1.3 ;
T_1.1 ;
    %jmp T_1;
    .thread T_1;
    .scope S_0x2c2a9960;
T_2 ;
    %wait E_0x2c2a77e0;
    %load/vec4 v0x2c2a9ff0_0;
    %flag_set/vec4 8;
    %jmp/0xz  T_2.0, 8;
    %pushi/vec4 0, 0, 6;
    %assign/vec4 v0x2c2a9cb0_0, 0;
    %jmp T_2.1;
T_2.0 ;
    %load/vec4 v0x2c2a9e60_0;
    %flag_set/vec4 8;
    %jmp/0xz  T_2.2, 8;
    %pushi/vec4 32, 0, 6;
    %assign/vec4 v0x2c2a9cb0_0, 0;
    %jmp T_2.3;
T_2.2 ;
    %load/vec4 v0x2c2a9f00_0;
    %flag_set/vec4 8;
    %jmp/0xz  T_2.4, 8;
    %load/vec4 v0x2c2a9dc0_0;
    %assign/vec4 v0x2c2a9cb0_0, 0;
T_2.4 ;
T_2.3 ;
T_2.1 ;
    %jmp T_2;
    .thread T_2;
    .scope S_0x2c2a72f0;
T_3 ;
    %wait E_0x2c2a77e0;
    %load/vec4 v0x2c2a7f50_0;
    %flag_set/vec4 8;
    %jmp/0xz  T_3.0, 8;
    %pushi/vec4 0, 0, 3;
    %assign/vec4 v0x2c2a8010_0, 0;
    %pushi/vec4 0, 0, 4;
    %assign/vec4 v0x2c2a7a40_0, 0;
    %jmp T_3.1;
T_3.0 ;
    %load/vec4 v0x2c2a7e70_0;
    %assign/vec4 v0x2c2a8010_0, 0;
    %load/vec4 v0x2c2a8010_0;
    %cmpi/e 4, 0, 3;
    %jmp/0xz  T_3.2, 4;
    %load/vec4 v0x2c2a7a40_0;
    %addi 1, 0, 4;
    %assign/vec4 v0x2c2a7a40_0, 0;
    %jmp T_3.3;
T_3.2 ;
    %pushi/vec4 0, 0, 4;
    %assign/vec4 v0x2c2a7a40_0, 0;
T_3.3 ;
T_3.1 ;
    %jmp T_3;
    .thread T_3;
    .scope S_0x2c2a72f0;
T_4 ;
    %wait E_0x2c2a7770;
    %load/vec4 v0x2c2a8010_0;
    %dup/vec4;
    %pushi/vec4 0, 0, 3;
    %cmp/u;
    %jmp/1 T_4.0, 6;
    %dup/vec4;
    %pushi/vec4 1, 0, 3;
    %cmp/u;
    %jmp/1 T_4.1, 6;
    %dup/vec4;
    %pushi/vec4 2, 0, 3;
    %cmp/u;
    %jmp/1 T_4.2, 6;
    %dup/vec4;
    %pushi/vec4 3, 0, 3;
    %cmp/u;
    %jmp/1 T_4.3, 6;
    %dup/vec4;
    %pushi/vec4 4, 0, 3;
    %cmp/u;
    %jmp/1 T_4.4, 6;
    %pushi/vec4 0, 0, 3;
    %store/vec4 v0x2c2a7e70_0, 0, 3;
    %jmp T_4.6;
T_4.0 ;
    %load/vec4 v0x2c2a7b20_0;
    %flag_set/vec4 8;
    %jmp/0xz  T_4.7, 8;
    %pushi/vec4 1, 0, 3;
    %store/vec4 v0x2c2a7e70_0, 0, 3;
    %jmp T_4.8;
T_4.7 ;
    %pushi/vec4 0, 0, 3;
    %store/vec4 v0x2c2a7e70_0, 0, 3;
T_4.8 ;
    %jmp T_4.6;
T_4.1 ;
    %pushi/vec4 2, 0, 3;
    %store/vec4 v0x2c2a7e70_0, 0, 3;
    %jmp T_4.6;
T_4.2 ;
    %pushi/vec4 3, 0, 3;
    %store/vec4 v0x2c2a7e70_0, 0, 3;
    %jmp T_4.6;
T_4.3 ;
    %load/vec4 v0x2c2a7840_0;
    %flag_set/vec4 8;
    %jmp/0xz  T_4.9, 8;
    %pushi/vec4 4, 0, 3;
    %store/vec4 v0x2c2a7e70_0, 0, 3;
    %jmp T_4.10;
T_4.9 ;
    %pushi/vec4 2, 0, 3;
    %store/vec4 v0x2c2a7e70_0, 0, 3;
T_4.10 ;
    %jmp T_4.6;
T_4.4 ;
    %load/vec4 v0x2c2a7a40_0;
    %cmpi/e 15, 0, 4;
    %jmp/0xz  T_4.11, 4;
    %pushi/vec4 0, 0, 3;
    %store/vec4 v0x2c2a7e70_0, 0, 3;
    %jmp T_4.12;
T_4.11 ;
    %pushi/vec4 4, 0, 3;
    %store/vec4 v0x2c2a7e70_0, 0, 3;
T_4.12 ;
    %jmp T_4.6;
T_4.6 ;
    %pop/vec4 1;
    %jmp T_4;
    .thread T_4, $push;
    .scope S_0x2c2a72f0;
T_5 ;
    %wait E_0x2c287110;
    %pushi/vec4 0, 0, 1;
    %store/vec4 v0x2c2a7cf0_0, 0, 1;
    %pushi/vec4 0, 0, 1;
    %store/vec4 v0x2c2a7c30_0, 0, 1;
    %pushi/vec4 0, 0, 1;
    %store/vec4 v0x2c2a7db0_0, 0, 1;
    %pushi/vec4 0, 0, 1;
    %store/vec4 v0x2c2a79a0_0, 0, 1;
    %load/vec4 v0x2c2a8010_0;
    %dup/vec4;
    %pushi/vec4 0, 0, 3;
    %cmp/u;
    %jmp/1 T_5.0, 6;
    %dup/vec4;
    %pushi/vec4 1, 0, 3;
    %cmp/u;
    %jmp/1 T_5.1, 6;
    %dup/vec4;
    %pushi/vec4 2, 0, 3;
    %cmp/u;
    %jmp/1 T_5.2, 6;
    %dup/vec4;
    %pushi/vec4 3, 0, 3;
    %cmp/u;
    %jmp/1 T_5.3, 6;
    %dup/vec4;
    %pushi/vec4 4, 0, 3;
    %cmp/u;
    %jmp/1 T_5.4, 6;
    %jmp T_5.6;
T_5.0 ;
    %jmp T_5.6;
T_5.1 ;
    %jmp T_5.6;
T_5.2 ;
    %pushi/vec4 1, 0, 1;
    %store/vec4 v0x2c2a7cf0_0, 0, 1;
    %pushi/vec4 1, 0, 1;
    %store/vec4 v0x2c2a7c30_0, 0, 1;
    %pushi/vec4 1, 0, 1;
    %store/vec4 v0x2c2a7db0_0, 0, 1;
    %jmp T_5.6;
T_5.3 ;
    %jmp T_5.6;
T_5.4 ;
    %pushi/vec4 1, 0, 1;
    %store/vec4 v0x2c2a79a0_0, 0, 1;
    %jmp T_5.6;
T_5.6 ;
    %pop/vec4 1;
    %jmp T_5;
    .thread T_5, $push;
    .scope S_0x2c283760;
T_6 ;
    %pushi/vec4 0, 0, 1;
    %store/vec4 v0x2c2ab950_0, 0, 1;
T_6.0 ;
    %delay 10000, 0;
    %load/vec4 v0x2c2ab950_0;
    %inv;
    %store/vec4 v0x2c2ab950_0, 0, 1;
    %delay 10000, 0;
    %load/vec4 v0x2c2ab950_0;
    %inv;
    %store/vec4 v0x2c2ab950_0, 0, 1;
    %jmp T_6.0;
T_6.1 ;
    %end;
    .thread T_6;
    .scope S_0x2c283760;
T_7 ;
    %pushi/vec4 1, 0, 1;
    %store/vec4 v0x2c2abbd0_0, 0, 1;
    %pushi/vec4 0, 0, 1;
    %store/vec4 v0x2c2abae0_0, 0, 1;
    %pushi/vec4 123, 0, 32;
    %store/vec4 v0x2c2ab890_0, 0, 32;
    %delay 40000, 0;
    %pushi/vec4 0, 0, 1;
    %store/vec4 v0x2c2abbd0_0, 0, 1;
    %wait E_0x2c22f170;
    %pushi/vec4 1, 0, 1;
    %store/vec4 v0x2c2abae0_0, 0, 1;
    %wait E_0x2c22f170;
    %pushi/vec4 0, 0, 1;
    %store/vec4 v0x2c2abae0_0, 0, 1;
T_7.0 ;
    %load/vec4 v0x2c2ab9f0_0;
    %cmpi/ne 1, 0, 1;
    %jmp/0xz T_7.1, 6;
    %wait E_0x2c20b850;
    %jmp T_7.0;
T_7.1 ;
    %vpi_call 2 116 "$display", "=================================" {0 0 0};
    %vpi_call 2 117 "$display", "Binario = %d", v0x2c2ab890_0 {0 0 0};
    %vpi_call 2 119 "$display", "BCD[39:36] = %d", &PV<v0x2c2ab7b0_0, 36, 4> {0 0 0};
    %vpi_call 2 120 "$display", "BCD[35:32] = %d", &PV<v0x2c2ab7b0_0, 32, 4> {0 0 0};
    %vpi_call 2 121 "$display", "BCD[31:28] = %d", &PV<v0x2c2ab7b0_0, 28, 4> {0 0 0};
    %vpi_call 2 122 "$display", "BCD[27:24] = %d", &PV<v0x2c2ab7b0_0, 24, 4> {0 0 0};
    %vpi_call 2 123 "$display", "BCD[23:20] = %d", &PV<v0x2c2ab7b0_0, 20, 4> {0 0 0};
    %vpi_call 2 124 "$display", "BCD[19:16] = %d", &PV<v0x2c2ab7b0_0, 16, 4> {0 0 0};
    %vpi_call 2 125 "$display", "BCD[15:12] = %d", &PV<v0x2c2ab7b0_0, 12, 4> {0 0 0};
    %vpi_call 2 126 "$display", "BCD[11:8]  = %d", &PV<v0x2c2ab7b0_0, 8, 4> {0 0 0};
    %vpi_call 2 127 "$display", "BCD[7:4]   = %d", &PV<v0x2c2ab7b0_0, 4, 4> {0 0 0};
    %vpi_call 2 128 "$display", "BCD[3:0]   = %d", &PV<v0x2c2ab7b0_0, 0, 4> {0 0 0};
    %vpi_call 2 130 "$display", "=================================" {0 0 0};
    %delay 50000, 0;
    %vpi_call 2 138 "$finish" {0 0 0};
    %end;
    .thread T_7;
    .scope S_0x2c283760;
T_8 ;
    %vpi_call 2 150 "$dumpfile", "BCD_TOP_TB.vcd" {0 0 0};
    %vpi_call 2 151 "$dumpvars", 32'sb00000000000000000000000000000000, S_0x2c283760 {0 0 0};
    %end;
    .thread T_8;
# The file index is used to find the file name in the following table.
:file_names 13;
    "N/A";
    "<interactive>";
    "BCD_TOP_TB.v";
    "BCD_Top.v";
    "Add3._BCD.v";
    "Check_i.v";
    "Conc_BCD.v";
    "Control_BCD.v";
    "Reg_B.v";
    "Reg_BCD.v";
    "Rest_i.v";
    "Reg_i.v";
    "SHT_B.v";
# EOF
